set global seed to 5408
====== Params Pre-analysis =======
args:  Namespace(audio_feature='chinese-hubert-large-UTT', batch_size=32, dataset='MER2023', debug=False, dropout=0.4, e2e_dim=None, e2e_name=None, epochs=100, feat_scale=1, feat_type='utt', gpu=0, grad_clip=-1.0, hidden_dim=128, hyper_path='/root/autodl-tmp/MERTools-master/MERBench/logs/attention_grid_repeat_c/hparams/cand01_hd128_do0.4_lr0.001.yaml', l2=1e-05, lr=0.001, lr_adjust='case1', model='attention', n_classes=None, num_workers=0, print_iters=100000000.0, save_iters=100000000.0, save_root='./saved_grid_repeat_c/cand01_hd128_do0.4_lr0.001/rep02-trimodal', savemodel=False, seed=5408, test_dataset=None, text_feature='Baichuan-13B-Base-UTT', train_dataset=None, video_feature='clip-vit-large-patch14-UTT')
====== Reading Data =======
train: sample number 3373
audio feature root: /root/autodl-tmp/MERTools-master/MERBench/dataset/mer2023-dataset-process/features/chinese-hubert-large-UTT

  0%|          | 0/3373 [00:00<?, ?it/s]
 16%|█▌        | 527/3373 [00:00<00:00, 5245.83it/s]
 31%|███       | 1052/3373 [00:00<00:00, 2527.22it/s]
 41%|████      | 1377/3373 [00:00<00:00, 2588.53it/s]
 50%|████▉     | 1678/3373 [00:00<00:00, 2699.62it/s]
 59%|█████▊    | 1978/3373 [00:00<00:00, 2760.69it/s]
 67%|██████▋   | 2275/3373 [00:00<00:00, 2786.05it/s]
 77%|███████▋  | 2594/3373 [00:00<00:00, 2901.87it/s]
 86%|████████▌ | 2896/3373 [00:01<00:00, 2426.68it/s]
 94%|█████████▎| 3158/3373 [00:01<00:00, 2463.15it/s]
100%|██████████| 3373/3373 [00:01<00:00, 2638.99it/s]
Input feature chinese-hubert-large-UTT ===> dim is (1, 1024)

  0%|          | 0/3373 [00:00<?, ?it/s]
 13%|█▎        | 426/3373 [00:00<00:00, 4252.94it/s]
 27%|██▋       | 912/3373 [00:00<00:00, 4608.20it/s]
 41%|████      | 1373/3373 [00:00<00:00, 4089.57it/s]
 53%|█████▎    | 1789/3373 [00:00<00:00, 3152.78it/s]
 63%|██████▎   | 2130/3373 [00:00<00:00, 3103.14it/s]
 73%|███████▎  | 2456/3373 [00:00<00:00, 2606.04it/s]
 81%|████████  | 2735/3373 [00:00<00:00, 2519.86it/s]
 89%|████████▉ | 2999/3373 [00:01<00:00, 2462.62it/s]
 96%|█████████▋| 3253/3373 [00:01<00:00, 2088.92it/s]
100%|██████████| 3373/3373 [00:01<00:00, 2749.04it/s]
Input feature Baichuan-13B-Base-UTT ===> dim is (1, 5120)

  0%|          | 0/3373 [00:00<?, ?it/s]
 14%|█▎        | 463/3373 [00:00<00:01, 2898.69it/s]
 23%|██▎       | 789/3373 [00:00<00:00, 3017.80it/s]
 34%|███▍      | 1156/3373 [00:00<00:00, 3269.77it/s]
 44%|████▍     | 1488/3373 [00:00<00:00, 3201.41it/s]
 54%|█████▍    | 1834/3373 [00:00<00:00, 3287.96it/s]
 66%|██████▌   | 2229/3373 [00:00<00:00, 3498.02it/s]
 77%|███████▋  | 2582/3373 [00:00<00:00, 3506.65it/s]
 87%|████████▋ | 2935/3373 [00:00<00:00, 2733.35it/s]
 96%|█████████▌| 3234/3373 [00:01<00:00, 2771.49it/s]
100%|██████████| 3373/3373 [00:01<00:00, 3111.19it/s]
Input feature clip-vit-large-patch14-UTT ===> dim is (1, 768)
test1: sample number 411
audio feature root: /root/autodl-tmp/MERTools-master/MERBench/dataset/mer2023-dataset-process/features/chinese-hubert-large-UTT

  0%|          | 0/411 [00:00<?, ?it/s]
100%|██████████| 411/411 [00:00<00:00, 4531.88it/s]
Input feature chinese-hubert-large-UTT ===> dim is (1, 1024)

  0%|          | 0/411 [00:00<?, ?it/s]
 76%|███████▌  | 313/411 [00:00<00:00, 3125.02it/s]
100%|██████████| 411/411 [00:00<00:00, 2282.15it/s]
Input feature Baichuan-13B-Base-UTT ===> dim is (1, 5120)

  0%|          | 0/411 [00:00<?, ?it/s]
100%|██████████| 411/411 [00:00<00:00, 15159.07it/s]
Input feature clip-vit-large-patch14-UTT ===> dim is (1, 768)
test2: sample number 412
audio feature root: /root/autodl-tmp/MERTools-master/MERBench/dataset/mer2023-dataset-process/features/chinese-hubert-large-UTT

  0%|          | 0/412 [00:00<?, ?it/s]
100%|██████████| 412/412 [00:00<00:00, 4252.01it/s]
Input feature chinese-hubert-large-UTT ===> dim is (1, 1024)

  0%|          | 0/412 [00:00<?, ?it/s]
 61%|██████    | 251/412 [00:00<00:00, 2502.95it/s]
100%|██████████| 412/412 [00:00<00:00, 2348.83it/s]
Input feature Baichuan-13B-Base-UTT ===> dim is (1, 5120)

  0%|          | 0/412 [00:00<?, ?it/s]
100%|██████████| 412/412 [00:00<00:00, 14092.41it/s]
Input feature clip-vit-large-patch14-UTT ===> dim is (1, 768)
test3: sample number 834
audio feature root: /root/autodl-tmp/MERTools-master/MERBench/dataset/mer2023-dataset-process/features/chinese-hubert-large-UTT

  0%|          | 0/834 [00:00<?, ?it/s]
 44%|████▎     | 363/834 [00:00<00:00, 3625.18it/s]
 87%|████████▋ | 726/834 [00:00<00:00, 3507.25it/s]
100%|██████████| 834/834 [00:00<00:00, 3017.70it/s]
Input feature chinese-hubert-large-UTT ===> dim is (1, 1024)

  0%|          | 0/834 [00:00<?, ?it/s]
 61%|██████▏   | 511/834 [00:00<00:00, 5106.29it/s]
100%|██████████| 834/834 [00:00<00:00, 4389.29it/s]
Input feature Baichuan-13B-Base-UTT ===> dim is (1, 5120)

  0%|          | 0/834 [00:00<?, ?it/s]
 57%|█████▋    | 477/834 [00:00<00:00, 4764.95it/s]
100%|██████████| 834/834 [00:00<00:00, 4572.58it/s]
Input feature clip-vit-large-patch14-UTT ===> dim is (1, 768)
train&val folder:5; test sets:3
audio dimension: 1024; text dimension: 5120; video dimension: 768
====== Training and Evaluation =======
>>>>> Cross-validation: training on the 1 folder >>>>>
Step1: build model (each folder has its own model)
Step2: training (multiple epoches)
epoch:1; metric:emoval; train results:-0.1692; eval results:0.2231
epoch:2; metric:emoval; train results:0.3676; eval results:0.3610
epoch:3; metric:emoval; train results:0.4883; eval results:0.4520
epoch:4; metric:emoval; train results:0.5492; eval results:0.5098
epoch:5; metric:emoval; train results:0.6087; eval results:0.5135
epoch:6; metric:emoval; train results:0.6605; eval results:0.5437
epoch:7; metric:emoval; train results:0.6907; eval results:0.5416
epoch:8; metric:emoval; train results:0.6965; eval results:0.5125
epoch:9; metric:emoval; train results:0.7491; eval results:0.5614
epoch:10; metric:emoval; train results:0.7655; eval results:0.5525
epoch:11; metric:emoval; train results:0.7891; eval results:0.5510
epoch:12; metric:emoval; train results:0.7911; eval results:0.5247
epoch:13; metric:emoval; train results:0.8123; eval results:0.5637
epoch:14; metric:emoval; train results:0.8278; eval results:0.5419
epoch:15; metric:emoval; train results:0.8385; eval results:0.5467
epoch:16; metric:emoval; train results:0.8456; eval results:0.5408
epoch:17; metric:emoval; train results:0.8552; eval results:0.5495
epoch:18; metric:emoval; train results:0.8575; eval results:0.5646
epoch:19; metric:emoval; train results:0.8618; eval results:0.5708
epoch:20; metric:emoval; train results:0.8747; eval results:0.5175
epoch:21; metric:emoval; train results:0.8782; eval results:0.5406
epoch:22; metric:emoval; train results:0.8782; eval results:0.5184
epoch:23; metric:emoval; train results:0.8848; eval results:0.5297
epoch:24; metric:emoval; train results:0.8896; eval results:0.5413
epoch:25; metric:emoval; train results:0.8957; eval results:0.5513
epoch:26; metric:emoval; train results:0.8998; eval results:0.5361
epoch:27; metric:emoval; train results:0.9091; eval results:0.5392
epoch:28; metric:emoval; train results:0.8991; eval results:0.5123
epoch:29; metric:emoval; train results:0.9012; eval results:0.5503
epoch:30; metric:emoval; train results:0.9059; eval results:0.5339
epoch:31; metric:emoval; train results:0.9182; eval results:0.5216
epoch:32; metric:emoval; train results:0.9218; eval results:0.5367
epoch:33; metric:emoval; train results:0.9115; eval results:0.5289
epoch:34; metric:emoval; train results:0.9168; eval results:0.5372
epoch:35; metric:emoval; train results:0.9075; eval results:0.5152
epoch:36; metric:emoval; train results:0.9177; eval results:0.5486
epoch:37; metric:emoval; train results:0.9305; eval results:0.5688
epoch:38; metric:emoval; train results:0.9275; eval results:0.5319
epoch:39; metric:emoval; train results:0.9232; eval results:0.5268
epoch:40; metric:emoval; train results:0.9246; eval results:0.5325
epoch:41; metric:emoval; train results:0.9235; eval results:0.5472
epoch:42; metric:emoval; train results:0.9434; eval results:0.5495
epoch:43; metric:emoval; train results:0.9374; eval results:0.5268
epoch:44; metric:emoval; train results:0.9357; eval results:0.4776
epoch:45; metric:emoval; train results:0.9306; eval results:0.5546
epoch:46; metric:emoval; train results:0.9355; eval results:0.5128
epoch:47; metric:emoval; train results:0.9384; eval results:0.5644
epoch:48; metric:emoval; train results:0.9410; eval results:0.5585
epoch:49; metric:emoval; train results:0.9302; eval results:0.5293
epoch:50; metric:emoval; train results:0.9361; eval results:0.5676
epoch:51; metric:emoval; train results:0.9398; eval results:0.5610
epoch:52; metric:emoval; train results:0.9368; eval results:0.5364
epoch:53; metric:emoval; train results:0.9471; eval results:0.5210
epoch:54; metric:emoval; train results:0.9394; eval results:0.5317
epoch:55; metric:emoval; train results:0.9385; eval results:0.5329
epoch:56; metric:emoval; train results:0.9398; eval results:0.5623
epoch:57; metric:emoval; train results:0.9513; eval results:0.5686
epoch:58; metric:emoval; train results:0.9504; eval results:0.5170
epoch:59; metric:emoval; train results:0.9430; eval results:0.5067
epoch:60; metric:emoval; train results:0.9325; eval results:0.5389
epoch:61; metric:emoval; train results:0.9340; eval results:0.5134
epoch:62; metric:emoval; train results:0.9434; eval results:0.5443
epoch:63; metric:emoval; train results:0.9494; eval results:0.5319
epoch:64; metric:emoval; train results:0.9519; eval results:0.5290
epoch:65; metric:emoval; train results:0.9437; eval results:0.5520
epoch:66; metric:emoval; train results:0.9485; eval results:0.5323
epoch:67; metric:emoval; train results:0.9400; eval results:0.5244
epoch:68; metric:emoval; train results:0.9478; eval results:0.5528
epoch:69; metric:emoval; train results:0.9529; eval results:0.5006
epoch:70; metric:emoval; train results:0.9533; eval results:0.5464
epoch:71; metric:emoval; train results:0.9548; eval results:0.5333
epoch:72; metric:emoval; train results:0.9465; eval results:0.5357
epoch:73; metric:emoval; train results:0.9606; eval results:0.5607
epoch:74; metric:emoval; train results:0.9576; eval results:0.5366
epoch:75; metric:emoval; train results:0.9528; eval results:0.5546
epoch:76; metric:emoval; train results:0.9506; eval results:0.5453
epoch:77; metric:emoval; train results:0.9574; eval results:0.5386
epoch:78; metric:emoval; train results:0.9613; eval results:0.5601
epoch:79; metric:emoval; train results:0.9637; eval results:0.5382
epoch:80; metric:emoval; train results:0.9639; eval results:0.5475
epoch:81; metric:emoval; train results:0.9580; eval results:0.5315
epoch:82; metric:emoval; train results:0.9619; eval results:0.5374
epoch:83; metric:emoval; train results:0.9551; eval results:0.5265
epoch:84; metric:emoval; train results:0.9585; eval results:0.5228
epoch:85; metric:emoval; train results:0.9602; eval results:0.5151
epoch:86; metric:emoval; train results:0.9575; eval results:0.5298
epoch:87; metric:emoval; train results:0.9503; eval results:0.5169
epoch:88; metric:emoval; train results:0.9606; eval results:0.5381
epoch:89; metric:emoval; train results:0.9616; eval results:0.5267
epoch:90; metric:emoval; train results:0.9583; eval results:0.5241
epoch:91; metric:emoval; train results:0.9579; eval results:0.5555
epoch:92; metric:emoval; train results:0.9605; eval results:0.5117
epoch:93; metric:emoval; train results:0.9536; eval results:0.5171
epoch:94; metric:emoval; train results:0.9571; eval results:0.5493
epoch:95; metric:emoval; train results:0.9633; eval results:0.5436
epoch:96; metric:emoval; train results:0.9488; eval results:0.5291
epoch:97; metric:emoval; train results:0.9542; eval results:0.5229
epoch:98; metric:emoval; train results:0.9528; eval results:0.5225
epoch:99; metric:emoval; train results:0.9539; eval results:0.4841
epoch:100; metric:emoval; train results:0.9442; eval results:0.5468
Step3: saving and testing on the 1 folder
>>>>> Finish: training on the 1-th folder, best_index: 18, duration: 438.3133771419525 >>>>>
>>>>> Cross-validation: training on the 2 folder >>>>>
Step1: build model (each folder has its own model)
Step2: training (multiple epoches)
epoch:1; metric:emoval; train results:-0.3014; eval results:0.2909
epoch:2; metric:emoval; train results:0.3072; eval results:0.4202
epoch:3; metric:emoval; train results:0.4815; eval results:0.4084
epoch:4; metric:emoval; train results:0.5437; eval results:0.5175
epoch:5; metric:emoval; train results:0.5929; eval results:0.5295
epoch:6; metric:emoval; train results:0.6475; eval results:0.5656
epoch:7; metric:emoval; train results:0.6917; eval results:0.5056
epoch:8; metric:emoval; train results:0.6886; eval results:0.5440
epoch:9; metric:emoval; train results:0.7396; eval results:0.5979
epoch:10; metric:emoval; train results:0.7572; eval results:0.5332
epoch:11; metric:emoval; train results:0.7797; eval results:0.5935
epoch:12; metric:emoval; train results:0.7896; eval results:0.5534
epoch:13; metric:emoval; train results:0.8134; eval results:0.5634
epoch:14; metric:emoval; train results:0.8133; eval results:0.5621
epoch:15; metric:emoval; train results:0.7962; eval results:0.5544
epoch:16; metric:emoval; train results:0.8270; eval results:0.5605
epoch:17; metric:emoval; train results:0.8400; eval results:0.5745
epoch:18; metric:emoval; train results:0.8508; eval results:0.5850
epoch:19; metric:emoval; train results:0.8469; eval results:0.5643
epoch:20; metric:emoval; train results:0.8470; eval results:0.5953
epoch:21; metric:emoval; train results:0.8758; eval results:0.5894
epoch:22; metric:emoval; train results:0.8829; eval results:0.5581
epoch:23; metric:emoval; train results:0.8746; eval results:0.6022
epoch:24; metric:emoval; train results:0.8777; eval results:0.5802
epoch:25; metric:emoval; train results:0.8745; eval results:0.5800
epoch:26; metric:emoval; train results:0.8876; eval results:0.5876
epoch:27; metric:emoval; train results:0.8962; eval results:0.5739
epoch:28; metric:emoval; train results:0.9022; eval results:0.5794
epoch:29; metric:emoval; train results:0.8893; eval results:0.5577
epoch:30; metric:emoval; train results:0.8975; eval results:0.5860
epoch:31; metric:emoval; train results:0.9042; eval results:0.5970
epoch:32; metric:emoval; train results:0.9010; eval results:0.5976
epoch:33; metric:emoval; train results:0.9165; eval results:0.5669
epoch:34; metric:emoval; train results:0.9041; eval results:0.5661
epoch:35; metric:emoval; train results:0.9203; eval results:0.5845
epoch:36; metric:emoval; train results:0.9202; eval results:0.5683
epoch:37; metric:emoval; train results:0.9173; eval results:0.5893
epoch:38; metric:emoval; train results:0.9006; eval results:0.5702
epoch:39; metric:emoval; train results:0.9118; eval results:0.5645
epoch:40; metric:emoval; train results:0.9174; eval results:0.5671
epoch:41; metric:emoval; train results:0.9248; eval results:0.5829
epoch:42; metric:emoval; train results:0.9255; eval results:0.5578
epoch:43; metric:emoval; train results:0.9267; eval results:0.5960
epoch:44; metric:emoval; train results:0.9242; eval results:0.5820
epoch:45; metric:emoval; train results:0.9303; eval results:0.5424
epoch:46; metric:emoval; train results:0.9173; eval results:0.5680
epoch:47; metric:emoval; train results:0.9275; eval results:0.5806
epoch:48; metric:emoval; train results:0.8947; eval results:0.5274
epoch:49; metric:emoval; train results:0.9152; eval results:0.5652
epoch:50; metric:emoval; train results:0.9353; eval results:0.5814
epoch:51; metric:emoval; train results:0.9229; eval results:0.5455
epoch:52; metric:emoval; train results:0.9256; eval results:0.5579
epoch:53; metric:emoval; train results:0.9316; eval results:0.5689
epoch:54; metric:emoval; train results:0.9365; eval results:0.5540
epoch:55; metric:emoval; train results:0.9398; eval results:0.5614
epoch:56; metric:emoval; train results:0.9401; eval results:0.5500
epoch:57; metric:emoval; train results:0.9244; eval results:0.5776
epoch:58; metric:emoval; train results:0.9389; eval results:0.5562
epoch:59; metric:emoval; train results:0.9377; eval results:0.5668
epoch:60; metric:emoval; train results:0.9404; eval results:0.5837
epoch:61; metric:emoval; train results:0.9381; eval results:0.5819
epoch:62; metric:emoval; train results:0.9474; eval results:0.5545
epoch:63; metric:emoval; train results:0.9441; eval results:0.5614
epoch:64; metric:emoval; train results:0.9474; eval results:0.5714
epoch:65; metric:emoval; train results:0.9458; eval results:0.5557
epoch:66; metric:emoval; train results:0.9424; eval results:0.5428
epoch:67; metric:emoval; train results:0.9435; eval results:0.5732
epoch:68; metric:emoval; train results:0.9466; eval results:0.5794
epoch:69; metric:emoval; train results:0.9494; eval results:0.5763
epoch:70; metric:emoval; train results:0.9461; eval results:0.5726
epoch:71; metric:emoval; train results:0.9428; eval results:0.5692
epoch:72; metric:emoval; train results:0.9476; eval results:0.5831
epoch:73; metric:emoval; train results:0.9410; eval results:0.5438
epoch:74; metric:emoval; train results:0.9377; eval results:0.5886
epoch:75; metric:emoval; train results:0.9591; eval results:0.5889
epoch:76; metric:emoval; train results:0.9499; eval results:0.5748
epoch:77; metric:emoval; train results:0.9452; eval results:0.5647
epoch:78; metric:emoval; train results:0.9563; eval results:0.5572
epoch:79; metric:emoval; train results:0.9500; eval results:0.5793
epoch:80; metric:emoval; train results:0.9492; eval results:0.5623
epoch:81; metric:emoval; train results:0.9453; eval results:0.5792
epoch:82; metric:emoval; train results:0.9482; eval results:0.5729
epoch:83; metric:emoval; train results:0.9486; eval results:0.5631
epoch:84; metric:emoval; train results:0.9539; eval results:0.5808
epoch:85; metric:emoval; train results:0.9465; eval results:0.5863
epoch:86; metric:emoval; train results:0.9573; eval results:0.5766
epoch:87; metric:emoval; train results:0.9439; eval results:0.5560
epoch:88; metric:emoval; train results:0.9533; eval results:0.5287
epoch:89; metric:emoval; train results:0.9543; eval results:0.5742
epoch:90; metric:emoval; train results:0.9529; eval results:0.5690
epoch:91; metric:emoval; train results:0.9529; eval results:0.5614
epoch:92; metric:emoval; train results:0.9533; eval results:0.5668
epoch:93; metric:emoval; train results:0.9595; eval results:0.5619
epoch:94; metric:emoval; train results:0.9540; eval results:0.5724
epoch:95; metric:emoval; train results:0.9484; eval results:0.5784
epoch:96; metric:emoval; train results:0.9540; eval results:0.5478
epoch:97; metric:emoval; train results:0.9462; eval results:0.5933
epoch:98; metric:emoval; train results:0.9545; eval results:0.5840
epoch:99; metric:emoval; train results:0.9585; eval results:0.5691
epoch:100; metric:emoval; train results:0.9554; eval results:0.5761
Step3: saving and testing on the 2 folder
>>>>> Finish: training on the 2-th folder, best_index: 22, duration: 436.10089921951294 >>>>>
>>>>> Cross-validation: training on the 3 folder >>>>>
Step1: build model (each folder has its own model)
Step2: training (multiple epoches)
epoch:1; metric:emoval; train results:-0.1466; eval results:0.2427
epoch:2; metric:emoval; train results:0.3299; eval results:0.3982
epoch:3; metric:emoval; train results:0.4319; eval results:0.4028
epoch:4; metric:emoval; train results:0.5367; eval results:0.5512
epoch:5; metric:emoval; train results:0.5645; eval results:0.5180
epoch:6; metric:emoval; train results:0.6141; eval results:0.5770
epoch:7; metric:emoval; train results:0.6720; eval results:0.5071
epoch:8; metric:emoval; train results:0.7110; eval results:0.5535
epoch:9; metric:emoval; train results:0.7189; eval results:0.5454
epoch:10; metric:emoval; train results:0.7480; eval results:0.5540
epoch:11; metric:emoval; train results:0.7729; eval results:0.5725
epoch:12; metric:emoval; train results:0.7772; eval results:0.5528
epoch:13; metric:emoval; train results:0.7942; eval results:0.5442
epoch:14; metric:emoval; train results:0.8076; eval results:0.5625
epoch:15; metric:emoval; train results:0.8231; eval results:0.5698
epoch:16; metric:emoval; train results:0.8311; eval results:0.5562
epoch:17; metric:emoval; train results:0.8290; eval results:0.5503
epoch:18; metric:emoval; train results:0.8460; eval results:0.5475
epoch:19; metric:emoval; train results:0.8565; eval results:0.5794
epoch:20; metric:emoval; train results:0.8729; eval results:0.5639
epoch:21; metric:emoval; train results:0.8720; eval results:0.5281
epoch:22; metric:emoval; train results:0.8737; eval results:0.5578
epoch:23; metric:emoval; train results:0.8708; eval results:0.5729
epoch:24; metric:emoval; train results:0.8801; eval results:0.5560
epoch:25; metric:emoval; train results:0.8901; eval results:0.5425
epoch:26; metric:emoval; train results:0.8745; eval results:0.5384
epoch:27; metric:emoval; train results:0.8821; eval results:0.5719
epoch:28; metric:emoval; train results:0.8854; eval results:0.5479
epoch:29; metric:emoval; train results:0.8923; eval results:0.5634
epoch:30; metric:emoval; train results:0.9108; eval results:0.5698
epoch:31; metric:emoval; train results:0.9046; eval results:0.5679
epoch:32; metric:emoval; train results:0.9127; eval results:0.5867
epoch:33; metric:emoval; train results:0.9138; eval results:0.5608
epoch:34; metric:emoval; train results:0.9099; eval results:0.5690
epoch:35; metric:emoval; train results:0.9152; eval results:0.5675
epoch:36; metric:emoval; train results:0.9134; eval results:0.5727
epoch:37; metric:emoval; train results:0.9069; eval results:0.5943
epoch:38; metric:emoval; train results:0.9256; eval results:0.5842
epoch:39; metric:emoval; train results:0.9277; eval results:0.5905
epoch:40; metric:emoval; train results:0.9142; eval results:0.5589
epoch:41; metric:emoval; train results:0.9208; eval results:0.5803
epoch:42; metric:emoval; train results:0.9237; eval results:0.5645
epoch:43; metric:emoval; train results:0.9170; eval results:0.5407
epoch:44; metric:emoval; train results:0.9294; eval results:0.5545
epoch:45; metric:emoval; train results:0.9302; eval results:0.5738
epoch:46; metric:emoval; train results:0.9257; eval results:0.5617
epoch:47; metric:emoval; train results:0.9237; eval results:0.5405
epoch:48; metric:emoval; train results:0.9308; eval results:0.5530
epoch:49; metric:emoval; train results:0.9292; eval results:0.5615
epoch:50; metric:emoval; train results:0.9362; eval results:0.5124
epoch:51; metric:emoval; train results:0.9318; eval results:0.6002
epoch:52; metric:emoval; train results:0.9363; eval results:0.5752
epoch:53; metric:emoval; train results:0.9405; eval results:0.5617
epoch:54; metric:emoval; train results:0.9328; eval results:0.5844
epoch:55; metric:emoval; train results:0.9391; eval results:0.5653
epoch:56; metric:emoval; train results:0.9407; eval results:0.5653
epoch:57; metric:emoval; train results:0.9464; eval results:0.5580
epoch:58; metric:emoval; train results:0.9442; eval results:0.5861
epoch:59; metric:emoval; train results:0.9370; eval results:0.5711
epoch:60; metric:emoval; train results:0.9408; eval results:0.5707
epoch:61; metric:emoval; train results:0.9455; eval results:0.5752
epoch:62; metric:emoval; train results:0.9431; eval results:0.5650
epoch:63; metric:emoval; train results:0.9469; eval results:0.5897
epoch:64; metric:emoval; train results:0.9410; eval results:0.5710
epoch:65; metric:emoval; train results:0.9460; eval results:0.5782
epoch:66; metric:emoval; train results:0.9469; eval results:0.5433
epoch:67; metric:emoval; train results:0.9367; eval results:0.5685
epoch:68; metric:emoval; train results:0.9348; eval results:0.5717
epoch:69; metric:emoval; train results:0.9507; eval results:0.5585
epoch:70; metric:emoval; train results:0.9572; eval results:0.5546
epoch:71; metric:emoval; train results:0.9551; eval results:0.5762
epoch:72; metric:emoval; train results:0.9483; eval results:0.5491
epoch:73; metric:emoval; train results:0.9414; eval results:0.5563
epoch:74; metric:emoval; train results:0.9401; eval results:0.5697
epoch:75; metric:emoval; train results:0.9501; eval results:0.5743
epoch:76; metric:emoval; train results:0.9544; eval results:0.5623
epoch:77; metric:emoval; train results:0.9611; eval results:0.5699
epoch:78; metric:emoval; train results:0.9567; eval results:0.5509
epoch:79; metric:emoval; train results:0.9598; eval results:0.5653
epoch:80; metric:emoval; train results:0.9493; eval results:0.5844
epoch:81; metric:emoval; train results:0.9556; eval results:0.5679
epoch:82; metric:emoval; train results:0.9584; eval results:0.5428
epoch:83; metric:emoval; train results:0.9421; eval results:0.5777
epoch:84; metric:emoval; train results:0.9376; eval results:0.5406
epoch:85; metric:emoval; train results:0.9566; eval results:0.5835
epoch:86; metric:emoval; train results:0.9489; eval results:0.5761
epoch:87; metric:emoval; train results:0.9444; eval results:0.5696
epoch:88; metric:emoval; train results:0.9448; eval results:0.5925
epoch:89; metric:emoval; train results:0.9412; eval results:0.5572
epoch:90; metric:emoval; train results:0.9495; eval results:0.5786
epoch:91; metric:emoval; train results:0.9592; eval results:0.5717
epoch:92; metric:emoval; train results:0.9520; eval results:0.5615
epoch:93; metric:emoval; train results:0.9562; eval results:0.5824
epoch:94; metric:emoval; train results:0.9583; eval results:0.5637
epoch:95; metric:emoval; train results:0.9600; eval results:0.5622
epoch:96; metric:emoval; train results:0.9532; eval results:0.5755
epoch:97; metric:emoval; train results:0.9548; eval results:0.5367
epoch:98; metric:emoval; train results:0.9592; eval results:0.5540
epoch:99; metric:emoval; train results:0.9642; eval results:0.5707
epoch:100; metric:emoval; train results:0.9652; eval results:0.5694
Step3: saving and testing on the 3 folder
>>>>> Finish: training on the 3-th folder, best_index: 50, duration: 445.40498661994934 >>>>>
>>>>> Cross-validation: training on the 4 folder >>>>>
Step1: build model (each folder has its own model)
Step2: training (multiple epoches)
epoch:1; metric:emoval; train results:-0.2903; eval results:0.2162
epoch:2; metric:emoval; train results:0.2725; eval results:0.4399
epoch:3; metric:emoval; train results:0.3990; eval results:0.4926
epoch:4; metric:emoval; train results:0.4684; eval results:0.4517
epoch:5; metric:emoval; train results:0.5262; eval results:0.5138
epoch:6; metric:emoval; train results:0.5485; eval results:0.5818
epoch:7; metric:emoval; train results:0.5918; eval results:0.5465
epoch:8; metric:emoval; train results:0.6292; eval results:0.5875
epoch:9; metric:emoval; train results:0.6577; eval results:0.5584
epoch:10; metric:emoval; train results:0.6787; eval results:0.5674
epoch:11; metric:emoval; train results:0.7052; eval results:0.6231
epoch:12; metric:emoval; train results:0.7226; eval results:0.5470
epoch:13; metric:emoval; train results:0.7273; eval results:0.6003
epoch:14; metric:emoval; train results:0.7588; eval results:0.5810
epoch:15; metric:emoval; train results:0.7560; eval results:0.5677
epoch:16; metric:emoval; train results:0.7600; eval results:0.5787
epoch:17; metric:emoval; train results:0.7707; eval results:0.5924
epoch:18; metric:emoval; train results:0.7907; eval results:0.5722
epoch:19; metric:emoval; train results:0.7938; eval results:0.5560
epoch:20; metric:emoval; train results:0.8193; eval results:0.5925
epoch:21; metric:emoval; train results:0.8081; eval results:0.5298
epoch:22; metric:emoval; train results:0.7537; eval results:0.5984
epoch:23; metric:emoval; train results:0.7955; eval results:0.6083
epoch:24; metric:emoval; train results:0.8102; eval results:0.6158
epoch:25; metric:emoval; train results:0.8229; eval results:0.5912
epoch:26; metric:emoval; train results:0.8167; eval results:0.6119
epoch:27; metric:emoval; train results:0.8407; eval results:0.5339
epoch:28; metric:emoval; train results:0.8415; eval results:0.5837
epoch:29; metric:emoval; train results:0.8538; eval results:0.6039
epoch:30; metric:emoval; train results:0.8367; eval results:0.6034
epoch:31; metric:emoval; train results:0.8599; eval results:0.5439
epoch:32; metric:emoval; train results:0.8584; eval results:0.5840
epoch:33; metric:emoval; train results:0.8461; eval results:0.5843
epoch:34; metric:emoval; train results:0.8798; eval results:0.5863
epoch:35; metric:emoval; train results:0.8593; eval results:0.6106
epoch:36; metric:emoval; train results:0.8709; eval results:0.5672
epoch:37; metric:emoval; train results:0.8719; eval results:0.5735
epoch:38; metric:emoval; train results:0.8876; eval results:0.5572
epoch:39; metric:emoval; train results:0.8829; eval results:0.6068
epoch:40; metric:emoval; train results:0.8826; eval results:0.5951
epoch:41; metric:emoval; train results:0.8962; eval results:0.6064
epoch:42; metric:emoval; train results:0.8815; eval results:0.5751
epoch:43; metric:emoval; train results:0.8632; eval results:0.5907
epoch:44; metric:emoval; train results:0.8955; eval results:0.5740
epoch:45; metric:emoval; train results:0.9073; eval results:0.5833
epoch:46; metric:emoval; train results:0.9062; eval results:0.6162
epoch:47; metric:emoval; train results:0.9043; eval results:0.5854
epoch:48; metric:emoval; train results:0.9148; eval results:0.5985
epoch:49; metric:emoval; train results:0.9114; eval results:0.6067
epoch:50; metric:emoval; train results:0.8913; eval results:0.5796
epoch:51; metric:emoval; train results:0.9047; eval results:0.5878
epoch:52; metric:emoval; train results:0.9211; eval results:0.5931
epoch:53; metric:emoval; train results:0.9013; eval results:0.5939
epoch:54; metric:emoval; train results:0.9037; eval results:0.5762
epoch:55; metric:emoval; train results:0.9016; eval results:0.5906
epoch:56; metric:emoval; train results:0.9120; eval results:0.5797
epoch:57; metric:emoval; train results:0.9149; eval results:0.5912
epoch:58; metric:emoval; train results:0.9156; eval results:0.5679
epoch:59; metric:emoval; train results:0.9111; eval results:0.5769
epoch:60; metric:emoval; train results:0.9245; eval results:0.5902
epoch:61; metric:emoval; train results:0.9288; eval results:0.5962
epoch:62; metric:emoval; train results:0.8885; eval results:0.5678
epoch:63; metric:emoval; train results:0.9183; eval results:0.5782
epoch:64; metric:emoval; train results:0.9200; eval results:0.5570
epoch:65; metric:emoval; train results:0.9257; eval results:0.5889
epoch:66; metric:emoval; train results:0.9180; eval results:0.5779
epoch:67; metric:emoval; train results:0.9114; eval results:0.5668
epoch:68; metric:emoval; train results:0.9176; eval results:0.5653
epoch:69; metric:emoval; train results:0.9139; eval results:0.5585
epoch:70; metric:emoval; train results:0.9281; eval results:0.5620
epoch:71; metric:emoval; train results:0.9271; eval results:0.5533
epoch:72; metric:emoval; train results:0.9187; eval results:0.5542
epoch:73; metric:emoval; train results:0.9196; eval results:0.5755
epoch:74; metric:emoval; train results:0.9191; eval results:0.5882
epoch:75; metric:emoval; train results:0.9189; eval results:0.5944
epoch:76; metric:emoval; train results:0.9339; eval results:0.5648
epoch:77; metric:emoval; train results:0.9195; eval results:0.5873
epoch:78; metric:emoval; train results:0.9322; eval results:0.5999
epoch:79; metric:emoval; train results:0.9325; eval results:0.5817
epoch:80; metric:emoval; train results:0.9341; eval results:0.5703
epoch:81; metric:emoval; train results:0.9338; eval results:0.5717
epoch:82; metric:emoval; train results:0.9374; eval results:0.5733
epoch:83; metric:emoval; train results:0.9310; eval results:0.5822
epoch:84; metric:emoval; train results:0.9315; eval results:0.5874
epoch:85; metric:emoval; train results:0.9376; eval results:0.5848
epoch:86; metric:emoval; train results:0.9517; eval results:0.5976
epoch:87; metric:emoval; train results:0.9385; eval results:0.5846
