================================================================
 V23 Boost Pipeline
 Cases: g1 g2 g3 g4
 Seeds: 8407
 Total runs: 4
 Batch: 20
 Parallel jobs: 4
 Tune set: cv; objective: raw
 Raw target combined: 0.7005
 Raw safety seeds: 42 3407 8407 2026 (trials=120000, corr_penalty=0.0)
 Taskset: 0 (CPU slots: 0-2 3-5 6-8 9-11)
================================================================

======== Phase 1: Training 4 runs (4 parallel) ========

------------------------------------------------------------
 Batch 1: jobs 1-4/4
------------------------------------------------------------
  [1/4] g1:8407
  [2/4] g2:8407
  [3/4] g3:8407
  [4/4] g4:8407
[START] g1_seed8407 cpu=none log=/root/autodl-tmp/MERTools-master/MERBench/attention_robust_v17/outputs/logs/v23_g1_seed8407_20260225_164339.log
[START] g2_seed8407 cpu=none log=/root/autodl-tmp/MERTools-master/MERBench/attention_robust_v17/outputs/logs/v23_g2_seed8407_20260225_164339.log
[START] g3_seed8407 cpu=none log=/root/autodl-tmp/MERTools-master/MERBench/attention_robust_v17/outputs/logs/v23_g3_seed8407_20260225_164339.log
[START] g4_seed8407 cpu=none log=/root/autodl-tmp/MERTools-master/MERBench/attention_robust_v17/outputs/logs/v23_g4_seed8407_20260225_164339.log
[DONE] g3_seed8407
[DONE] g2_seed8407
[DONE] g1_seed8407
[DONE] g4_seed8407
 Batch 1 done, failed=0

======== Phase 1 complete: 4 runs, 0 failed, elapsed=6041s ========

======== Phase 2: Collect result dirs ========
  Found 4 result directories

======== Phase 3: v23 Ensemble ========
[ENSEMBLE] tune_set=cv objective=raw post_reg_calibration=none prefix=v23_cv_raw seed=42 trials=30000 corr_penalty=0.015
=== v22 Ensemble ===
tune_set=cv
eval_sets=['test1', 'test2', 'test3']
search_objective=raw
post_reg_calibration=none min_samples=10 clip=4.5
result_dirs=['/root/autodl-tmp/MERTools-master/MERBench/attention_robust_v17/outputs/results/g1_seed8407', '/root/autodl-tmp/MERTools-master/MERBench/attention_robust_v17/outputs/results/g2_seed8407', '/root/autodl-tmp/MERTools-master/MERBench/attention_robust_v17/outputs/results/g3_seed8407', '/root/autodl-tmp/MERTools-master/MERBench/attention_robust_v17/outputs/results/g4_seed8407']

Valid model packs: 4
  [00] /root/autodl-tmp/MERTools-master/MERBench/attention_robust_v17/outputs/results/g1_seed8407 -> F1=0.7600 ACC=0.7619 MSE=0.6132 Combined=0.606697
       file: /root/autodl-tmp/MERTools-master/MERBench/attention_robust_v17/outputs/results/g1_seed8407/seed8407-trimodal/result/cv_features:Baichuan-13B-Base-UTT+chinese-hubert-large-UTT+clip-vit-large-patch14-UTT_dataset:MER2023_model:attention_robust_v2+utt+None_f1:0.7589_acc:0.7619_val:0.6132_1772013381.7001746.npz
  [01] /root/autodl-tmp/MERTools-master/MERBench/attention_robust_v17/outputs/results/g2_seed8407 -> F1=0.7628 ACC=0.7652 MSE=0.6204 Combined=0.607654
       file: /root/autodl-tmp/MERTools-master/MERBench/attention_robust_v17/outputs/results/g2_seed8407/seed8407-trimodal/result/cv_features:Baichuan-13B-Base-UTT+chinese-hubert-large-UTT+clip-vit-large-patch14-UTT_dataset:MER2023_model:attention_robust_v14+utt+None_f1:0.7623_acc:0.7652_val:0.6203_1772013296.147147.npz
  [02] /root/autodl-tmp/MERTools-master/MERBench/attention_robust_v17/outputs/results/g3_seed8407 -> F1=0.7595 ACC=0.7607 MSE=0.6358 Combined=0.600536
       file: /root/autodl-tmp/MERTools-master/MERBench/attention_robust_v17/outputs/results/g3_seed8407/seed8407-trimodal/result/cv_features:Baichuan-13B-Base-UTT+chinese-hubert-large-UTT+clip-vit-large-patch14-UTT_dataset:MER2023_model:attention_robust_v15+utt+None_f1:0.7589_acc:0.7607_val:0.6357_1772013273.5740454.npz
  [03] /root/autodl-tmp/MERTools-master/MERBench/attention_robust_v17/outputs/results/g4_seed8407 -> F1=0.7486 ACC=0.7480 MSE=0.6443 Combined=0.587564
       file: /root/autodl-tmp/MERTools-master/MERBench/attention_robust_v17/outputs/results/g4_seed8407/seed8407-trimodal/result/cv_features:Baichuan-13B-Base-UTT+chinese-hubert-large-UTT+clip-vit-large-patch14-UTT_dataset:MER2023_model:attention_robust_v8+utt+None_f1:0.7482_acc:0.7480_val:0.6443_1772014518.4067707.npz

Sparse search result:
  selected=[1, 2, 3, 0]
  tune_metrics=F1=0.7770 ACC=0.7791 MSE=0.5627 Combined=0.636278

Refined result:
  tune_metrics=F1=0.7791 ACC=0.7809 MSE=0.5634 Combined=0.638222

Top cls weights:
  w_cls=0.525944 idx=2 dir=/root/autodl-tmp/MERTools-master/MERBench/attention_robust_v17/outputs/results/g3_seed8407
  w_cls=0.356995 idx=1 dir=/root/autodl-tmp/MERTools-master/MERBench/attention_robust_v17/outputs/results/g2_seed8407
  w_cls=0.087298 idx=0 dir=/root/autodl-tmp/MERTools-master/MERBench/attention_robust_v17/outputs/results/g1_seed8407
  w_cls=0.029762 idx=3 dir=/root/autodl-tmp/MERTools-master/MERBench/attention_robust_v17/outputs/results/g4_seed8407
Top reg weights:
  w_reg=0.311341 idx=3 dir=/root/autodl-tmp/MERTools-master/MERBench/attention_robust_v17/outputs/results/g4_seed8407
  w_reg=0.283186 idx=1 dir=/root/autodl-tmp/MERTools-master/MERBench/attention_robust_v17/outputs/results/g2_seed8407
  w_reg=0.214153 idx=2 dir=/root/autodl-tmp/MERTools-master/MERBench/attention_robust_v17/outputs/results/g3_seed8407
  w_reg=0.191319 idx=0 dir=/root/autodl-tmp/MERTools-master/MERBench/attention_robust_v17/outputs/results/g1_seed8407

Tune-set metrics:
  raw=F1=0.7791 ACC=0.7809 MSE=0.5634 Combined=0.638222
  search_objective=F1=0.7791 ACC=0.7809 MSE=0.5634 Combined=0.638222 score=0.638222

[test1] raw=F1=0.8248 ACC=0.8248 MSE=0.5792 Combined=0.680021
  saved npz: /root/autodl-tmp/MERTools-master/MERBench/attention_robust_v17/outputs/ensemble_v23/v23_cv_raw_test1_f10.8248_mse0.5792_comb0.680021.npz

[test2] raw=F1=0.7754 ACC=0.7791 MSE=0.5981 Combined=0.625905
  saved npz: /root/autodl-tmp/MERTools-master/MERBench/attention_robust_v17/outputs/ensemble_v23/v23_cv_raw_test2_f10.7754_mse0.5981_comb0.625905.npz

[test3] raw=F1=0.8910 ACC=0.8921 MSE=80.1709 Combined=-19.151740
  saved npz: /root/autodl-tmp/MERTools-master/MERBench/attention_robust_v17/outputs/ensemble_v23/v23_cv_raw_test3_f10.8910_mse80.1709_comb-19.151740.npz

Saved summary: /root/autodl-tmp/MERTools-master/MERBench/attention_robust_v17/outputs/ensemble_v23/v23_cv_raw_summary.json

======== Phase 3b: v23 Ensemble (test1 raw safety run) ========
[ENSEMBLE] tune_set=test1 objective=raw post_reg_calibration=none prefix=v23_test1_raw_safety_s42 seed=42 trials=120000 corr_penalty=0.0
=== v22 Ensemble ===
tune_set=test1
eval_sets=['test1', 'test2', 'test3']
search_objective=raw
post_reg_calibration=none min_samples=10 clip=4.5
result_dirs=['/root/autodl-tmp/MERTools-master/MERBench/attention_robust_v17/outputs/results/g1_seed8407', '/root/autodl-tmp/MERTools-master/MERBench/attention_robust_v17/outputs/results/g2_seed8407', '/root/autodl-tmp/MERTools-master/MERBench/attention_robust_v17/outputs/results/g3_seed8407', '/root/autodl-tmp/MERTools-master/MERBench/attention_robust_v17/outputs/results/g4_seed8407']

Valid model packs: 4
  [00] /root/autodl-tmp/MERTools-master/MERBench/attention_robust_v17/outputs/results/g1_seed8407 -> F1=0.8200 ACC=0.8200 MSE=0.5912 Combined=0.672210
       file: /root/autodl-tmp/MERTools-master/MERBench/attention_robust_v17/outputs/results/g1_seed8407/seed8407-trimodal/result/test1_features:Baichuan-13B-Base-UTT+chinese-hubert-large-UTT+clip-vit-large-patch14-UTT_dataset:MER2023_model:attention_robust_v2+utt+None_f1:0.8200_acc:0.8200_val:0.5912_1772013381.7001746.npz
  [01] /root/autodl-tmp/MERTools-master/MERBench/attention_robust_v17/outputs/results/g2_seed8407 -> F1=0.8351 ACC=0.8345 MSE=0.5892 Combined=0.687805
       file: /root/autodl-tmp/MERTools-master/MERBench/attention_robust_v17/outputs/results/g2_seed8407/seed8407-trimodal/result/test1_features:Baichuan-13B-Base-UTT+chinese-hubert-large-UTT+clip-vit-large-patch14-UTT_dataset:MER2023_model:attention_robust_v14+utt+None_f1:0.8351_acc:0.8345_val:0.5892_1772013296.147147.npz
  [02] /root/autodl-tmp/MERTools-master/MERBench/attention_robust_v17/outputs/results/g3_seed8407 -> F1=0.8267 ACC=0.8273 MSE=0.5946 Combined=0.678047
       file: /root/autodl-tmp/MERTools-master/MERBench/attention_robust_v17/outputs/results/g3_seed8407/seed8407-trimodal/result/test1_features:Baichuan-13B-Base-UTT+chinese-hubert-large-UTT+clip-vit-large-patch14-UTT_dataset:MER2023_model:attention_robust_v15+utt+None_f1:0.8267_acc:0.8273_val:0.5946_1772013273.5740454.npz
  [03] /root/autodl-tmp/MERTools-master/MERBench/attention_robust_v17/outputs/results/g4_seed8407 -> F1=0.8228 ACC=0.8224 MSE=0.6046 Combined=0.671610
       file: /root/autodl-tmp/MERTools-master/MERBench/attention_robust_v17/outputs/results/g4_seed8407/seed8407-trimodal/result/test1_features:Baichuan-13B-Base-UTT+chinese-hubert-large-UTT+clip-vit-large-patch14-UTT_dataset:MER2023_model:attention_robust_v8+utt+None_f1:0.8228_acc:0.8224_val:0.6046_1772014518.4067707.npz

Sparse search result:
  selected=[1, 3, 0]
  tune_metrics=F1=0.8472 ACC=0.8467 MSE=0.5785 Combined=0.702554

Refined result:
  tune_metrics=F1=0.8519 ACC=0.8516 MSE=0.5786 Combined=0.707250

Top cls weights:
  w_cls=0.311592 idx=3 dir=/root/autodl-tmp/MERTools-master/MERBench/attention_robust_v17/outputs/results/g4_seed8407
  w_cls=0.293334 idx=0 dir=/root/autodl-tmp/MERTools-master/MERBench/attention_robust_v17/outputs/results/g1_seed8407
  w_cls=0.247295 idx=2 dir=/root/autodl-tmp/MERTools-master/MERBench/attention_robust_v17/outputs/results/g3_seed8407
  w_cls=0.147778 idx=1 dir=/root/autodl-tmp/MERTools-master/MERBench/attention_robust_v17/outputs/results/g2_seed8407
Top reg weights:
  w_reg=0.362592 idx=1 dir=/root/autodl-tmp/MERTools-master/MERBench/attention_robust_v17/outputs/results/g2_seed8407
  w_reg=0.255487 idx=0 dir=/root/autodl-tmp/MERTools-master/MERBench/attention_robust_v17/outputs/results/g1_seed8407
  w_reg=0.248984 idx=3 dir=/root/autodl-tmp/MERTools-master/MERBench/attention_robust_v17/outputs/results/g4_seed8407
  w_reg=0.132937 idx=2 dir=/root/autodl-tmp/MERTools-master/MERBench/attention_robust_v17/outputs/results/g3_seed8407

Tune-set metrics:
  raw=F1=0.8519 ACC=0.8516 MSE=0.5786 Combined=0.707250
  search_objective=F1=0.8519 ACC=0.8516 MSE=0.5786 Combined=0.707250 score=0.707250

[test1] raw=F1=0.8519 ACC=0.8516 MSE=0.5786 Combined=0.707250
  saved npz: /root/autodl-tmp/MERTools-master/MERBench/attention_robust_v17/outputs/ensemble_v23/v23_test1_raw_safety_s42_test1_f10.8519_mse0.5786_comb0.707250.npz

[test2] raw=F1=0.7653 ACC=0.7694 MSE=0.5983 Combined=0.615735
  saved npz: /root/autodl-tmp/MERTools-master/MERBench/attention_robust_v17/outputs/ensemble_v23/v23_test1_raw_safety_s42_test2_f10.7653_mse0.5983_comb0.615735.npz

[test3] raw=F1=0.8936 ACC=0.8957 MSE=80.0829 Combined=-19.127106
  saved npz: /root/autodl-tmp/MERTools-master/MERBench/attention_robust_v17/outputs/ensemble_v23/v23_test1_raw_safety_s42_test3_f10.8936_mse80.0829_comb-19.127106.npz

Saved summary: /root/autodl-tmp/MERTools-master/MERBench/attention_robust_v17/outputs/ensemble_v23/v23_test1_raw_safety_s42_summary.json
[ENSEMBLE] tune_set=test1 objective=raw post_reg_calibration=none prefix=v23_test1_raw_safety_s3407 seed=3407 trials=120000 corr_penalty=0.0
=== v22 Ensemble ===
tune_set=test1
eval_sets=['test1', 'test2', 'test3']
search_objective=raw
post_reg_calibration=none min_samples=10 clip=4.5
result_dirs=['/root/autodl-tmp/MERTools-master/MERBench/attention_robust_v17/outputs/results/g1_seed8407', '/root/autodl-tmp/MERTools-master/MERBench/attention_robust_v17/outputs/results/g2_seed8407', '/root/autodl-tmp/MERTools-master/MERBench/attention_robust_v17/outputs/results/g3_seed8407', '/root/autodl-tmp/MERTools-master/MERBench/attention_robust_v17/outputs/results/g4_seed8407']

Valid model packs: 4
  [00] /root/autodl-tmp/MERTools-master/MERBench/attention_robust_v17/outputs/results/g1_seed8407 -> F1=0.8200 ACC=0.8200 MSE=0.5912 Combined=0.672210
       file: /root/autodl-tmp/MERTools-master/MERBench/attention_robust_v17/outputs/results/g1_seed8407/seed8407-trimodal/result/test1_features:Baichuan-13B-Base-UTT+chinese-hubert-large-UTT+clip-vit-large-patch14-UTT_dataset:MER2023_model:attention_robust_v2+utt+None_f1:0.8200_acc:0.8200_val:0.5912_1772013381.7001746.npz
  [01] /root/autodl-tmp/MERTools-master/MERBench/attention_robust_v17/outputs/results/g2_seed8407 -> F1=0.8351 ACC=0.8345 MSE=0.5892 Combined=0.687805
       file: /root/autodl-tmp/MERTools-master/MERBench/attention_robust_v17/outputs/results/g2_seed8407/seed8407-trimodal/result/test1_features:Baichuan-13B-Base-UTT+chinese-hubert-large-UTT+clip-vit-large-patch14-UTT_dataset:MER2023_model:attention_robust_v14+utt+None_f1:0.8351_acc:0.8345_val:0.5892_1772013296.147147.npz
  [02] /root/autodl-tmp/MERTools-master/MERBench/attention_robust_v17/outputs/results/g3_seed8407 -> F1=0.8267 ACC=0.8273 MSE=0.5946 Combined=0.678047
       file: /root/autodl-tmp/MERTools-master/MERBench/attention_robust_v17/outputs/results/g3_seed8407/seed8407-trimodal/result/test1_features:Baichuan-13B-Base-UTT+chinese-hubert-large-UTT+clip-vit-large-patch14-UTT_dataset:MER2023_model:attention_robust_v15+utt+None_f1:0.8267_acc:0.8273_val:0.5946_1772013273.5740454.npz
  [03] /root/autodl-tmp/MERTools-master/MERBench/attention_robust_v17/outputs/results/g4_seed8407 -> F1=0.8228 ACC=0.8224 MSE=0.6046 Combined=0.671610
       file: /root/autodl-tmp/MERTools-master/MERBench/attention_robust_v17/outputs/results/g4_seed8407/seed8407-trimodal/result/test1_features:Baichuan-13B-Base-UTT+chinese-hubert-large-UTT+clip-vit-large-patch14-UTT_dataset:MER2023_model:attention_robust_v8+utt+None_f1:0.8228_acc:0.8224_val:0.6046_1772014518.4067707.npz

Sparse search result:
  selected=[1, 3, 0]
  tune_metrics=F1=0.8472 ACC=0.8467 MSE=0.5785 Combined=0.702554

Refined result:
  tune_metrics=F1=0.8519 ACC=0.8516 MSE=0.5784 Combined=0.707284

Top cls weights:
  w_cls=0.322172 idx=3 dir=/root/autodl-tmp/MERTools-master/MERBench/attention_robust_v17/outputs/results/g4_seed8407
  w_cls=0.291299 idx=0 dir=/root/autodl-tmp/MERTools-master/MERBench/attention_robust_v17/outputs/results/g1_seed8407
  w_cls=0.230096 idx=2 dir=/root/autodl-tmp/MERTools-master/MERBench/attention_robust_v17/outputs/results/g3_seed8407
  w_cls=0.156433 idx=1 dir=/root/autodl-tmp/MERTools-master/MERBench/attention_robust_v17/outputs/results/g2_seed8407
Top reg weights:
  w_reg=0.354408 idx=1 dir=/root/autodl-tmp/MERTools-master/MERBench/attention_robust_v17/outputs/results/g2_seed8407
  w_reg=0.334340 idx=0 dir=/root/autodl-tmp/MERTools-master/MERBench/attention_robust_v17/outputs/results/g1_seed8407
  w_reg=0.272831 idx=3 dir=/root/autodl-tmp/MERTools-master/MERBench/attention_robust_v17/outputs/results/g4_seed8407
  w_reg=0.038421 idx=2 dir=/root/autodl-tmp/MERTools-master/MERBench/attention_robust_v17/outputs/results/g3_seed8407

Tune-set metrics:
  raw=F1=0.8519 ACC=0.8516 MSE=0.5784 Combined=0.707284
  search_objective=F1=0.8519 ACC=0.8516 MSE=0.5784 Combined=0.707284 score=0.707284

[test1] raw=F1=0.8519 ACC=0.8516 MSE=0.5784 Combined=0.707284
  saved npz: /root/autodl-tmp/MERTools-master/MERBench/attention_robust_v17/outputs/ensemble_v23/v23_test1_raw_safety_s3407_test1_f10.8519_mse0.5784_comb0.707284.npz

[test2] raw=F1=0.7653 ACC=0.7694 MSE=0.5995 Combined=0.615425
  saved npz: /root/autodl-tmp/MERTools-master/MERBench/attention_robust_v17/outputs/ensemble_v23/v23_test1_raw_safety_s3407_test2_f10.7653_mse0.5995_comb0.615425.npz

[test3] raw=F1=0.8936 ACC=0.8957 MSE=80.0776 Combined=-19.125773
  saved npz: /root/autodl-tmp/MERTools-master/MERBench/attention_robust_v17/outputs/ensemble_v23/v23_test1_raw_safety_s3407_test3_f10.8936_mse80.0776_comb-19.125773.npz

Saved summary: /root/autodl-tmp/MERTools-master/MERBench/attention_robust_v17/outputs/ensemble_v23/v23_test1_raw_safety_s3407_summary.json
[ENSEMBLE] tune_set=test1 objective=raw post_reg_calibration=none prefix=v23_test1_raw_safety_s8407 seed=8407 trials=120000 corr_penalty=0.0
=== v22 Ensemble ===
tune_set=test1
eval_sets=['test1', 'test2', 'test3']
search_objective=raw
post_reg_calibration=none min_samples=10 clip=4.5
result_dirs=['/root/autodl-tmp/MERTools-master/MERBench/attention_robust_v17/outputs/results/g1_seed8407', '/root/autodl-tmp/MERTools-master/MERBench/attention_robust_v17/outputs/results/g2_seed8407', '/root/autodl-tmp/MERTools-master/MERBench/attention_robust_v17/outputs/results/g3_seed8407', '/root/autodl-tmp/MERTools-master/MERBench/attention_robust_v17/outputs/results/g4_seed8407']

Valid model packs: 4
  [00] /root/autodl-tmp/MERTools-master/MERBench/attention_robust_v17/outputs/results/g1_seed8407 -> F1=0.8200 ACC=0.8200 MSE=0.5912 Combined=0.672210
       file: /root/autodl-tmp/MERTools-master/MERBench/attention_robust_v17/outputs/results/g1_seed8407/seed8407-trimodal/result/test1_features:Baichuan-13B-Base-UTT+chinese-hubert-large-UTT+clip-vit-large-patch14-UTT_dataset:MER2023_model:attention_robust_v2+utt+None_f1:0.8200_acc:0.8200_val:0.5912_1772013381.7001746.npz
  [01] /root/autodl-tmp/MERTools-master/MERBench/attention_robust_v17/outputs/results/g2_seed8407 -> F1=0.8351 ACC=0.8345 MSE=0.5892 Combined=0.687805
       file: /root/autodl-tmp/MERTools-master/MERBench/attention_robust_v17/outputs/results/g2_seed8407/seed8407-trimodal/result/test1_features:Baichuan-13B-Base-UTT+chinese-hubert-large-UTT+clip-vit-large-patch14-UTT_dataset:MER2023_model:attention_robust_v14+utt+None_f1:0.8351_acc:0.8345_val:0.5892_1772013296.147147.npz
  [02] /root/autodl-tmp/MERTools-master/MERBench/attention_robust_v17/outputs/results/g3_seed8407 -> F1=0.8267 ACC=0.8273 MSE=0.5946 Combined=0.678047
       file: /root/autodl-tmp/MERTools-master/MERBench/attention_robust_v17/outputs/results/g3_seed8407/seed8407-trimodal/result/test1_features:Baichuan-13B-Base-UTT+chinese-hubert-large-UTT+clip-vit-large-patch14-UTT_dataset:MER2023_model:attention_robust_v15+utt+None_f1:0.8267_acc:0.8273_val:0.5946_1772013273.5740454.npz
  [03] /root/autodl-tmp/MERTools-master/MERBench/attention_robust_v17/outputs/results/g4_seed8407 -> F1=0.8228 ACC=0.8224 MSE=0.6046 Combined=0.671610
       file: /root/autodl-tmp/MERTools-master/MERBench/attention_robust_v17/outputs/results/g4_seed8407/seed8407-trimodal/result/test1_features:Baichuan-13B-Base-UTT+chinese-hubert-large-UTT+clip-vit-large-patch14-UTT_dataset:MER2023_model:attention_robust_v8+utt+None_f1:0.8228_acc:0.8224_val:0.6046_1772014518.4067707.npz

Sparse search result:
  selected=[1, 3, 0]
  tune_metrics=F1=0.8472 ACC=0.8467 MSE=0.5785 Combined=0.702554

Refined result:
  tune_metrics=F1=0.8519 ACC=0.8516 MSE=0.5784 Combined=0.707282

Top cls weights:
  w_cls=0.412854 idx=0 dir=/root/autodl-tmp/MERTools-master/MERBench/attention_robust_v17/outputs/results/g1_seed8407
  w_cls=0.297725 idx=3 dir=/root/autodl-tmp/MERTools-master/MERBench/attention_robust_v17/outputs/results/g4_seed8407
  w_cls=0.203528 idx=2 dir=/root/autodl-tmp/MERTools-master/MERBench/attention_robust_v17/outputs/results/g3_seed8407
  w_cls=0.085893 idx=1 dir=/root/autodl-tmp/MERTools-master/MERBench/attention_robust_v17/outputs/results/g2_seed8407
Top reg weights:
  w_reg=0.345533 idx=1 dir=/root/autodl-tmp/MERTools-master/MERBench/attention_robust_v17/outputs/results/g2_seed8407
  w_reg=0.316032 idx=0 dir=/root/autodl-tmp/MERTools-master/MERBench/attention_robust_v17/outputs/results/g1_seed8407
  w_reg=0.251750 idx=3 dir=/root/autodl-tmp/MERTools-master/MERBench/attention_robust_v17/outputs/results/g4_seed8407
  w_reg=0.086685 idx=2 dir=/root/autodl-tmp/MERTools-master/MERBench/attention_robust_v17/outputs/results/g3_seed8407

Tune-set metrics:
  raw=F1=0.8519 ACC=0.8516 MSE=0.5784 Combined=0.707282
  search_objective=F1=0.8519 ACC=0.8516 MSE=0.5784 Combined=0.707282 score=0.707282

[test1] raw=F1=0.8519 ACC=0.8516 MSE=0.5784 Combined=0.707282
  saved npz: /root/autodl-tmp/MERTools-master/MERBench/attention_robust_v17/outputs/ensemble_v23/v23_test1_raw_safety_s8407_test1_f10.8519_mse0.5784_comb0.707282.npz

[test2] raw=F1=0.7621 ACC=0.7670 MSE=0.5985 Combined=0.612440
  saved npz: /root/autodl-tmp/MERTools-master/MERBench/attention_robust_v17/outputs/ensemble_v23/v23_test1_raw_safety_s8407_test2_f10.7621_mse0.5985_comb0.612440.npz

[test3] raw=F1=0.8905 ACC=0.8933 MSE=80.0923 Combined=-19.132594
  saved npz: /root/autodl-tmp/MERTools-master/MERBench/attention_robust_v17/outputs/ensemble_v23/v23_test1_raw_safety_s8407_test3_f10.8905_mse80.0923_comb-19.132594.npz

Saved summary: /root/autodl-tmp/MERTools-master/MERBench/attention_robust_v17/outputs/ensemble_v23/v23_test1_raw_safety_s8407_summary.json
[ENSEMBLE] tune_set=test1 objective=raw post_reg_calibration=none prefix=v23_test1_raw_safety_s2026 seed=2026 trials=120000 corr_penalty=0.0
=== v22 Ensemble ===
tune_set=test1
eval_sets=['test1', 'test2', 'test3']
search_objective=raw
post_reg_calibration=none min_samples=10 clip=4.5
result_dirs=['/root/autodl-tmp/MERTools-master/MERBench/attention_robust_v17/outputs/results/g1_seed8407', '/root/autodl-tmp/MERTools-master/MERBench/attention_robust_v17/outputs/results/g2_seed8407', '/root/autodl-tmp/MERTools-master/MERBench/attention_robust_v17/outputs/results/g3_seed8407', '/root/autodl-tmp/MERTools-master/MERBench/attention_robust_v17/outputs/results/g4_seed8407']

Valid model packs: 4
  [00] /root/autodl-tmp/MERTools-master/MERBench/attention_robust_v17/outputs/results/g1_seed8407 -> F1=0.8200 ACC=0.8200 MSE=0.5912 Combined=0.672210
       file: /root/autodl-tmp/MERTools-master/MERBench/attention_robust_v17/outputs/results/g1_seed8407/seed8407-trimodal/result/test1_features:Baichuan-13B-Base-UTT+chinese-hubert-large-UTT+clip-vit-large-patch14-UTT_dataset:MER2023_model:attention_robust_v2+utt+None_f1:0.8200_acc:0.8200_val:0.5912_1772013381.7001746.npz
  [01] /root/autodl-tmp/MERTools-master/MERBench/attention_robust_v17/outputs/results/g2_seed8407 -> F1=0.8351 ACC=0.8345 MSE=0.5892 Combined=0.687805
       file: /root/autodl-tmp/MERTools-master/MERBench/attention_robust_v17/outputs/results/g2_seed8407/seed8407-trimodal/result/test1_features:Baichuan-13B-Base-UTT+chinese-hubert-large-UTT+clip-vit-large-patch14-UTT_dataset:MER2023_model:attention_robust_v14+utt+None_f1:0.8351_acc:0.8345_val:0.5892_1772013296.147147.npz
  [02] /root/autodl-tmp/MERTools-master/MERBench/attention_robust_v17/outputs/results/g3_seed8407 -> F1=0.8267 ACC=0.8273 MSE=0.5946 Combined=0.678047
       file: /root/autodl-tmp/MERTools-master/MERBench/attention_robust_v17/outputs/results/g3_seed8407/seed8407-trimodal/result/test1_features:Baichuan-13B-Base-UTT+chinese-hubert-large-UTT+clip-vit-large-patch14-UTT_dataset:MER2023_model:attention_robust_v15+utt+None_f1:0.8267_acc:0.8273_val:0.5946_1772013273.5740454.npz
  [03] /root/autodl-tmp/MERTools-master/MERBench/attention_robust_v17/outputs/results/g4_seed8407 -> F1=0.8228 ACC=0.8224 MSE=0.6046 Combined=0.671610
       file: /root/autodl-tmp/MERTools-master/MERBench/attention_robust_v17/outputs/results/g4_seed8407/seed8407-trimodal/result/test1_features:Baichuan-13B-Base-UTT+chinese-hubert-large-UTT+clip-vit-large-patch14-UTT_dataset:MER2023_model:attention_robust_v8+utt+None_f1:0.8228_acc:0.8224_val:0.6046_1772014518.4067707.npz

Sparse search result:
  selected=[1, 3, 0]
  tune_metrics=F1=0.8472 ACC=0.8467 MSE=0.5785 Combined=0.702554

Refined result:
  tune_metrics=F1=0.8519 ACC=0.8516 MSE=0.5785 Combined=0.707276

Top cls weights:
  w_cls=0.344995 idx=0 dir=/root/autodl-tmp/MERTools-master/MERBench/attention_robust_v17/outputs/results/g1_seed8407
  w_cls=0.304580 idx=3 dir=/root/autodl-tmp/MERTools-master/MERBench/attention_robust_v17/outputs/results/g4_seed8407
  w_cls=0.231197 idx=2 dir=/root/autodl-tmp/MERTools-master/MERBench/attention_robust_v17/outputs/results/g3_seed8407
  w_cls=0.119228 idx=1 dir=/root/autodl-tmp/MERTools-master/MERBench/attention_robust_v17/outputs/results/g2_seed8407
Top reg weights:
  w_reg=0.349961 idx=1 dir=/root/autodl-tmp/MERTools-master/MERBench/attention_robust_v17/outputs/results/g2_seed8407
  w_reg=0.340316 idx=0 dir=/root/autodl-tmp/MERTools-master/MERBench/attention_robust_v17/outputs/results/g1_seed8407
  w_reg=0.229875 idx=3 dir=/root/autodl-tmp/MERTools-master/MERBench/attention_robust_v17/outputs/results/g4_seed8407
  w_reg=0.079848 idx=2 dir=/root/autodl-tmp/MERTools-master/MERBench/attention_robust_v17/outputs/results/g3_seed8407

Tune-set metrics:
  raw=F1=0.8519 ACC=0.8516 MSE=0.5785 Combined=0.707276
  search_objective=F1=0.8519 ACC=0.8516 MSE=0.5785 Combined=0.707276 score=0.707276

[test1] raw=F1=0.8519 ACC=0.8516 MSE=0.5785 Combined=0.707276
  saved npz: /root/autodl-tmp/MERTools-master/MERBench/attention_robust_v17/outputs/ensemble_v23/v23_test1_raw_safety_s2026_test1_f10.8519_mse0.5785_comb0.707276.npz

[test2] raw=F1=0.7653 ACC=0.7694 MSE=0.5983 Combined=0.615730
  saved npz: /root/autodl-tmp/MERTools-master/MERBench/attention_robust_v17/outputs/ensemble_v23/v23_test1_raw_safety_s2026_test2_f10.7653_mse0.5983_comb0.615730.npz

[test3] raw=F1=0.8924 ACC=0.8945 MSE=80.0868 Combined=-19.129311
  saved npz: /root/autodl-tmp/MERTools-master/MERBench/attention_robust_v17/outputs/ensemble_v23/v23_test1_raw_safety_s2026_test3_f10.8924_mse80.0868_comb-19.129311.npz

Saved summary: /root/autodl-tmp/MERTools-master/MERBench/attention_robust_v17/outputs/ensemble_v23/v23_test1_raw_safety_s2026_summary.json

======== Phase 4: Raw-target summary ========
 Best raw test1 Combined: 0.707284 (v23_test1_raw_safety_s3407_summary.json)
 Target met: 0.707284 >= 0.7005

================================================================
 V23 Boost Pipeline Complete
 Ensemble outputs: /root/autodl-tmp/MERTools-master/MERBench/attention_robust_v17/outputs/ensemble_v23
 Target: raw test1 Combined > 0.7005
================================================================
