candidate count: 1
repeats per candidate: 2
total runs: 2

====================================================================================================
running cand01_hd128_do0.3_lr0.0001_rep01
/root/miniconda3/bin/python -u main-release.py --model=attention_paper --dataset=MER2023 --feat_type=utt --audio_feature=chinese-hubert-large-UTT --text_feature=Baichuan-13B-Base-UTT --video_feature=clip-vit-large-patch14-UTT --hyper_path=/root/autodl-tmp/MERTools-master/MERBench/logs/attention_grid_repeat_paper_v2/hparams/cand01_hd128_do0.3_lr0.0001.yaml --l2=1e-05 --epochs=100 --batch_size=32 --num_workers=0 --gpu=0 --seed=7407 --save_root=./saved_grid_repeat_paper_v2/cand01_hd128_do0.3_lr0.0001/rep01
====================================================================================================
set global seed to 7407
====== Params Pre-analysis =======
args:  Namespace(audio_feature='chinese-hubert-large-UTT', batch_size=32, dataset='MER2023', debug=False, dropout=0.3, e2e_dim=None, e2e_name=None, epochs=100, feat_scale=1, feat_type='utt', gpu=0, grad_clip=-1.0, hidden_dim=128, hyper_path='/root/autodl-tmp/MERTools-master/MERBench/logs/attention_grid_repeat_paper_v2/hparams/cand01_hd128_do0.3_lr0.0001.yaml', l2=1e-05, lr=0.0001, lr_adjust='case1', model='attention_paper', n_classes=None, num_workers=0, print_iters=100000000.0, save_iters=100000000.0, save_root='./saved_grid_repeat_paper_v2/cand01_hd128_do0.3_lr0.0001/rep01-trimodal', savemodel=False, seed=7407, test_dataset=None, text_feature='Baichuan-13B-Base-UTT', train_dataset=None, video_feature='clip-vit-large-patch14-UTT')
====== Reading Data =======
train: sample number 3373
audio feature root: /root/autodl-tmp/MERTools-master/MERBench/dataset/mer2023-dataset-process/features/chinese-hubert-large-UTT

  0%|          | 0/3373 [00:00<?, ?it/s]
 12%|█▏        | 407/3373 [00:00<00:00, 4014.41it/s]
 24%|██▍       | 809/3373 [00:00<00:00, 3862.47it/s]
 35%|███▌      | 1196/3373 [00:00<00:00, 2762.55it/s]
 44%|████▍     | 1500/3373 [00:00<00:00, 2766.56it/s]
 53%|█████▎    | 1794/3373 [00:00<00:00, 2270.02it/s]
 61%|██████    | 2041/3373 [00:00<00:00, 2306.47it/s]
 68%|██████▊   | 2286/3373 [00:00<00:00, 2265.39it/s]
 75%|███████▍  | 2522/3373 [00:01<00:00, 2258.05it/s]
 82%|████████▏ | 2769/3373 [00:01<00:00, 2295.48it/s]
 90%|█████████ | 3039/3373 [00:01<00:00, 2397.07it/s]
100%|██████████| 3373/3373 [00:01<00:00, 2586.58it/s]
Input feature chinese-hubert-large-UTT ===> dim is (1, 1024)

  0%|          | 0/3373 [00:00<?, ?it/s]
  8%|▊         | 273/3373 [00:00<00:01, 2705.45it/s]
 16%|█▌        | 544/3373 [00:00<00:01, 2564.03it/s]
 24%|██▎       | 801/3373 [00:00<00:01, 1807.86it/s]
 30%|██▉       | 1001/3373 [00:00<00:01, 1828.89it/s]
 35%|███▌      | 1196/3373 [00:00<00:01, 1803.40it/s]
 41%|████      | 1384/3373 [00:00<00:01, 1489.07it/s]
 47%|████▋     | 1575/3373 [00:00<00:01, 1595.69it/s]
 52%|█████▏    | 1746/3373 [00:01<00:01, 1614.05it/s]
 58%|█████▊    | 1962/3373 [00:01<00:00, 1763.86it/s]
 64%|██████▍   | 2160/3373 [00:01<00:00, 1824.39it/s]
 70%|███████   | 2362/3373 [00:01<00:00, 1877.83it/s]
 76%|███████▌  | 2554/3373 [00:01<00:00, 1859.59it/s]
 81%|████████▏ | 2743/3373 [00:01<00:00, 1837.71it/s]
 88%|████████▊ | 2955/3373 [00:01<00:00, 1916.55it/s]
 93%|█████████▎| 3149/3373 [00:01<00:00, 1518.31it/s]
 98%|█████████▊| 3315/3373 [00:01<00:00, 1530.63it/s]
100%|██████████| 3373/3373 [00:01<00:00, 1751.25it/s]
Input feature Baichuan-13B-Base-UTT ===> dim is (1, 5120)

  0%|          | 0/3373 [00:00<?, ?it/s]
  7%|▋         | 244/3373 [00:00<00:02, 1499.15it/s]
 13%|█▎        | 454/3373 [00:00<00:01, 1716.79it/s]
 23%|██▎       | 771/3373 [00:00<00:01, 2282.91it/s]
 33%|███▎      | 1122/3373 [00:00<00:00, 2673.26it/s]
 44%|████▍     | 1481/3373 [00:00<00:00, 2938.36it/s]
 53%|█████▎    | 1788/3373 [00:00<00:00, 2944.27it/s]
 62%|██████▏   | 2088/3373 [00:00<00:00, 2903.03it/s]
 71%|███████   | 2382/3373 [00:00<00:00, 2346.19it/s]
 78%|███████▊  | 2635/3373 [00:01<00:00, 2337.67it/s]
 85%|████████▌ | 2881/3373 [00:01<00:00, 2362.22it/s]
 93%|█████████▎| 3126/3373 [00:01<00:00, 2338.98it/s]
100%|█████████▉| 3366/3373 [00:01<00:00, 1949.21it/s]
100%|██████████| 3373/3373 [00:01<00:00, 2302.70it/s]
Input feature clip-vit-large-patch14-UTT ===> dim is (1, 768)
test1: sample number 411
audio feature root: /root/autodl-tmp/MERTools-master/MERBench/dataset/mer2023-dataset-process/features/chinese-hubert-large-UTT

  0%|          | 0/411 [00:00<?, ?it/s]
 76%|███████▌  | 313/411 [00:00<00:00, 3125.70it/s]
100%|██████████| 411/411 [00:00<00:00, 2314.89it/s]
Input feature chinese-hubert-large-UTT ===> dim is (1, 1024)

  0%|          | 0/411 [00:00<?, ?it/s]
 39%|███▊      | 159/411 [00:00<00:00, 1586.97it/s]
 94%|█████████▎| 385/411 [00:00<00:00, 1982.18it/s]
100%|██████████| 411/411 [00:00<00:00, 2022.87it/s]
Input feature Baichuan-13B-Base-UTT ===> dim is (1, 5120)

  0%|          | 0/411 [00:00<?, ?it/s]
 87%|████████▋ | 357/411 [00:00<00:00, 3564.81it/s]
100%|██████████| 411/411 [00:00<00:00, 3948.94it/s]
Input feature clip-vit-large-patch14-UTT ===> dim is (1, 768)
test2: sample number 412
audio feature root: /root/autodl-tmp/MERTools-master/MERBench/dataset/mer2023-dataset-process/features/chinese-hubert-large-UTT

  0%|          | 0/412 [00:00<?, ?it/s]
 92%|█████████▏| 379/412 [00:00<00:00, 2329.89it/s]
100%|██████████| 412/412 [00:00<00:00, 2504.41it/s]
Input feature chinese-hubert-large-UTT ===> dim is (1, 1024)

  0%|          | 0/412 [00:00<?, ?it/s]
 40%|███▉      | 163/412 [00:00<00:00, 1011.50it/s]
100%|██████████| 412/412 [00:00<00:00, 2166.16it/s]
Input feature Baichuan-13B-Base-UTT ===> dim is (1, 5120)

  0%|          | 0/412 [00:00<?, ?it/s]
 91%|█████████ | 375/412 [00:00<00:00, 2184.58it/s]
100%|██████████| 412/412 [00:00<00:00, 2389.40it/s]
Input feature clip-vit-large-patch14-UTT ===> dim is (1, 768)
test3: sample number 834
audio feature root: /root/autodl-tmp/MERTools-master/MERBench/dataset/mer2023-dataset-process/features/chinese-hubert-large-UTT

  0%|          | 0/834 [00:00<?, ?it/s]
 52%|█████▏    | 432/834 [00:00<00:00, 2684.12it/s]
 92%|█████████▏| 767/834 [00:00<00:00, 2994.01it/s]
100%|██████████| 834/834 [00:00<00:00, 3055.27it/s]
Input feature chinese-hubert-large-UTT ===> dim is (1, 1024)

  0%|          | 0/834 [00:00<?, ?it/s]
 37%|███▋      | 309/834 [00:00<00:00, 1931.17it/s]
 62%|██████▏   | 519/834 [00:00<00:00, 1997.05it/s]
 90%|█████████ | 754/834 [00:00<00:00, 2120.42it/s]
100%|██████████| 834/834 [00:00<00:00, 2212.80it/s]
Input feature Baichuan-13B-Base-UTT ===> dim is (1, 5120)

  0%|          | 0/834 [00:00<?, ?it/s]
 30%|███       | 251/834 [00:00<00:00, 2471.49it/s]
 71%|███████   | 591/834 [00:00<00:00, 3010.56it/s]
100%|██████████| 834/834 [00:00<00:00, 2881.79it/s]
Input feature clip-vit-large-patch14-UTT ===> dim is (1, 768)
train&val folder:5; test sets:3
audio dimension: 1024; text dimension: 5120; video dimension: 768
====== Training and Evaluation =======
>>>>> Cross-validation: training on the 1 folder >>>>>
Step1: build model (each folder has its own model)
Step2: training (multiple epoches)
epoch:1; metric:emoval; train results:-0.3201; eval results:-0.2260
epoch:2; metric:emoval; train results:0.0305; eval results:0.1754
epoch:3; metric:emoval; train results:0.3169; eval results:0.3473
epoch:4; metric:emoval; train results:0.4205; eval results:0.3313
epoch:5; metric:emoval; train results:0.4561; eval results:0.4156
epoch:6; metric:emoval; train results:0.5359; eval results:0.4426
epoch:7; metric:emoval; train results:0.5872; eval results:0.4078
epoch:8; metric:emoval; train results:0.6235; eval results:0.4446
epoch:9; metric:emoval; train results:0.6386; eval results:0.4912
epoch:10; metric:emoval; train results:0.6722; eval results:0.4614
epoch:11; metric:emoval; train results:0.6807; eval results:0.4756
epoch:12; metric:emoval; train results:0.6976; eval results:0.4979
epoch:13; metric:emoval; train results:0.7490; eval results:0.4621
epoch:14; metric:emoval; train results:0.7530; eval results:0.5153
epoch:15; metric:emoval; train results:0.7735; eval results:0.5256
epoch:16; metric:emoval; train results:0.7870; eval results:0.5583
epoch:17; metric:emoval; train results:0.8039; eval results:0.4832
epoch:18; metric:emoval; train results:0.8098; eval results:0.5262
epoch:19; metric:emoval; train results:0.8226; eval results:0.4937
epoch:20; metric:emoval; train results:0.8174; eval results:0.4945
epoch:21; metric:emoval; train results:0.8397; eval results:0.5317
epoch:22; metric:emoval; train results:0.8573; eval results:0.5030
epoch:23; metric:emoval; train results:0.8554; eval results:0.5468
epoch:24; metric:emoval; train results:0.8595; eval results:0.5252
epoch:25; metric:emoval; train results:0.8658; eval results:0.5047
epoch:26; metric:emoval; train results:0.8677; eval results:0.5266
epoch:27; metric:emoval; train results:0.8781; eval results:0.5378
epoch:28; metric:emoval; train results:0.8862; eval results:0.5000
epoch:29; metric:emoval; train results:0.8952; eval results:0.5248
epoch:30; metric:emoval; train results:0.8911; eval results:0.5238
epoch:31; metric:emoval; train results:0.8934; eval results:0.5020
epoch:32; metric:emoval; train results:0.8926; eval results:0.5392
epoch:33; metric:emoval; train results:0.8987; eval results:0.5119
epoch:34; metric:emoval; train results:0.9056; eval results:0.5398
epoch:35; metric:emoval; train results:0.9124; eval results:0.5205
epoch:36; metric:emoval; train results:0.9146; eval results:0.5434
epoch:37; metric:emoval; train results:0.9134; eval results:0.5324
epoch:38; metric:emoval; train results:0.9133; eval results:0.5346
epoch:39; metric:emoval; train results:0.9236; eval results:0.5432
epoch:40; metric:emoval; train results:0.9152; eval results:0.4778
epoch:41; metric:emoval; train results:0.9118; eval results:0.5260
epoch:42; metric:emoval; train results:0.9245; eval results:0.5252
epoch:43; metric:emoval; train results:0.9277; eval results:0.5240
epoch:44; metric:emoval; train results:0.9258; eval results:0.4999
epoch:45; metric:emoval; train results:0.9324; eval results:0.5310
epoch:46; metric:emoval; train results:0.9271; eval results:0.4914
epoch:47; metric:emoval; train results:0.9413; eval results:0.5184
epoch:48; metric:emoval; train results:0.9408; eval results:0.5093
epoch:49; metric:emoval; train results:0.9402; eval results:0.5309
epoch:50; metric:emoval; train results:0.9369; eval results:0.4737
epoch:51; metric:emoval; train results:0.9345; eval results:0.5212
epoch:52; metric:emoval; train results:0.9396; eval results:0.5136
epoch:53; metric:emoval; train results:0.9421; eval results:0.5037
epoch:54; metric:emoval; train results:0.9455; eval results:0.5330
epoch:55; metric:emoval; train results:0.9397; eval results:0.5078
epoch:56; metric:emoval; train results:0.9424; eval results:0.5422
epoch:57; metric:emoval; train results:0.9476; eval results:0.5187
epoch:58; metric:emoval; train results:0.9438; eval results:0.5029
epoch:59; metric:emoval; train results:0.9454; eval results:0.5165
epoch:60; metric:emoval; train results:0.9507; eval results:0.5241
epoch:61; metric:emoval; train results:0.9488; eval results:0.5057
epoch:62; metric:emoval; train results:0.9551; eval results:0.5089
epoch:63; metric:emoval; train results:0.9521; eval results:0.5076
epoch:64; metric:emoval; train results:0.9550; eval results:0.4982
epoch:65; metric:emoval; train results:0.9531; eval results:0.5319
epoch:66; metric:emoval; train results:0.9517; eval results:0.5484
epoch:67; metric:emoval; train results:0.9565; eval results:0.5133
epoch:68; metric:emoval; train results:0.9477; eval results:0.5257
epoch:69; metric:emoval; train results:0.9529; eval results:0.5333
epoch:70; metric:emoval; train results:0.9573; eval results:0.5256
epoch:71; metric:emoval; train results:0.9536; eval results:0.4858
epoch:72; metric:emoval; train results:0.9551; eval results:0.5287
epoch:73; metric:emoval; train results:0.9584; eval results:0.5151
epoch:74; metric:emoval; train results:0.9628; eval results:0.5283
epoch:75; metric:emoval; train results:0.9642; eval results:0.5356
epoch:76; metric:emoval; train results:0.9604; eval results:0.5369
epoch:77; metric:emoval; train results:0.9617; eval results:0.5200
epoch:78; metric:emoval; train results:0.9646; eval results:0.5308
epoch:79; metric:emoval; train results:0.9583; eval results:0.5134
epoch:80; metric:emoval; train results:0.9529; eval results:0.5321
epoch:81; metric:emoval; train results:0.9654; eval results:0.5235
epoch:82; metric:emoval; train results:0.9593; eval results:0.5332
epoch:83; metric:emoval; train results:0.9597; eval results:0.5228
epoch:84; metric:emoval; train results:0.9680; eval results:0.5157
epoch:85; metric:emoval; train results:0.9623; eval results:0.5399
epoch:86; metric:emoval; train results:0.9679; eval results:0.5141
epoch:87; metric:emoval; train results:0.9696; eval results:0.5214
epoch:88; metric:emoval; train results:0.9736; eval results:0.5317
epoch:89; metric:emoval; train results:0.9709; eval results:0.5453
epoch:90; metric:emoval; train results:0.9585; eval results:0.5198
epoch:91; metric:emoval; train results:0.9635; eval results:0.4631
epoch:92; metric:emoval; train results:0.9638; eval results:0.4804
epoch:93; metric:emoval; train results:0.9723; eval results:0.5371
epoch:94; metric:emoval; train results:0.9689; eval results:0.5150
epoch:95; metric:emoval; train results:0.9656; eval results:0.5076
epoch:96; metric:emoval; train results:0.9617; eval results:0.5072
epoch:97; metric:emoval; train results:0.9738; eval results:0.4970
epoch:98; metric:emoval; train results:0.9702; eval results:0.5232
epoch:99; metric:emoval; train results:0.9729; eval results:0.5290
epoch:100; metric:emoval; train results:0.9717; eval results:0.5218
Step3: saving and testing on the 1 folder
>>>>> Finish: training on the 1-th folder, best_index: 15, duration: 398.97003507614136 >>>>>
>>>>> Cross-validation: training on the 2 folder >>>>>
Step1: build model (each folder has its own model)
Step2: training (multiple epoches)
epoch:1; metric:emoval; train results:-0.3421; eval results:-0.1837
epoch:2; metric:emoval; train results:0.0266; eval results:0.1224
epoch:3; metric:emoval; train results:0.2460; eval results:0.3139
epoch:4; metric:emoval; train results:0.4028; eval results:0.3651
epoch:5; metric:emoval; train results:0.4562; eval results:0.3829
epoch:6; metric:emoval; train results:0.5002; eval results:0.4100
epoch:7; metric:emoval; train results:0.5263; eval results:0.3978
epoch:8; metric:emoval; train results:0.5676; eval results:0.4521
epoch:9; metric:emoval; train results:0.5984; eval results:0.4024
epoch:10; metric:emoval; train results:0.6201; eval results:0.4386
epoch:11; metric:emoval; train results:0.6506; eval results:0.4661
epoch:12; metric:emoval; train results:0.6697; eval results:0.4334
epoch:13; metric:emoval; train results:0.7106; eval results:0.4640
epoch:14; metric:emoval; train results:0.7314; eval results:0.4523
epoch:15; metric:emoval; train results:0.7413; eval results:0.4998
epoch:16; metric:emoval; train results:0.7425; eval results:0.4471
epoch:17; metric:emoval; train results:0.7654; eval results:0.4498
epoch:18; metric:emoval; train results:0.7865; eval results:0.4877
epoch:19; metric:emoval; train results:0.7960; eval results:0.4809
epoch:20; metric:emoval; train results:0.7940; eval results:0.5018
epoch:21; metric:emoval; train results:0.8299; eval results:0.4527
epoch:22; metric:emoval; train results:0.8288; eval results:0.4763
epoch:23; metric:emoval; train results:0.8544; eval results:0.4741
epoch:24; metric:emoval; train results:0.8370; eval results:0.4646
epoch:25; metric:emoval; train results:0.8603; eval results:0.4693
epoch:26; metric:emoval; train results:0.8607; eval results:0.4675
epoch:27; metric:emoval; train results:0.8716; eval results:0.4709
epoch:28; metric:emoval; train results:0.8774; eval results:0.4699
epoch:29; metric:emoval; train results:0.8832; eval results:0.4889
epoch:30; metric:emoval; train results:0.8930; eval results:0.4863
epoch:31; metric:emoval; train results:0.8906; eval results:0.4769
epoch:32; metric:emoval; train results:0.8860; eval results:0.4832
epoch:33; metric:emoval; train results:0.8954; eval results:0.4532
epoch:34; metric:emoval; train results:0.9025; eval results:0.4712
epoch:35; metric:emoval; train results:0.9027; eval results:0.4638
epoch:36; metric:emoval; train results:0.9101; eval results:0.4479
epoch:37; metric:emoval; train results:0.9151; eval results:0.4768
epoch:38; metric:emoval; train results:0.9220; eval results:0.4432
epoch:39; metric:emoval; train results:0.9215; eval results:0.4527
epoch:40; metric:emoval; train results:0.9117; eval results:0.4302
epoch:41; metric:emoval; train results:0.9168; eval results:0.4799
epoch:42; metric:emoval; train results:0.9190; eval results:0.4812
epoch:43; metric:emoval; train results:0.9249; eval results:0.4470
epoch:44; metric:emoval; train results:0.9199; eval results:0.4755
epoch:45; metric:emoval; train results:0.9237; eval results:0.4749
epoch:46; metric:emoval; train results:0.9248; eval results:0.4613
epoch:47; metric:emoval; train results:0.9278; eval results:0.4753
epoch:48; metric:emoval; train results:0.9300; eval results:0.4684
epoch:49; metric:emoval; train results:0.9361; eval results:0.4310
epoch:50; metric:emoval; train results:0.9391; eval results:0.4861
epoch:51; metric:emoval; train results:0.9412; eval results:0.4275
epoch:52; metric:emoval; train results:0.9281; eval results:0.4647
epoch:53; metric:emoval; train results:0.9312; eval results:0.4237
epoch:54; metric:emoval; train results:0.9395; eval results:0.4735
epoch:55; metric:emoval; train results:0.9416; eval results:0.4861
epoch:56; metric:emoval; train results:0.9410; eval results:0.4384
epoch:57; metric:emoval; train results:0.9479; eval results:0.4574
epoch:58; metric:emoval; train results:0.9502; eval results:0.4326
epoch:59; metric:emoval; train results:0.9428; eval results:0.4501
epoch:60; metric:emoval; train results:0.9474; eval results:0.4740
epoch:61; metric:emoval; train results:0.9415; eval results:0.4525
epoch:62; metric:emoval; train results:0.9456; eval results:0.4669
epoch:63; metric:emoval; train results:0.9539; eval results:0.4359
epoch:64; metric:emoval; train results:0.9519; eval results:0.4607
epoch:65; metric:emoval; train results:0.9488; eval results:0.4714
epoch:66; metric:emoval; train results:0.9498; eval results:0.4464
epoch:67; metric:emoval; train results:0.9533; eval results:0.4489
epoch:68; metric:emoval; train results:0.9499; eval results:0.4473
epoch:69; metric:emoval; train results:0.9541; eval results:0.4412
epoch:70; metric:emoval; train results:0.9524; eval results:0.4379
epoch:71; metric:emoval; train results:0.9591; eval results:0.4460
epoch:72; metric:emoval; train results:0.9550; eval results:0.4136
epoch:73; metric:emoval; train results:0.9588; eval results:0.4581
epoch:74; metric:emoval; train results:0.9587; eval results:0.4762
epoch:75; metric:emoval; train results:0.9611; eval results:0.4578
epoch:76; metric:emoval; train results:0.9578; eval results:0.4388
epoch:77; metric:emoval; train results:0.9653; eval results:0.4549
epoch:78; metric:emoval; train results:0.9613; eval results:0.4568
epoch:79; metric:emoval; train results:0.9635; eval results:0.4556
epoch:80; metric:emoval; train results:0.9628; eval results:0.4345
epoch:81; metric:emoval; train results:0.9570; eval results:0.4822
epoch:82; metric:emoval; train results:0.9667; eval results:0.4508
epoch:83; metric:emoval; train results:0.9688; eval results:0.4445
epoch:84; metric:emoval; train results:0.9633; eval results:0.4370
epoch:85; metric:emoval; train results:0.9604; eval results:0.4223
epoch:86; metric:emoval; train results:0.9521; eval results:0.4330
epoch:87; metric:emoval; train results:0.9636; eval results:0.4442
epoch:88; metric:emoval; train results:0.9700; eval results:0.4493
epoch:89; metric:emoval; train results:0.9704; eval results:0.4415
epoch:90; metric:emoval; train results:0.9647; eval results:0.4471
epoch:91; metric:emoval; train results:0.9714; eval results:0.4311
epoch:92; metric:emoval; train results:0.9715; eval results:0.4411
epoch:93; metric:emoval; train results:0.9719; eval results:0.4487
epoch:94; metric:emoval; train results:0.9760; eval results:0.4301
epoch:95; metric:emoval; train results:0.9712; eval results:0.4501
epoch:96; metric:emoval; train results:0.9687; eval results:0.4162
epoch:97; metric:emoval; train results:0.9691; eval results:0.4426
epoch:98; metric:emoval; train results:0.9728; eval results:0.4519
epoch:99; metric:emoval; train results:0.9652; eval results:0.4476
epoch:100; metric:emoval; train results:0.9731; eval results:0.4164
Step3: saving and testing on the 2 folder
>>>>> Finish: training on the 2-th folder, best_index: 19, duration: 395.99908351898193 >>>>>
>>>>> Cross-validation: training on the 3 folder >>>>>
Step1: build model (each folder has its own model)
Step2: training (multiple epoches)
epoch:1; metric:emoval; train results:-0.5760; eval results:-0.2764
epoch:2; metric:emoval; train results:-0.0955; eval results:0.0647
epoch:3; metric:emoval; train results:0.2028; eval results:0.2326
epoch:4; metric:emoval; train results:0.3660; eval results:0.2626
epoch:5; metric:emoval; train results:0.4236; eval results:0.3175
epoch:6; metric:emoval; train results:0.4946; eval results:0.3806
epoch:7; metric:emoval; train results:0.5446; eval results:0.4032
epoch:8; metric:emoval; train results:0.5846; eval results:0.3877
epoch:9; metric:emoval; train results:0.6144; eval results:0.3763
epoch:10; metric:emoval; train results:0.6563; eval results:0.3089
epoch:11; metric:emoval; train results:0.6583; eval results:0.4146
epoch:12; metric:emoval; train results:0.6947; eval results:0.3916
epoch:13; metric:emoval; train results:0.7083; eval results:0.4284
epoch:14; metric:emoval; train results:0.7403; eval results:0.4054
epoch:15; metric:emoval; train results:0.7495; eval results:0.3856
epoch:16; metric:emoval; train results:0.7721; eval results:0.3740
epoch:17; metric:emoval; train results:0.7651; eval results:0.3491
epoch:18; metric:emoval; train results:0.7877; eval results:0.3021
epoch:19; metric:emoval; train results:0.7997; eval results:0.4028
epoch:20; metric:emoval; train results:0.8094; eval results:0.3580
epoch:21; metric:emoval; train results:0.8263; eval results:0.3863
epoch:22; metric:emoval; train results:0.8321; eval results:0.3917
epoch:23; metric:emoval; train results:0.8486; eval results:0.4133
epoch:24; metric:emoval; train results:0.8383; eval results:0.3833
epoch:25; metric:emoval; train results:0.8689; eval results:0.3791
epoch:26; metric:emoval; train results:0.8722; eval results:0.3844
epoch:27; metric:emoval; train results:0.8734; eval results:0.3665
epoch:28; metric:emoval; train results:0.8766; eval results:0.3815
epoch:29; metric:emoval; train results:0.8816; eval results:0.3900
epoch:30; metric:emoval; train results:0.8839; eval results:0.3507
epoch:31; metric:emoval; train results:0.8901; eval results:0.3662
epoch:32; metric:emoval; train results:0.8932; eval results:0.4012
epoch:33; metric:emoval; train results:0.8926; eval results:0.3660
epoch:34; metric:emoval; train results:0.8928; eval results:0.3911
epoch:35; metric:emoval; train results:0.9029; eval results:0.3693
epoch:36; metric:emoval; train results:0.9054; eval results:0.3825
epoch:37; metric:emoval; train results:0.9046; eval results:0.3915
epoch:38; metric:emoval; train results:0.9181; eval results:0.3716
epoch:39; metric:emoval; train results:0.9202; eval results:0.3368
epoch:40; metric:emoval; train results:0.9222; eval results:0.3741
epoch:41; metric:emoval; train results:0.9264; eval results:0.3477
epoch:42; metric:emoval; train results:0.9214; eval results:0.3705
epoch:43; metric:emoval; train results:0.9272; eval results:0.3894
epoch:44; metric:emoval; train results:0.9302; eval results:0.3644
epoch:45; metric:emoval; train results:0.9349; eval results:0.3908
epoch:46; metric:emoval; train results:0.9382; eval results:0.3622
epoch:47; metric:emoval; train results:0.9306; eval results:0.3834
epoch:48; metric:emoval; train results:0.9399; eval results:0.3923
epoch:49; metric:emoval; train results:0.9368; eval results:0.3572
epoch:50; metric:emoval; train results:0.9344; eval results:0.3927
epoch:51; metric:emoval; train results:0.9388; eval results:0.3321
epoch:52; metric:emoval; train results:0.9391; eval results:0.3443
epoch:53; metric:emoval; train results:0.9451; eval results:0.3719
epoch:54; metric:emoval; train results:0.9352; eval results:0.3954
epoch:55; metric:emoval; train results:0.9478; eval results:0.3715
epoch:56; metric:emoval; train results:0.9531; eval results:0.3848
epoch:57; metric:emoval; train results:0.9453; eval results:0.3963
epoch:58; metric:emoval; train results:0.9479; eval results:0.3331
epoch:59; metric:emoval; train results:0.9537; eval results:0.3813
epoch:60; metric:emoval; train results:0.9547; eval results:0.3717
epoch:61; metric:emoval; train results:0.9490; eval results:0.3948
epoch:62; metric:emoval; train results:0.9528; eval results:0.3596
epoch:63; metric:emoval; train results:0.9566; eval results:0.3464
epoch:64; metric:emoval; train results:0.9489; eval results:0.3821
epoch:65; metric:emoval; train results:0.9497; eval results:0.3648
epoch:66; metric:emoval; train results:0.9578; eval results:0.3987
epoch:67; metric:emoval; train results:0.9547; eval results:0.3784
epoch:68; metric:emoval; train results:0.9562; eval results:0.3590
epoch:69; metric:emoval; train results:0.9565; eval results:0.3747
epoch:70; metric:emoval; train results:0.9538; eval results:0.3830
epoch:71; metric:emoval; train results:0.9609; eval results:0.3891
epoch:72; metric:emoval; train results:0.9623; eval results:0.3722
epoch:73; metric:emoval; train results:0.9618; eval results:0.3443
epoch:74; metric:emoval; train results:0.9575; eval results:0.3801
epoch:75; metric:emoval; train results:0.9594; eval results:0.3811
epoch:76; metric:emoval; train results:0.9623; eval results:0.4097
epoch:77; metric:emoval; train results:0.9652; eval results:0.3689
epoch:78; metric:emoval; train results:0.9672; eval results:0.3415
epoch:79; metric:emoval; train results:0.9651; eval results:0.3875
epoch:80; metric:emoval; train results:0.9655; eval results:0.3842
epoch:81; metric:emoval; train results:0.9676; eval results:0.3897
epoch:82; metric:emoval; train results:0.9622; eval results:0.3867
epoch:83; metric:emoval; train results:0.9633; eval results:0.3922
epoch:84; metric:emoval; train results:0.9645; eval results:0.3966
epoch:85; metric:emoval; train results:0.9686; eval results:0.3718
epoch:86; metric:emoval; train results:0.9694; eval results:0.4019
epoch:87; metric:emoval; train results:0.9616; eval results:0.3862
epoch:88; metric:emoval; train results:0.9699; eval results:0.3988
epoch:89; metric:emoval; train results:0.9689; eval results:0.3836
epoch:90; metric:emoval; train results:0.9684; eval results:0.3856
epoch:91; metric:emoval; train results:0.9712; eval results:0.3788
epoch:92; metric:emoval; train results:0.9674; eval results:0.3686
epoch:93; metric:emoval; train results:0.9675; eval results:0.3456
epoch:94; metric:emoval; train results:0.9708; eval results:0.3491
epoch:95; metric:emoval; train results:0.9704; eval results:0.3789
epoch:96; metric:emoval; train results:0.9725; eval results:0.3573
epoch:97; metric:emoval; train results:0.9732; eval results:0.3406
epoch:98; metric:emoval; train results:0.9710; eval results:0.3563
epoch:99; metric:emoval; train results:0.9737; eval results:0.3760
epoch:100; metric:emoval; train results:0.9759; eval results:0.3819
Step3: saving and testing on the 3 folder
>>>>> Finish: training on the 3-th folder, best_index: 12, duration: 404.309757232666 >>>>>
>>>>> Cross-validation: training on the 4 folder >>>>>
Step1: build model (each folder has its own model)
Step2: training (multiple epoches)
epoch:1; metric:emoval; train results:-0.2887; eval results:-0.0078
epoch:2; metric:emoval; train results:0.0831; eval results:0.3026
epoch:3; metric:emoval; train results:0.3349; eval results:0.4044
epoch:4; metric:emoval; train results:0.4335; eval results:0.4989
epoch:5; metric:emoval; train results:0.5002; eval results:0.5260
epoch:6; metric:emoval; train results:0.5614; eval results:0.5389
epoch:7; metric:emoval; train results:0.5803; eval results:0.4660
epoch:8; metric:emoval; train results:0.6282; eval results:0.5323
epoch:9; metric:emoval; train results:0.6564; eval results:0.5008
epoch:10; metric:emoval; train results:0.7008; eval results:0.5536
epoch:11; metric:emoval; train results:0.7212; eval results:0.4665
epoch:12; metric:emoval; train results:0.7262; eval results:0.5493
epoch:13; metric:emoval; train results:0.7462; eval results:0.5587
epoch:14; metric:emoval; train results:0.7594; eval results:0.5586
epoch:15; metric:emoval; train results:0.7907; eval results:0.5513
epoch:16; metric:emoval; train results:0.8011; eval results:0.5424
epoch:17; metric:emoval; train results:0.8178; eval results:0.5614
epoch:18; metric:emoval; train results:0.8166; eval results:0.5497
epoch:19; metric:emoval; train results:0.8386; eval results:0.5274
epoch:20; metric:emoval; train results:0.8488; eval results:0.5578
epoch:21; metric:emoval; train results:0.8553; eval results:0.5427
epoch:22; metric:emoval; train results:0.8713; eval results:0.5336
epoch:23; metric:emoval; train results:0.8777; eval results:0.5410
epoch:24; metric:emoval; train results:0.8705; eval results:0.5373
epoch:25; metric:emoval; train results:0.8775; eval results:0.5250
epoch:26; metric:emoval; train results:0.8916; eval results:0.5240
epoch:27; metric:emoval; train results:0.8960; eval results:0.5177
epoch:28; metric:emoval; train results:0.8986; eval results:0.5247
epoch:29; metric:emoval; train results:0.8947; eval results:0.5515
epoch:30; metric:emoval; train results:0.9077; eval results:0.5305
epoch:31; metric:emoval; train results:0.9097; eval results:0.5313
epoch:32; metric:emoval; train results:0.9077; eval results:0.5378
epoch:33; metric:emoval; train results:0.9114; eval results:0.5335
epoch:34; metric:emoval; train results:0.9091; eval results:0.5330
epoch:35; metric:emoval; train results:0.9070; eval results:0.5341
epoch:36; metric:emoval; train results:0.9236; eval results:0.5185
epoch:37; metric:emoval; train results:0.9180; eval results:0.5048
epoch:38; metric:emoval; train results:0.9227; eval results:0.5405
epoch:39; metric:emoval; train results:0.9263; eval results:0.4878
epoch:40; metric:emoval; train results:0.9302; eval results:0.5068
epoch:41; metric:emoval; train results:0.9300; eval results:0.4883
epoch:42; metric:emoval; train results:0.9347; eval results:0.4909
epoch:43; metric:emoval; train results:0.9410; eval results:0.4982
epoch:44; metric:emoval; train results:0.9234; eval results:0.5178
epoch:45; metric:emoval; train results:0.9374; eval results:0.5136
epoch:46; metric:emoval; train results:0.9390; eval results:0.5228
epoch:47; metric:emoval; train results:0.9380; eval results:0.4943
epoch:48; metric:emoval; train results:0.9413; eval results:0.5119
epoch:49; metric:emoval; train results:0.9349; eval results:0.5167
epoch:50; metric:emoval; train results:0.9501; eval results:0.4955
epoch:51; metric:emoval; train results:0.9436; eval results:0.4921
epoch:52; metric:emoval; train results:0.9452; eval results:0.5205
epoch:53; metric:emoval; train results:0.9413; eval results:0.5123
epoch:54; metric:emoval; train results:0.9484; eval results:0.5150
epoch:55; metric:emoval; train results:0.9498; eval results:0.5121
epoch:56; metric:emoval; train results:0.9414; eval results:0.4961
epoch:57; metric:emoval; train results:0.9462; eval results:0.4948
epoch:58; metric:emoval; train results:0.9440; eval results:0.5129
epoch:59; metric:emoval; train results:0.9522; eval results:0.5212
epoch:60; metric:emoval; train results:0.9506; eval results:0.4917
epoch:61; metric:emoval; train results:0.9512; eval results:0.4972
epoch:62; metric:emoval; train results:0.9565; eval results:0.5004
epoch:63; metric:emoval; train results:0.9589; eval results:0.5159
epoch:64; metric:emoval; train results:0.9611; eval results:0.5365
epoch:65; metric:emoval; train results:0.9626; eval results:0.5282
epoch:66; metric:emoval; train results:0.9621; eval results:0.5326
epoch:67; metric:emoval; train results:0.9590; eval results:0.5183
epoch:68; metric:emoval; train results:0.9563; eval results:0.4930
epoch:69; metric:emoval; train results:0.9564; eval results:0.5240
epoch:70; metric:emoval; train results:0.9584; eval results:0.4960
epoch:71; metric:emoval; train results:0.9622; eval results:0.5189
epoch:72; metric:emoval; train results:0.9670; eval results:0.5066
epoch:73; metric:emoval; train results:0.9650; eval results:0.5054
epoch:74; metric:emoval; train results:0.9615; eval results:0.5231
epoch:75; metric:emoval; train results:0.9593; eval results:0.5150
epoch:76; metric:emoval; train results:0.9652; eval results:0.5103
epoch:77; metric:emoval; train results:0.9662; eval results:0.4658
epoch:78; metric:emoval; train results:0.9631; eval results:0.4991
epoch:79; metric:emoval; train results:0.9732; eval results:0.5092
epoch:80; metric:emoval; train results:0.9659; eval results:0.5226
epoch:81; metric:emoval; train results:0.9694; eval results:0.5044
epoch:82; metric:emoval; train results:0.9695; eval results:0.5196
epoch:83; metric:emoval; train results:0.9730; eval results:0.5016
epoch:84; metric:emoval; train results:0.9734; eval results:0.4945
epoch:85; metric:emoval; train results:0.9687; eval results:0.4914
epoch:86; metric:emoval; train results:0.9705; eval results:0.5065
epoch:87; metric:emoval; train results:0.9693; eval results:0.5006
epoch:88; metric:emoval; train results:0.9676; eval results:0.5084
epoch:89; metric:emoval; train results:0.9661; eval results:0.4902
epoch:90; metric:emoval; train results:0.9708; eval results:0.5065
epoch:91; metric:emoval; train results:0.9720; eval results:0.5207
epoch:92; metric:emoval; train results:0.9742; eval results:0.4985
epoch:93; metric:emoval; train results:0.9753; eval results:0.4938
epoch:94; metric:emoval; train results:0.9696; eval results:0.4910
epoch:95; metric:emoval; train results:0.9671; eval results:0.5205
epoch:96; metric:emoval; train results:0.9659; eval results:0.5120
epoch:97; metric:emoval; train results:0.9722; eval results:0.5055
epoch:98; metric:emoval; train results:0.9630; eval results:0.4962
epoch:99; metric:emoval; train results:0.9707; eval results:0.5132
epoch:100; metric:emoval; train results:0.9730; eval results:0.5100
Step3: saving and testing on the 4 folder
>>>>> Finish: training on the 4-th folder, best_index: 16, duration: 393.2922854423523 >>>>>
>>>>> Cross-validation: training on the 5 folder >>>>>
Step1: build model (each folder has its own model)
Step2: training (multiple epoches)
epoch:1; metric:emoval; train results:-0.3477; eval results:-0.1754
epoch:2; metric:emoval; train results:0.0461; eval results:0.2309
epoch:3; metric:emoval; train results:0.2634; eval results:0.3602
epoch:4; metric:emoval; train results:0.3934; eval results:0.3965
epoch:5; metric:emoval; train results:0.4505; eval results:0.3780
epoch:6; metric:emoval; train results:0.5025; eval results:0.3112
epoch:7; metric:emoval; train results:0.5490; eval results:0.4437
epoch:8; metric:emoval; train results:0.5894; eval results:0.4537
epoch:9; metric:emoval; train results:0.6092; eval results:0.4560
epoch:10; metric:emoval; train results:0.6483; eval results:0.4750
epoch:11; metric:emoval; train results:0.6735; eval results:0.4641
epoch:12; metric:emoval; train results:0.6886; eval results:0.4642
epoch:13; metric:emoval; train results:0.7040; eval results:0.5027
epoch:14; metric:emoval; train results:0.7431; eval results:0.4509
epoch:15; metric:emoval; train results:0.7492; eval results:0.4895
epoch:16; metric:emoval; train results:0.7839; eval results:0.4344
epoch:17; metric:emoval; train results:0.7709; eval results:0.4110
epoch:18; metric:emoval; train results:0.7848; eval results:0.4069
epoch:19; metric:emoval; train results:0.8038; eval results:0.4837
epoch:20; metric:emoval; train results:0.8291; eval results:0.3939
epoch:21; metric:emoval; train results:0.8335; eval results:0.4240
epoch:22; metric:emoval; train results:0.8506; eval results:0.4131
epoch:23; metric:emoval; train results:0.8424; eval results:0.4591
epoch:24; metric:emoval; train results:0.8570; eval results:0.4312
epoch:25; metric:emoval; train results:0.8565; eval results:0.4261
epoch:26; metric:emoval; train results:0.8679; eval results:0.4770
epoch:27; metric:emoval; train results:0.8780; eval results:0.4709
epoch:28; metric:emoval; train results:0.8893; eval results:0.4800
epoch:29; metric:emoval; train results:0.8949; eval results:0.4556
epoch:30; metric:emoval; train results:0.8858; eval results:0.4706
epoch:31; metric:emoval; train results:0.8997; eval results:0.4400
epoch:32; metric:emoval; train results:0.9035; eval results:0.4661
epoch:33; metric:emoval; train results:0.9044; eval results:0.4472
epoch:34; metric:emoval; train results:0.9060; eval results:0.4614
epoch:35; metric:emoval; train results:0.9038; eval results:0.4510
epoch:36; metric:emoval; train results:0.9108; eval results:0.4468
epoch:37; metric:emoval; train results:0.9136; eval results:0.4455
epoch:38; metric:emoval; train results:0.9154; eval results:0.4546
epoch:39; metric:emoval; train results:0.9175; eval results:0.4656
epoch:40; metric:emoval; train results:0.9214; eval results:0.4491
epoch:41; metric:emoval; train results:0.9238; eval results:0.4400
epoch:42; metric:emoval; train results:0.9263; eval results:0.4489
epoch:43; metric:emoval; train results:0.9281; eval results:0.4480
epoch:44; metric:emoval; train results:0.9294; eval results:0.4502
epoch:45; metric:emoval; train results:0.9298; eval results:0.4543
epoch:46; metric:emoval; train results:0.9246; eval results:0.4478
epoch:47; metric:emoval; train results:0.9232; eval results:0.4644
epoch:48; metric:emoval; train results:0.9339; eval results:0.4372
epoch:49; metric:emoval; train results:0.9298; eval results:0.4162
epoch:50; metric:emoval; train results:0.9326; eval results:0.4556
epoch:51; metric:emoval; train results:0.9388; eval results:0.4587
epoch:52; metric:emoval; train results:0.9372; eval results:0.4599
epoch:53; metric:emoval; train results:0.9395; eval results:0.4721
epoch:54; metric:emoval; train results:0.9399; eval results:0.4514
epoch:55; metric:emoval; train results:0.9408; eval results:0.4624
epoch:56; metric:emoval; train results:0.9492; eval results:0.4525
epoch:57; metric:emoval; train results:0.9440; eval results:0.4283
epoch:58; metric:emoval; train results:0.9438; eval results:0.4466
epoch:59; metric:emoval; train results:0.9394; eval results:0.4438
epoch:60; metric:emoval; train results:0.9480; eval results:0.4483
epoch:61; metric:emoval; train results:0.9526; eval results:0.4651
epoch:62; metric:emoval; train results:0.9478; eval results:0.4569
epoch:63; metric:emoval; train results:0.9425; eval results:0.4570
epoch:64; metric:emoval; train results:0.9399; eval results:0.4572
epoch:65; metric:emoval; train results:0.9522; eval results:0.4585
epoch:66; metric:emoval; train results:0.9541; eval results:0.4362
epoch:67; metric:emoval; train results:0.9584; eval results:0.4378
epoch:68; metric:emoval; train results:0.9540; eval results:0.4570
epoch:69; metric:emoval; train results:0.9574; eval results:0.4581
epoch:70; metric:emoval; train results:0.9522; eval results:0.4274
epoch:71; metric:emoval; train results:0.9545; eval results:0.4607
epoch:72; metric:emoval; train results:0.9483; eval results:0.4540
epoch:73; metric:emoval; train results:0.9503; eval results:0.4516
epoch:74; metric:emoval; train results:0.9561; eval results:0.4577
epoch:75; metric:emoval; train results:0.9572; eval results:0.3883
epoch:76; metric:emoval; train results:0.9567; eval results:0.4623
epoch:77; metric:emoval; train results:0.9577; eval results:0.4657
epoch:78; metric:emoval; train results:0.9601; eval results:0.4440
epoch:79; metric:emoval; train results:0.9630; eval results:0.4419
epoch:80; metric:emoval; train results:0.9531; eval results:0.4752
epoch:81; metric:emoval; train results:0.9599; eval results:0.4468
epoch:82; metric:emoval; train results:0.9548; eval results:0.4532
epoch:83; metric:emoval; train results:0.9605; eval results:0.4314
epoch:84; metric:emoval; train results:0.9583; eval results:0.4485
epoch:85; metric:emoval; train results:0.9604; eval results:0.4625
epoch:86; metric:emoval; train results:0.9646; eval results:0.4471
epoch:87; metric:emoval; train results:0.9646; eval results:0.4520
epoch:88; metric:emoval; train results:0.9642; eval results:0.4520
epoch:89; metric:emoval; train results:0.9656; eval results:0.4482
epoch:90; metric:emoval; train results:0.9656; eval results:0.4577
epoch:91; metric:emoval; train results:0.9671; eval results:0.4404
epoch:92; metric:emoval; train results:0.9642; eval results:0.4631
epoch:93; metric:emoval; train results:0.9637; eval results:0.4443
epoch:94; metric:emoval; train results:0.9689; eval results:0.4512
epoch:95; metric:emoval; train results:0.9665; eval results:0.4599
epoch:96; metric:emoval; train results:0.9620; eval results:0.3734
epoch:97; metric:emoval; train results:0.9672; eval results:0.4446
epoch:98; metric:emoval; train results:0.9712; eval results:0.4420
epoch:99; metric:emoval; train results:0.9725; eval results:0.4527
epoch:100; metric:emoval; train results:0.9724; eval results:0.4299
Step3: saving and testing on the 5 folder
>>>>> Finish: training on the 5-th folder, best_index: 12, duration: 378.9975161552429 >>>>>
====== Prediction and Saving =======
save results in ./saved_grid_repeat_paper_v2/cand01_hd128_do0.3_lr0.0001/rep01-trimodal/result/cv_features:Baichuan-13B-Base-UTT+chinese-hubert-large-UTT+clip-vit-large-patch14-UTT_dataset:MER2023_model:attention_paper+utt+None_f1:0.6973_acc:0.7038_val:0.7471_1771810761.3671935.npz
save results in ./saved_grid_repeat_paper_v2/cand01_hd128_do0.3_lr0.0001/rep01-trimodal/result/test1_features:Baichuan-13B-Base-UTT+chinese-hubert-large-UTT+clip-vit-large-patch14-UTT_dataset:MER2023_model:attention_paper+utt+None_f1:0.7633_acc:0.7640_val:0.7030_1771810761.3671935.npz
save results in ./saved_grid_repeat_paper_v2/cand01_hd128_do0.3_lr0.0001/rep01-trimodal/result/test2_features:Baichuan-13B-Base-UTT+chinese-hubert-large-UTT+clip-vit-large-patch14-UTT_dataset:MER2023_model:attention_paper+utt+None_f1:0.7186_acc:0.7282_val:0.7303_1771810761.3671935.npz
save results in ./saved_grid_repeat_paper_v2/cand01_hd128_do0.3_lr0.0001/rep01-trimodal/result/test3_features:Baichuan-13B-Base-UTT+chinese-hubert-large-UTT+clip-vit-large-patch14-UTT_dataset:MER2023_model:attention_paper+utt+None_f1:0.8379_acc:0.8393_val:83.1361_1771810761.3671935.npz

====================================================================================================
running cand01_hd128_do0.3_lr0.0001_rep02
/root/miniconda3/bin/python -u main-release.py --model=attention_paper --dataset=MER2023 --feat_type=utt --audio_feature=chinese-hubert-large-UTT --text_feature=Baichuan-13B-Base-UTT --video_feature=clip-vit-large-patch14-UTT --hyper_path=/root/autodl-tmp/MERTools-master/MERBench/logs/attention_grid_repeat_paper_v2/hparams/cand01_hd128_do0.3_lr0.0001.yaml --l2=1e-05 --epochs=100 --batch_size=32 --num_workers=0 --gpu=0 --seed=7408 --save_root=./saved_grid_repeat_paper_v2/cand01_hd128_do0.3_lr0.0001/rep02
====================================================================================================
set global seed to 7408
====== Params Pre-analysis =======
args:  Namespace(audio_feature='chinese-hubert-large-UTT', batch_size=32, dataset='MER2023', debug=False, dropout=0.3, e2e_dim=None, e2e_name=None, epochs=100, feat_scale=1, feat_type='utt', gpu=0, grad_clip=-1.0, hidden_dim=128, hyper_path='/root/autodl-tmp/MERTools-master/MERBench/logs/attention_grid_repeat_paper_v2/hparams/cand01_hd128_do0.3_lr0.0001.yaml', l2=1e-05, lr=0.0001, lr_adjust='case1', model='attention_paper', n_classes=None, num_workers=0, print_iters=100000000.0, save_iters=100000000.0, save_root='./saved_grid_repeat_paper_v2/cand01_hd128_do0.3_lr0.0001/rep02-trimodal', savemodel=False, seed=7408, test_dataset=None, text_feature='Baichuan-13B-Base-UTT', train_dataset=None, video_feature='clip-vit-large-patch14-UTT')
====== Reading Data =======
train: sample number 3373
audio feature root: /root/autodl-tmp/MERTools-master/MERBench/dataset/mer2023-dataset-process/features/chinese-hubert-large-UTT

  0%|          | 0/3373 [00:00<?, ?it/s]
 14%|█▎        | 463/3373 [00:00<00:00, 4534.20it/s]
 27%|██▋       | 917/3373 [00:00<00:00, 2892.68it/s]
 37%|███▋      | 1239/3373 [00:00<00:00, 2343.28it/s]
 44%|████▍     | 1495/3373 [00:00<00:00, 2374.57it/s]
 52%|█████▏    | 1747/3373 [00:00<00:00, 2414.10it/s]
 62%|██████▏   | 2100/3373 [00:00<00:00, 2707.28it/s]
 75%|███████▍  | 2515/3373 [00:00<00:00, 3120.33it/s]
 84%|████████▍ | 2840/3373 [00:00<00:00, 3145.47it/s]
 94%|█████████▍| 3166/3373 [00:01<00:00, 3178.38it/s]
100%|██████████| 3373/3373 [00:01<00:00, 2872.46it/s]
Input feature chinese-hubert-large-UTT ===> dim is (1, 1024)

  0%|          | 0/3373 [00:00<?, ?it/s]
  8%|▊         | 267/3373 [00:00<00:01, 2662.44it/s]
 16%|█▌        | 534/3373 [00:00<00:01, 1737.83it/s]
 22%|██▏       | 726/3373 [00:00<00:01, 1700.15it/s]
 27%|██▋       | 906/3373 [00:00<00:01, 1397.70it/s]
 32%|███▏      | 1094/3373 [00:00<00:01, 1526.20it/s]
 39%|███▊      | 1300/3373 [00:00<00:01, 1672.10it/s]
 44%|████▍     | 1478/3373 [00:00<00:01, 1668.92it/s]
 49%|████▉     | 1652/3373 [00:01<00:01, 1632.81it/s]
 54%|█████▍    | 1820/3373 [00:01<00:00, 1628.72it/s]
 60%|██████    | 2038/3373 [00:01<00:00, 1785.90it/s]
 68%|██████▊   | 2283/3373 [00:01<00:00, 1972.20it/s]
 75%|███████▌  | 2546/3373 [00:01<00:00, 2163.50it/s]
 82%|████████▏ | 2766/3373 [00:01<00:00, 2163.41it/s]
 90%|█████████ | 3038/3373 [00:01<00:00, 2321.69it/s]
100%|██████████| 3373/3373 [00:01<00:00, 1975.61it/s]
Input feature Baichuan-13B-Base-UTT ===> dim is (1, 5120)

  0%|          | 0/3373 [00:00<?, ?it/s]
 17%|█▋        | 567/3373 [00:00<00:00, 5564.56it/s]
 33%|███▎      | 1124/3373 [00:00<00:00, 5370.32it/s]
 49%|████▉     | 1662/3373 [00:00<00:00, 4895.20it/s]
 64%|██████▍   | 2156/3373 [00:00<00:00, 4646.59it/s]
 78%|███████▊  | 2624/3373 [00:00<00:00, 3819.86it/s]
 90%|████████▉ | 3025/3373 [00:00<00:00, 3718.37it/s]
100%|██████████| 3373/3373 [00:00<00:00, 4121.73it/s]
Input feature clip-vit-large-patch14-UTT ===> dim is (1, 768)
test1: sample number 411
audio feature root: /root/autodl-tmp/MERTools-master/MERBench/dataset/mer2023-dataset-process/features/chinese-hubert-large-UTT

  0%|          | 0/411 [00:00<?, ?it/s]
100%|██████████| 411/411 [00:00<00:00, 4223.59it/s]
Input feature chinese-hubert-large-UTT ===> dim is (1, 1024)

  0%|          | 0/411 [00:00<?, ?it/s]
 98%|█████████▊| 402/411 [00:00<00:00, 3981.74it/s]
100%|██████████| 411/411 [00:00<00:00, 4040.11it/s]
Input feature Baichuan-13B-Base-UTT ===> dim is (1, 5120)

  0%|          | 0/411 [00:00<?, ?it/s]
100%|██████████| 411/411 [00:00<00:00, 5123.75it/s]
Input feature clip-vit-large-patch14-UTT ===> dim is (1, 768)
test2: sample number 412
audio feature root: /root/autodl-tmp/MERTools-master/MERBench/dataset/mer2023-dataset-process/features/chinese-hubert-large-UTT

  0%|          | 0/412 [00:00<?, ?it/s]
 87%|████████▋ | 358/412 [00:00<00:00, 3577.36it/s]
100%|██████████| 412/412 [00:00<00:00, 2520.08it/s]
Input feature chinese-hubert-large-UTT ===> dim is (1, 1024)

  0%|          | 0/412 [00:00<?, ?it/s]
 71%|███████   | 291/412 [00:00<00:00, 2900.56it/s]
100%|██████████| 412/412 [00:00<00:00, 3256.18it/s]
Input feature Baichuan-13B-Base-UTT ===> dim is (1, 5120)

  0%|          | 0/412 [00:00<?, ?it/s]
100%|██████████| 412/412 [00:00<00:00, 5302.34it/s]
Input feature clip-vit-large-patch14-UTT ===> dim is (1, 768)
test3: sample number 834
audio feature root: /root/autodl-tmp/MERTools-master/MERBench/dataset/mer2023-dataset-process/features/chinese-hubert-large-UTT

  0%|          | 0/834 [00:00<?, ?it/s]
 39%|███▉      | 326/834 [00:00<00:00, 2102.05it/s]
 75%|███████▍  | 624/834 [00:00<00:00, 2490.65it/s]
100%|██████████| 834/834 [00:00<00:00, 2852.74it/s]
Input feature chinese-hubert-large-UTT ===> dim is (1, 1024)

  0%|          | 0/834 [00:00<?, ?it/s]
 44%|████▍     | 367/834 [00:00<00:00, 2343.69it/s]
 88%|████████▊ | 736/834 [00:00<00:00, 2975.11it/s]
100%|██████████| 834/834 [00:00<00:00, 3101.92it/s]
Input feature Baichuan-13B-Base-UTT ===> dim is (1, 5120)

  0%|          | 0/834 [00:00<?, ?it/s]
 71%|███████   | 591/834 [00:00<00:00, 4116.41it/s]
100%|██████████| 834/834 [00:00<00:00, 5233.88it/s]
Input feature clip-vit-large-patch14-UTT ===> dim is (1, 768)
train&val folder:5; test sets:3
audio dimension: 1024; text dimension: 5120; video dimension: 768
====== Training and Evaluation =======
>>>>> Cross-validation: training on the 1 folder >>>>>
Step1: build model (each folder has its own model)
Step2: training (multiple epoches)
epoch:1; metric:emoval; train results:-0.3948; eval results:-0.1276
epoch:2; metric:emoval; train results:-0.0325; eval results:-0.0369
epoch:3; metric:emoval; train results:0.2979; eval results:0.3763
epoch:4; metric:emoval; train results:0.4287; eval results:0.4268
epoch:5; metric:emoval; train results:0.4944; eval results:0.4767
epoch:6; metric:emoval; train results:0.5324; eval results:0.4336
epoch:7; metric:emoval; train results:0.5745; eval results:0.5396
epoch:8; metric:emoval; train results:0.5767; eval results:0.5446
epoch:9; metric:emoval; train results:0.6523; eval results:0.5336
epoch:10; metric:emoval; train results:0.6690; eval results:0.5221
epoch:11; metric:emoval; train results:0.6944; eval results:0.5364
epoch:12; metric:emoval; train results:0.6950; eval results:0.5041
epoch:13; metric:emoval; train results:0.7290; eval results:0.5370
epoch:14; metric:emoval; train results:0.7373; eval results:0.5206
epoch:15; metric:emoval; train results:0.7545; eval results:0.5425
epoch:16; metric:emoval; train results:0.7553; eval results:0.5073
epoch:17; metric:emoval; train results:0.7846; eval results:0.5399
epoch:18; metric:emoval; train results:0.7907; eval results:0.5388
epoch:19; metric:emoval; train results:0.8001; eval results:0.4913
epoch:20; metric:emoval; train results:0.8059; eval results:0.4784
epoch:21; metric:emoval; train results:0.8169; eval results:0.5413
epoch:22; metric:emoval; train results:0.8262; eval results:0.4976
epoch:23; metric:emoval; train results:0.8363; eval results:0.5357
epoch:24; metric:emoval; train results:0.8482; eval results:0.5362
epoch:25; metric:emoval; train results:0.8427; eval results:0.5352
epoch:26; metric:emoval; train results:0.8623; eval results:0.4917
epoch:27; metric:emoval; train results:0.8695; eval results:0.5632
epoch:28; metric:emoval; train results:0.8728; eval results:0.5379
epoch:29; metric:emoval; train results:0.8781; eval results:0.5274
epoch:30; metric:emoval; train results:0.8791; eval results:0.5184
epoch:31; metric:emoval; train results:0.8879; eval results:0.5429
epoch:32; metric:emoval; train results:0.8952; eval results:0.5524
epoch:33; metric:emoval; train results:0.8846; eval results:0.5448
epoch:34; metric:emoval; train results:0.8976; eval results:0.5190
epoch:35; metric:emoval; train results:0.8981; eval results:0.5186
epoch:36; metric:emoval; train results:0.8995; eval results:0.5380
epoch:37; metric:emoval; train results:0.9098; eval results:0.5343
epoch:38; metric:emoval; train results:0.9089; eval results:0.5162
epoch:39; metric:emoval; train results:0.9002; eval results:0.5121
epoch:40; metric:emoval; train results:0.9088; eval results:0.5333
epoch:41; metric:emoval; train results:0.9181; eval results:0.5103
epoch:42; metric:emoval; train results:0.9153; eval results:0.5037
epoch:43; metric:emoval; train results:0.9123; eval results:0.5150
epoch:44; metric:emoval; train results:0.9216; eval results:0.4894
epoch:45; metric:emoval; train results:0.9291; eval results:0.5226
epoch:46; metric:emoval; train results:0.9254; eval results:0.4734
epoch:47; metric:emoval; train results:0.9253; eval results:0.5348
epoch:48; metric:emoval; train results:0.9303; eval results:0.4783
epoch:49; metric:emoval; train results:0.9327; eval results:0.4904
epoch:50; metric:emoval; train results:0.9370; eval results:0.5243
epoch:51; metric:emoval; train results:0.9324; eval results:0.5167
epoch:52; metric:emoval; train results:0.9389; eval results:0.5188
epoch:53; metric:emoval; train results:0.9424; eval results:0.4876
epoch:54; metric:emoval; train results:0.9421; eval results:0.5360
epoch:55; metric:emoval; train results:0.9422; eval results:0.5150
epoch:56; metric:emoval; train results:0.9440; eval results:0.5098
epoch:57; metric:emoval; train results:0.9436; eval results:0.5203
epoch:58; metric:emoval; train results:0.9491; eval results:0.5061
epoch:59; metric:emoval; train results:0.9474; eval results:0.5136
epoch:60; metric:emoval; train results:0.9367; eval results:0.5087
epoch:61; metric:emoval; train results:0.9481; eval results:0.5214
epoch:62; metric:emoval; train results:0.9501; eval results:0.5055
epoch:63; metric:emoval; train results:0.9551; eval results:0.5154
epoch:64; metric:emoval; train results:0.9517; eval results:0.5243
epoch:65; metric:emoval; train results:0.9539; eval results:0.5109
epoch:66; metric:emoval; train results:0.9418; eval results:0.5017
epoch:67; metric:emoval; train results:0.9524; eval results:0.5239
epoch:68; metric:emoval; train results:0.9554; eval results:0.5279
epoch:69; metric:emoval; train results:0.9550; eval results:0.4951
epoch:70; metric:emoval; train results:0.9562; eval results:0.5126
epoch:71; metric:emoval; train results:0.9376; eval results:0.5133
epoch:72; metric:emoval; train results:0.9590; eval results:0.4761
epoch:73; metric:emoval; train results:0.9541; eval results:0.5228
epoch:74; metric:emoval; train results:0.9610; eval results:0.5183
epoch:75; metric:emoval; train results:0.9624; eval results:0.4944
epoch:76; metric:emoval; train results:0.9599; eval results:0.4835
epoch:77; metric:emoval; train results:0.9618; eval results:0.5091
epoch:78; metric:emoval; train results:0.9636; eval results:0.5183
epoch:79; metric:emoval; train results:0.9652; eval results:0.5253
epoch:80; metric:emoval; train results:0.9632; eval results:0.5225
epoch:81; metric:emoval; train results:0.9582; eval results:0.5114
epoch:82; metric:emoval; train results:0.9657; eval results:0.5135
epoch:83; metric:emoval; train results:0.9658; eval results:0.5449
epoch:84; metric:emoval; train results:0.9656; eval results:0.5012
epoch:85; metric:emoval; train results:0.9654; eval results:0.5188
epoch:86; metric:emoval; train results:0.9657; eval results:0.5099
epoch:87; metric:emoval; train results:0.9645; eval results:0.5199
epoch:88; metric:emoval; train results:0.9591; eval results:0.5124
epoch:89; metric:emoval; train results:0.9648; eval results:0.5189
epoch:90; metric:emoval; train results:0.9706; eval results:0.5143
epoch:91; metric:emoval; train results:0.9750; eval results:0.5304
epoch:92; metric:emoval; train results:0.9704; eval results:0.4968
epoch:93; metric:emoval; train results:0.9682; eval results:0.5048
epoch:94; metric:emoval; train results:0.9692; eval results:0.5240
epoch:95; metric:emoval; train results:0.9742; eval results:0.5102
epoch:96; metric:emoval; train results:0.9743; eval results:0.5155
epoch:97; metric:emoval; train results:0.9666; eval results:0.5243
epoch:98; metric:emoval; train results:0.9734; eval results:0.5195
epoch:99; metric:emoval; train results:0.9665; eval results:0.5152
epoch:100; metric:emoval; train results:0.9713; eval results:0.5282
Step3: saving and testing on the 1 folder
>>>>> Finish: training on the 1-th folder, best_index: 26, duration: 401.2591302394867 >>>>>
>>>>> Cross-validation: training on the 2 folder >>>>>
Step1: build model (each folder has its own model)
Step2: training (multiple epoches)
epoch:1; metric:emoval; train results:-0.3822; eval results:-0.2271
epoch:2; metric:emoval; train results:0.0237; eval results:0.3319
epoch:3; metric:emoval; train results:0.3447; eval results:0.3764
epoch:4; metric:emoval; train results:0.4513; eval results:0.4464
epoch:5; metric:emoval; train results:0.4821; eval results:0.4822
epoch:6; metric:emoval; train results:0.5234; eval results:0.4686
epoch:7; metric:emoval; train results:0.5705; eval results:0.4521
epoch:8; metric:emoval; train results:0.5962; eval results:0.5018
epoch:9; metric:emoval; train results:0.6244; eval results:0.4982
epoch:10; metric:emoval; train results:0.6434; eval results:0.4854
epoch:11; metric:emoval; train results:0.6549; eval results:0.5082
epoch:12; metric:emoval; train results:0.7008; eval results:0.5128
epoch:13; metric:emoval; train results:0.7035; eval results:0.5038
epoch:14; metric:emoval; train results:0.7315; eval results:0.5067
epoch:15; metric:emoval; train results:0.7334; eval results:0.4786
epoch:16; metric:emoval; train results:0.7398; eval results:0.5167
epoch:17; metric:emoval; train results:0.7762; eval results:0.5242
epoch:18; metric:emoval; train results:0.7777; eval results:0.5175
epoch:19; metric:emoval; train results:0.7961; eval results:0.4927
epoch:20; metric:emoval; train results:0.8063; eval results:0.5002
epoch:21; metric:emoval; train results:0.8172; eval results:0.4949
epoch:22; metric:emoval; train results:0.8242; eval results:0.4966
epoch:23; metric:emoval; train results:0.8321; eval results:0.4840
epoch:24; metric:emoval; train results:0.8363; eval results:0.5087
epoch:25; metric:emoval; train results:0.8544; eval results:0.4771
epoch:26; metric:emoval; train results:0.8567; eval results:0.5111
epoch:27; metric:emoval; train results:0.8654; eval results:0.4937
epoch:28; metric:emoval; train results:0.8631; eval results:0.4964
epoch:29; metric:emoval; train results:0.8744; eval results:0.5005
epoch:30; metric:emoval; train results:0.8801; eval results:0.5196
epoch:31; metric:emoval; train results:0.8777; eval results:0.5104
epoch:32; metric:emoval; train results:0.8870; eval results:0.4835
epoch:33; metric:emoval; train results:0.9011; eval results:0.4739
epoch:34; metric:emoval; train results:0.8984; eval results:0.4781
epoch:35; metric:emoval; train results:0.9048; eval results:0.4481
epoch:36; metric:emoval; train results:0.9103; eval results:0.4977
epoch:37; metric:emoval; train results:0.9103; eval results:0.4748
epoch:38; metric:emoval; train results:0.9098; eval results:0.4916
epoch:39; metric:emoval; train results:0.9124; eval results:0.4971
epoch:40; metric:emoval; train results:0.9216; eval results:0.4807
epoch:41; metric:emoval; train results:0.9156; eval results:0.4407
epoch:42; metric:emoval; train results:0.9212; eval results:0.4636
epoch:43; metric:emoval; train results:0.9223; eval results:0.4610
epoch:44; metric:emoval; train results:0.9260; eval results:0.5002
epoch:45; metric:emoval; train results:0.9267; eval results:0.4789
epoch:46; metric:emoval; train results:0.9321; eval results:0.4793
epoch:47; metric:emoval; train results:0.9267; eval results:0.4813
epoch:48; metric:emoval; train results:0.9276; eval results:0.4671
epoch:49; metric:emoval; train results:0.9279; eval results:0.4600
epoch:50; metric:emoval; train results:0.9387; eval results:0.4850
epoch:51; metric:emoval; train results:0.9414; eval results:0.4883
epoch:52; metric:emoval; train results:0.9393; eval results:0.4862
epoch:53; metric:emoval; train results:0.9453; eval results:0.4809
epoch:54; metric:emoval; train results:0.9428; eval results:0.4773
epoch:55; metric:emoval; train results:0.9469; eval results:0.4897
epoch:56; metric:emoval; train results:0.9456; eval results:0.4862
epoch:57; metric:emoval; train results:0.9491; eval results:0.4745
epoch:58; metric:emoval; train results:0.9502; eval results:0.4915
epoch:59; metric:emoval; train results:0.9530; eval results:0.4913
epoch:60; metric:emoval; train results:0.9533; eval results:0.5070
epoch:61; metric:emoval; train results:0.9449; eval results:0.4905
epoch:62; metric:emoval; train results:0.9517; eval results:0.5105
epoch:63; metric:emoval; train results:0.9505; eval results:0.4784
epoch:64; metric:emoval; train results:0.9569; eval results:0.4993
epoch:65; metric:emoval; train results:0.9511; eval results:0.4657
epoch:66; metric:emoval; train results:0.9531; eval results:0.4666
epoch:67; metric:emoval; train results:0.9505; eval results:0.4772
epoch:68; metric:emoval; train results:0.9557; eval results:0.4726
epoch:69; metric:emoval; train results:0.9589; eval results:0.4774
epoch:70; metric:emoval; train results:0.9605; eval results:0.4416
epoch:71; metric:emoval; train results:0.9560; eval results:0.4416
epoch:72; metric:emoval; train results:0.9580; eval results:0.4336
epoch:73; metric:emoval; train results:0.9600; eval results:0.4510
epoch:74; metric:emoval; train results:0.9648; eval results:0.4719
epoch:75; metric:emoval; train results:0.9604; eval results:0.4917
epoch:76; metric:emoval; train results:0.9653; eval results:0.4832
epoch:77; metric:emoval; train results:0.9651; eval results:0.4779
epoch:78; metric:emoval; train results:0.9625; eval results:0.4353
epoch:79; metric:emoval; train results:0.9603; eval results:0.4651
epoch:80; metric:emoval; train results:0.9664; eval results:0.4702
epoch:81; metric:emoval; train results:0.9644; eval results:0.4806
epoch:82; metric:emoval; train results:0.9669; eval results:0.4816
epoch:83; metric:emoval; train results:0.9703; eval results:0.4806
epoch:84; metric:emoval; train results:0.9688; eval results:0.4662
epoch:85; metric:emoval; train results:0.9723; eval results:0.4743
epoch:86; metric:emoval; train results:0.9660; eval results:0.4445
epoch:87; metric:emoval; train results:0.9682; eval results:0.4984
epoch:88; metric:emoval; train results:0.9686; eval results:0.4769
epoch:89; metric:emoval; train results:0.9697; eval results:0.4949
epoch:90; metric:emoval; train results:0.9730; eval results:0.4802
epoch:91; metric:emoval; train results:0.9723; eval results:0.4699
epoch:92; metric:emoval; train results:0.9720; eval results:0.4829
epoch:93; metric:emoval; train results:0.9722; eval results:0.4961
epoch:94; metric:emoval; train results:0.9678; eval results:0.4658
epoch:95; metric:emoval; train results:0.9727; eval results:0.4841
epoch:96; metric:emoval; train results:0.9685; eval results:0.4713
epoch:97; metric:emoval; train results:0.9689; eval results:0.4178
epoch:98; metric:emoval; train results:0.9717; eval results:0.4825
epoch:99; metric:emoval; train results:0.9717; eval results:0.4371
epoch:100; metric:emoval; train results:0.9740; eval results:0.4895
Step3: saving and testing on the 2 folder
>>>>> Finish: training on the 2-th folder, best_index: 16, duration: 382.89123010635376 >>>>>
>>>>> Cross-validation: training on the 3 folder >>>>>
Step1: build model (each folder has its own model)
Step2: training (multiple epoches)
epoch:1; metric:emoval; train results:-0.3982; eval results:-0.0236
epoch:2; metric:emoval; train results:0.0382; eval results:0.2442
epoch:3; metric:emoval; train results:0.3162; eval results:0.3584
epoch:4; metric:emoval; train results:0.4283; eval results:0.4100
epoch:5; metric:emoval; train results:0.4999; eval results:0.4028
epoch:6; metric:emoval; train results:0.5546; eval results:0.4240
epoch:7; metric:emoval; train results:0.5855; eval results:0.4758
epoch:8; metric:emoval; train results:0.6398; eval results:0.4915
epoch:9; metric:emoval; train results:0.6543; eval results:0.4997
epoch:10; metric:emoval; train results:0.6872; eval results:0.4878
epoch:11; metric:emoval; train results:0.7085; eval results:0.5020
epoch:12; metric:emoval; train results:0.7239; eval results:0.5053
epoch:13; metric:emoval; train results:0.7470; eval results:0.5020
epoch:14; metric:emoval; train results:0.7644; eval results:0.4835
epoch:15; metric:emoval; train results:0.7795; eval results:0.4865
epoch:16; metric:emoval; train results:0.7863; eval results:0.4824
epoch:17; metric:emoval; train results:0.8130; eval results:0.4935
epoch:18; metric:emoval; train results:0.8101; eval results:0.4972
epoch:19; metric:emoval; train results:0.8246; eval results:0.5132
epoch:20; metric:emoval; train results:0.8330; eval results:0.5002
epoch:21; metric:emoval; train results:0.8453; eval results:0.5134
epoch:22; metric:emoval; train results:0.8392; eval results:0.4930
epoch:23; metric:emoval; train results:0.8564; eval results:0.4822
epoch:24; metric:emoval; train results:0.8671; eval results:0.4922
epoch:25; metric:emoval; train results:0.8658; eval results:0.4732
epoch:26; metric:emoval; train results:0.8709; eval results:0.4769
epoch:27; metric:emoval; train results:0.8838; eval results:0.4962
epoch:28; metric:emoval; train results:0.8781; eval results:0.4853
epoch:29; metric:emoval; train results:0.8782; eval results:0.4818
epoch:30; metric:emoval; train results:0.8929; eval results:0.4967
epoch:31; metric:emoval; train results:0.8891; eval results:0.4809
epoch:32; metric:emoval; train results:0.9041; eval results:0.5041
epoch:33; metric:emoval; train results:0.8981; eval results:0.4749
epoch:34; metric:emoval; train results:0.9094; eval results:0.4977
epoch:35; metric:emoval; train results:0.9166; eval results:0.4812
epoch:36; metric:emoval; train results:0.9205; eval results:0.4811
epoch:37; metric:emoval; train results:0.9125; eval results:0.4751
epoch:38; metric:emoval; train results:0.9249; eval results:0.4721
epoch:39; metric:emoval; train results:0.9186; eval results:0.4853
epoch:40; metric:emoval; train results:0.9209; eval results:0.4956
epoch:41; metric:emoval; train results:0.9243; eval results:0.4535
epoch:42; metric:emoval; train results:0.9274; eval results:0.4740
epoch:43; metric:emoval; train results:0.9256; eval results:0.4763
epoch:44; metric:emoval; train results:0.9314; eval results:0.4588
epoch:45; metric:emoval; train results:0.9231; eval results:0.4834
epoch:46; metric:emoval; train results:0.9364; eval results:0.4556
epoch:47; metric:emoval; train results:0.9312; eval results:0.4951
epoch:48; metric:emoval; train results:0.9357; eval results:0.4577
epoch:49; metric:emoval; train results:0.9353; eval results:0.4675
epoch:50; metric:emoval; train results:0.9371; eval results:0.4634
epoch:51; metric:emoval; train results:0.9320; eval results:0.4925
epoch:52; metric:emoval; train results:0.9369; eval results:0.4912
epoch:53; metric:emoval; train results:0.9430; eval results:0.4699
epoch:54; metric:emoval; train results:0.9430; eval results:0.4793
epoch:55; metric:emoval; train results:0.9505; eval results:0.4765
epoch:56; metric:emoval; train results:0.9463; eval results:0.4810
epoch:57; metric:emoval; train results:0.9506; eval results:0.4727
epoch:58; metric:emoval; train results:0.9378; eval results:0.4948
epoch:59; metric:emoval; train results:0.9476; eval results:0.4801
epoch:60; metric:emoval; train results:0.9496; eval results:0.4807
epoch:61; metric:emoval; train results:0.9465; eval results:0.4478
epoch:62; metric:emoval; train results:0.9502; eval results:0.4601
epoch:63; metric:emoval; train results:0.9479; eval results:0.4952
epoch:64; metric:emoval; train results:0.9528; eval results:0.4988
epoch:65; metric:emoval; train results:0.9446; eval results:0.4836
epoch:66; metric:emoval; train results:0.9535; eval results:0.4612
epoch:67; metric:emoval; train results:0.9590; eval results:0.4822
epoch:68; metric:emoval; train results:0.9567; eval results:0.4636
epoch:69; metric:emoval; train results:0.9541; eval results:0.4726
epoch:70; metric:emoval; train results:0.9554; eval results:0.4746
epoch:71; metric:emoval; train results:0.9541; eval results:0.4660
epoch:72; metric:emoval; train results:0.9509; eval results:0.4620
epoch:73; metric:emoval; train results:0.9629; eval results:0.4893
epoch:74; metric:emoval; train results:0.9582; eval results:0.4689
epoch:75; metric:emoval; train results:0.9589; eval results:0.4865
epoch:76; metric:emoval; train results:0.9634; eval results:0.4576
epoch:77; metric:emoval; train results:0.9615; eval results:0.4904
epoch:78; metric:emoval; train results:0.9511; eval results:0.4726
epoch:79; metric:emoval; train results:0.9616; eval results:0.4604
epoch:80; metric:emoval; train results:0.9644; eval results:0.4801
epoch:81; metric:emoval; train results:0.9638; eval results:0.4711
epoch:82; metric:emoval; train results:0.9600; eval results:0.4662
epoch:83; metric:emoval; train results:0.9597; eval results:0.4840
epoch:84; metric:emoval; train results:0.9601; eval results:0.4746
epoch:85; metric:emoval; train results:0.9691; eval results:0.4559
epoch:86; metric:emoval; train results:0.9647; eval results:0.4758
epoch:87; metric:emoval; train results:0.9705; eval results:0.4833
epoch:88; metric:emoval; train results:0.9685; eval results:0.4712
epoch:89; metric:emoval; train results:0.9675; eval results:0.4691
epoch:90; metric:emoval; train results:0.9633; eval results:0.4793
epoch:91; metric:emoval; train results:0.9600; eval results:0.4446
epoch:92; metric:emoval; train results:0.9639; eval results:0.4917
epoch:93; metric:emoval; train results:0.9645; eval results:0.4566
epoch:94; metric:emoval; train results:0.9670; eval results:0.4466
epoch:95; metric:emoval; train results:0.9746; eval results:0.4394
epoch:96; metric:emoval; train results:0.9702; eval results:0.4642
epoch:97; metric:emoval; train results:0.9695; eval results:0.4790
epoch:98; metric:emoval; train results:0.9722; eval results:0.4738
epoch:99; metric:emoval; train results:0.9673; eval results:0.4877
epoch:100; metric:emoval; train results:0.9689; eval results:0.4797
Step3: saving and testing on the 3 folder
>>>>> Finish: training on the 3-th folder, best_index: 20, duration: 372.708979845047 >>>>>
>>>>> Cross-validation: training on the 4 folder >>>>>
Step1: build model (each folder has its own model)
Step2: training (multiple epoches)
epoch:1; metric:emoval; train results:-0.3527; eval results:-0.1619
epoch:2; metric:emoval; train results:0.1005; eval results:0.1535
epoch:3; metric:emoval; train results:0.3148; eval results:0.1602
epoch:4; metric:emoval; train results:0.4095; eval results:0.4231
epoch:5; metric:emoval; train results:0.4541; eval results:0.4702
epoch:6; metric:emoval; train results:0.5048; eval results:0.4543
epoch:7; metric:emoval; train results:0.5385; eval results:0.4376
epoch:8; metric:emoval; train results:0.5828; eval results:0.5254
epoch:9; metric:emoval; train results:0.5990; eval results:0.5264
epoch:10; metric:emoval; train results:0.6117; eval results:0.4969
epoch:11; metric:emoval; train results:0.6369; eval results:0.5182
epoch:12; metric:emoval; train results:0.6526; eval results:0.5497
epoch:13; metric:emoval; train results:0.6751; eval results:0.5512
epoch:14; metric:emoval; train results:0.6878; eval results:0.5525
epoch:15; metric:emoval; train results:0.6979; eval results:0.5516
epoch:16; metric:emoval; train results:0.7094; eval results:0.5508
epoch:17; metric:emoval; train results:0.7198; eval results:0.5331
epoch:18; metric:emoval; train results:0.7308; eval results:0.5500
epoch:19; metric:emoval; train results:0.7511; eval results:0.5306
epoch:20; metric:emoval; train results:0.7729; eval results:0.4875
epoch:21; metric:emoval; train results:0.7702; eval results:0.5416
epoch:22; metric:emoval; train results:0.7725; eval results:0.5598
epoch:23; metric:emoval; train results:0.7973; eval results:0.5557
epoch:24; metric:emoval; train results:0.8160; eval results:0.5578
epoch:25; metric:emoval; train results:0.8060; eval results:0.5322
epoch:26; metric:emoval; train results:0.8223; eval results:0.5445
epoch:27; metric:emoval; train results:0.8305; eval results:0.5329
epoch:28; metric:emoval; train results:0.8427; eval results:0.5468
epoch:29; metric:emoval; train results:0.8474; eval results:0.5482
epoch:30; metric:emoval; train results:0.8634; eval results:0.5376
epoch:31; metric:emoval; train results:0.8473; eval results:0.5149
epoch:32; metric:emoval; train results:0.8540; eval results:0.5010
epoch:33; metric:emoval; train results:0.8659; eval results:0.5241
epoch:34; metric:emoval; train results:0.8716; eval results:0.4877
epoch:35; metric:emoval; train results:0.8711; eval results:0.5499
epoch:36; metric:emoval; train results:0.8875; eval results:0.5395
epoch:37; metric:emoval; train results:0.8902; eval results:0.5548
epoch:38; metric:emoval; train results:0.8925; eval results:0.4487
epoch:39; metric:emoval; train results:0.8920; eval results:0.5481
epoch:40; metric:emoval; train results:0.8955; eval results:0.5339
epoch:41; metric:emoval; train results:0.9124; eval results:0.5503
epoch:42; metric:emoval; train results:0.9147; eval results:0.5336
epoch:43; metric:emoval; train results:0.9150; eval results:0.5392
epoch:44; metric:emoval; train results:0.9118; eval results:0.5453
epoch:45; metric:emoval; train results:0.9191; eval results:0.5569
epoch:46; metric:emoval; train results:0.9194; eval results:0.5379
epoch:47; metric:emoval; train results:0.9146; eval results:0.5133
epoch:48; metric:emoval; train results:0.9218; eval results:0.5096
epoch:49; metric:emoval; train results:0.9276; eval results:0.5317
epoch:50; metric:emoval; train results:0.9239; eval results:0.5394
epoch:51; metric:emoval; train results:0.9256; eval results:0.5389
epoch:52; metric:emoval; train results:0.9335; eval results:0.5277
epoch:53; metric:emoval; train results:0.9390; eval results:0.5369
epoch:54; metric:emoval; train results:0.9416; eval results:0.5293
epoch:55; metric:emoval; train results:0.9458; eval results:0.4955
epoch:56; metric:emoval; train results:0.9379; eval results:0.5449
epoch:57; metric:emoval; train results:0.9388; eval results:0.5431
epoch:58; metric:emoval; train results:0.9444; eval results:0.4964
epoch:59; metric:emoval; train results:0.9423; eval results:0.5099
epoch:60; metric:emoval; train results:0.9431; eval results:0.4953
epoch:61; metric:emoval; train results:0.9507; eval results:0.5143
epoch:62; metric:emoval; train results:0.9473; eval results:0.5211
epoch:63; metric:emoval; train results:0.9520; eval results:0.5035
epoch:64; metric:emoval; train results:0.9474; eval results:0.5142
epoch:65; metric:emoval; train results:0.9518; eval results:0.5330
epoch:66; metric:emoval; train results:0.9544; eval results:0.5062
epoch:67; metric:emoval; train results:0.9535; eval results:0.5216
epoch:68; metric:emoval; train results:0.9537; eval results:0.5274
epoch:69; metric:emoval; train results:0.9588; eval results:0.5338
epoch:70; metric:emoval; train results:0.9616; eval results:0.5033
epoch:71; metric:emoval; train results:0.9543; eval results:0.4564
epoch:72; metric:emoval; train results:0.9571; eval results:0.5259
epoch:73; metric:emoval; train results:0.9638; eval results:0.5098
epoch:74; metric:emoval; train results:0.9635; eval results:0.4884
epoch:75; metric:emoval; train results:0.9527; eval results:0.5076
epoch:76; metric:emoval; train results:0.9597; eval results:0.5181
epoch:77; metric:emoval; train results:0.9630; eval results:0.5203
epoch:78; metric:emoval; train results:0.9589; eval results:0.5224
epoch:79; metric:emoval; train results:0.9540; eval results:0.4743
epoch:80; metric:emoval; train results:0.9549; eval results:0.4684
epoch:81; metric:emoval; train results:0.9538; eval results:0.5048
epoch:82; metric:emoval; train results:0.9625; eval results:0.4919
epoch:83; metric:emoval; train results:0.9661; eval results:0.5017
epoch:84; metric:emoval; train results:0.9648; eval results:0.4869
epoch:85; metric:emoval; train results:0.9621; eval results:0.4800
epoch:86; metric:emoval; train results:0.9677; eval results:0.4976
epoch:87; metric:emoval; train results:0.9700; eval results:0.4818
epoch:88; metric:emoval; train results:0.9629; eval results:0.4885
epoch:89; metric:emoval; train results:0.9572; eval results:0.5014
epoch:90; metric:emoval; train results:0.9682; eval results:0.4984
epoch:91; metric:emoval; train results:0.9677; eval results:0.5083
epoch:92; metric:emoval; train results:0.9641; eval results:0.4975
epoch:93; metric:emoval; train results:0.9704; eval results:0.4990
epoch:94; metric:emoval; train results:0.9707; eval results:0.5006
epoch:95; metric:emoval; train results:0.9736; eval results:0.4693
epoch:96; metric:emoval; train results:0.9690; eval results:0.4916
epoch:97; metric:emoval; train results:0.9703; eval results:0.4934
epoch:98; metric:emoval; train results:0.9707; eval results:0.4837
epoch:99; metric:emoval; train results:0.9758; eval results:0.4905
epoch:100; metric:emoval; train results:0.9733; eval results:0.4984
Step3: saving and testing on the 4 folder
>>>>> Finish: training on the 4-th folder, best_index: 21, duration: 375.59521198272705 >>>>>
>>>>> Cross-validation: training on the 5 folder >>>>>
Step1: build model (each folder has its own model)
Step2: training (multiple epoches)
epoch:1; metric:emoval; train results:-0.3181; eval results:-0.1913
epoch:2; metric:emoval; train results:-0.0115; eval results:0.0010
epoch:3; metric:emoval; train results:0.3051; eval results:0.3507
epoch:4; metric:emoval; train results:0.4601; eval results:0.4435
epoch:5; metric:emoval; train results:0.5201; eval results:0.4694
epoch:6; metric:emoval; train results:0.5637; eval results:0.4749
epoch:7; metric:emoval; train results:0.6031; eval results:0.4600
epoch:8; metric:emoval; train results:0.6296; eval results:0.4920
epoch:9; metric:emoval; train results:0.6645; eval results:0.5052
epoch:10; metric:emoval; train results:0.6935; eval results:0.5212
epoch:11; metric:emoval; train results:0.7319; eval results:0.5151
epoch:12; metric:emoval; train results:0.7272; eval results:0.4793
epoch:13; metric:emoval; train results:0.7512; eval results:0.4840
epoch:14; metric:emoval; train results:0.7760; eval results:0.4973
epoch:15; metric:emoval; train results:0.7907; eval results:0.5080
epoch:16; metric:emoval; train results:0.8038; eval results:0.4913
epoch:17; metric:emoval; train results:0.8088; eval results:0.5022
epoch:18; metric:emoval; train results:0.8322; eval results:0.5025
epoch:19; metric:emoval; train results:0.8485; eval results:0.5051
epoch:20; metric:emoval; train results:0.8376; eval results:0.5094
epoch:21; metric:emoval; train results:0.8589; eval results:0.5118
epoch:22; metric:emoval; train results:0.8654; eval results:0.5101
epoch:23; metric:emoval; train results:0.8701; eval results:0.5258
epoch:24; metric:emoval; train results:0.8753; eval results:0.5034
epoch:25; metric:emoval; train results:0.8854; eval results:0.4972
epoch:26; metric:emoval; train results:0.8930; eval results:0.4884
epoch:27; metric:emoval; train results:0.8891; eval results:0.5239
epoch:28; metric:emoval; train results:0.8941; eval results:0.5103
epoch:29; metric:emoval; train results:0.8995; eval results:0.5108
epoch:30; metric:emoval; train results:0.9122; eval results:0.5352
epoch:31; metric:emoval; train results:0.9008; eval results:0.4742
epoch:32; metric:emoval; train results:0.9044; eval results:0.5249
epoch:33; metric:emoval; train results:0.9080; eval results:0.4921
epoch:34; metric:emoval; train results:0.9118; eval results:0.5218
epoch:35; metric:emoval; train results:0.9143; eval results:0.4953
epoch:36; metric:emoval; train results:0.9245; eval results:0.5194
epoch:37; metric:emoval; train results:0.9209; eval results:0.5172
epoch:38; metric:emoval; train results:0.9212; eval results:0.5395
epoch:39; metric:emoval; train results:0.9278; eval results:0.5134
epoch:40; metric:emoval; train results:0.9323; eval results:0.5490
epoch:41; metric:emoval; train results:0.9289; eval results:0.5063
epoch:42; metric:emoval; train results:0.9305; eval results:0.5001
epoch:43; metric:emoval; train results:0.9334; eval results:0.4954
epoch:44; metric:emoval; train results:0.9295; eval results:0.5039
epoch:45; metric:emoval; train results:0.9350; eval results:0.5355
epoch:46; metric:emoval; train results:0.9307; eval results:0.5245
epoch:47; metric:emoval; train results:0.9326; eval results:0.5058
epoch:48; metric:emoval; train results:0.9391; eval results:0.5196
epoch:49; metric:emoval; train results:0.9391; eval results:0.4926
epoch:50; metric:emoval; train results:0.9480; eval results:0.5299
epoch:51; metric:emoval; train results:0.9434; eval results:0.5510
epoch:52; metric:emoval; train results:0.9480; eval results:0.5364
epoch:53; metric:emoval; train results:0.9437; eval results:0.4723
epoch:54; metric:emoval; train results:0.9523; eval results:0.5202
epoch:55; metric:emoval; train results:0.9508; eval results:0.5263
epoch:56; metric:emoval; train results:0.9509; eval results:0.5052
epoch:57; metric:emoval; train results:0.9534; eval results:0.4918
epoch:58; metric:emoval; train results:0.9544; eval results:0.5353
epoch:59; metric:emoval; train results:0.9536; eval results:0.5004
epoch:60; metric:emoval; train results:0.9496; eval results:0.5001
epoch:61; metric:emoval; train results:0.9581; eval results:0.5107
epoch:62; metric:emoval; train results:0.9537; eval results:0.5004
epoch:63; metric:emoval; train results:0.9605; eval results:0.4770
epoch:64; metric:emoval; train results:0.9505; eval results:0.5095
epoch:65; metric:emoval; train results:0.9513; eval results:0.5049
epoch:66; metric:emoval; train results:0.9588; eval results:0.4947
epoch:67; metric:emoval; train results:0.9601; eval results:0.5077
epoch:68; metric:emoval; train results:0.9611; eval results:0.5269
epoch:69; metric:emoval; train results:0.9590; eval results:0.4975
epoch:70; metric:emoval; train results:0.9601; eval results:0.5208
epoch:71; metric:emoval; train results:0.9582; eval results:0.5012
epoch:72; metric:emoval; train results:0.9655; eval results:0.4849
epoch:73; metric:emoval; train results:0.9619; eval results:0.5009
epoch:74; metric:emoval; train results:0.9648; eval results:0.5280
epoch:75; metric:emoval; train results:0.9665; eval results:0.5307
epoch:76; metric:emoval; train results:0.9620; eval results:0.5175
epoch:77; metric:emoval; train results:0.9710; eval results:0.5090
epoch:78; metric:emoval; train results:0.9669; eval results:0.4981
epoch:79; metric:emoval; train results:0.9662; eval results:0.4914
epoch:80; metric:emoval; train results:0.9681; eval results:0.5239
epoch:81; metric:emoval; train results:0.9701; eval results:0.5134
epoch:82; metric:emoval; train results:0.9645; eval results:0.5159
epoch:83; metric:emoval; train results:0.9651; eval results:0.5338
epoch:84; metric:emoval; train results:0.9701; eval results:0.5378
epoch:85; metric:emoval; train results:0.9715; eval results:0.5254
epoch:86; metric:emoval; train results:0.9648; eval results:0.5276
