==== V11 group D start (repeats=2, base_seed=5407) ====

===================================================================
run_tag=d01_hd256_balanced seed=5407 gpu=0 batch_size=24
save_root=/root/autodl-tmp/MERTools-master/MERBench/attention_robust_v11/outputs/results/d01_hd256_balanced/seed5407
===================================================================
usage: main-robust.py [-h] [--dataset DATASET] [--train_dataset TRAIN_DATASET]
                      [--test_dataset TEST_DATASET] [--save_root SAVE_ROOT]
                      [--debug] [--savemodel] [--save_iters SAVE_ITERS]
                      [--audio_feature AUDIO_FEATURE]
                      [--text_feature TEXT_FEATURE]
                      [--video_feature VIDEO_FEATURE] [--feat_type FEAT_TYPE]
                      [--feat_scale FEAT_SCALE] [--e2e_name E2E_NAME]
                      [--e2e_dim E2E_DIM] [--n_classes N_CLASSES]
                      [--hyper_path HYPER_PATH] [--model MODEL] [--lr lr]
                      [--lr_adjust LR_ADJUST] [--l2 L2] [--batch_size BS]
                      [--num_workers nw] [--epochs E]
                      [--print_iters PRINT_ITERS] [--gpu GPU]
                      [--emo_loss_weight EMO_LOSS_WEIGHT]
                      [--val_loss_weight VAL_LOSS_WEIGHT]
                      [--reg_loss_type {mse,smoothl1}]
                      [--huber_beta HUBER_BETA] [--hidden_dim HIDDEN_DIM]
                      [--dropout DROPOUT] [--grad_clip GRAD_CLIP]
                      [--modality_dropout MODALITY_DROPOUT]
                      [--use_modality_dropout] [--no_modality_dropout]
                      [--modality_dropout_warmup MODALITY_DROPOUT_WARMUP]
                      [--early_stopping_patience EARLY_STOPPING_PATIENCE]
                      [--lr_patience LR_PATIENCE] [--lr_factor LR_FACTOR]
                      [--use_vae] [--no_vae] [--kl_weight KL_WEIGHT]
                      [--recon_weight RECON_WEIGHT]
                      [--cross_kl_weight CROSS_KL_WEIGHT]
                      [--use_proxy_attention] [--no_proxy_attention]
                      [--fusion_temperature FUSION_TEMPERATURE]
                      [--num_attention_heads NUM_ATTENTION_HEADS]
                      [--use_contrastive] [--no_contrastive]
                      [--contrastive_weight CONTRASTIVE_WEIGHT]
                      [--contrastive_temperature CONTRASTIVE_TEMPERATURE]
                      [--use_gated_fusion] [--no_gated_fusion]
                      [--gate_alpha GATE_ALPHA] [--focal_gamma FOCAL_GAMMA]
                      [--label_smoothing LABEL_SMOOTHING] [--use_mixup]
                      [--no_mixup] [--mixup_alpha MIXUP_ALPHA]
                      [--use_dynamic_kl] [--no_dynamic_kl]
                      [--kl_warmup_epochs KL_WARMUP_EPOCHS]
                      [--use_valence_prior] [--no_valence_prior]
                      [--valence_consistency_weight VALENCE_CONSISTENCY_WEIGHT]
                      [--valence_center_reg_weight VALENCE_CENTER_REG_WEIGHT]
                      [--feature_noise_std FEATURE_NOISE_STD]
                      [--feature_noise_prob FEATURE_NOISE_PROB]
                      [--feature_noise_warmup FEATURE_NOISE_WARMUP]
                      [--use_gated_uncertainty] [--no_gated_uncertainty]
                      [--fusion_residual_scale FUSION_RESIDUAL_SCALE]
                      [--reliability_temperature RELIABILITY_TEMPERATURE]
                      [--modality_agreement_weight MODALITY_AGREEMENT_WEIGHT]
                      [--weight_consistency_weight WEIGHT_CONSISTENCY_WEIGHT]
                      [--quality_weight QUALITY_WEIGHT]
                      [--impute_loss_weight IMPUTE_LOSS_WEIGHT]
                      [--consistency_emo_weight CONSISTENCY_EMO_WEIGHT]
                      [--consistency_val_weight CONSISTENCY_VAL_WEIGHT]
                      [--corruption_max_rate CORRUPTION_MAX_RATE]
                      [--corruption_warmup_epochs CORRUPTION_WARMUP_EPOCHS]
                      [--double_mask_ratio DOUBLE_MASK_RATIO]
                      [--latent_noise_std LATENT_NOISE_STD]
main-robust.py: error: unrecognized arguments: --metric_name=emoval
[WARN] run failed: run_tag=d01_hd256_balanced seed=5407 rc=2, continue.

===================================================================
run_tag=d02_hd256_multi_focus seed=5407 gpu=0 batch_size=24
save_root=/root/autodl-tmp/MERTools-master/MERBench/attention_robust_v11/outputs/results/d02_hd256_multi_focus/seed5407
===================================================================
usage: main-robust.py [-h] [--dataset DATASET] [--train_dataset TRAIN_DATASET]
                      [--test_dataset TEST_DATASET] [--save_root SAVE_ROOT]
                      [--debug] [--savemodel] [--save_iters SAVE_ITERS]
                      [--audio_feature AUDIO_FEATURE]
                      [--text_feature TEXT_FEATURE]
                      [--video_feature VIDEO_FEATURE] [--feat_type FEAT_TYPE]
                      [--feat_scale FEAT_SCALE] [--e2e_name E2E_NAME]
                      [--e2e_dim E2E_DIM] [--n_classes N_CLASSES]
                      [--hyper_path HYPER_PATH] [--model MODEL] [--lr lr]
                      [--lr_adjust LR_ADJUST] [--l2 L2] [--batch_size BS]
                      [--num_workers nw] [--epochs E]
                      [--print_iters PRINT_ITERS] [--gpu GPU]
                      [--emo_loss_weight EMO_LOSS_WEIGHT]
                      [--val_loss_weight VAL_LOSS_WEIGHT]
                      [--reg_loss_type {mse,smoothl1}]
                      [--huber_beta HUBER_BETA] [--hidden_dim HIDDEN_DIM]
                      [--dropout DROPOUT] [--grad_clip GRAD_CLIP]
                      [--modality_dropout MODALITY_DROPOUT]
                      [--use_modality_dropout] [--no_modality_dropout]
                      [--modality_dropout_warmup MODALITY_DROPOUT_WARMUP]
                      [--early_stopping_patience EARLY_STOPPING_PATIENCE]
                      [--lr_patience LR_PATIENCE] [--lr_factor LR_FACTOR]
                      [--use_vae] [--no_vae] [--kl_weight KL_WEIGHT]
                      [--recon_weight RECON_WEIGHT]
                      [--cross_kl_weight CROSS_KL_WEIGHT]
                      [--use_proxy_attention] [--no_proxy_attention]
                      [--fusion_temperature FUSION_TEMPERATURE]
                      [--num_attention_heads NUM_ATTENTION_HEADS]
                      [--use_contrastive] [--no_contrastive]
                      [--contrastive_weight CONTRASTIVE_WEIGHT]
                      [--contrastive_temperature CONTRASTIVE_TEMPERATURE]
                      [--use_gated_fusion] [--no_gated_fusion]
                      [--gate_alpha GATE_ALPHA] [--focal_gamma FOCAL_GAMMA]
                      [--label_smoothing LABEL_SMOOTHING] [--use_mixup]
                      [--no_mixup] [--mixup_alpha MIXUP_ALPHA]
                      [--use_dynamic_kl] [--no_dynamic_kl]
                      [--kl_warmup_epochs KL_WARMUP_EPOCHS]
                      [--use_valence_prior] [--no_valence_prior]
                      [--valence_consistency_weight VALENCE_CONSISTENCY_WEIGHT]
                      [--valence_center_reg_weight VALENCE_CENTER_REG_WEIGHT]
                      [--feature_noise_std FEATURE_NOISE_STD]
                      [--feature_noise_prob FEATURE_NOISE_PROB]
                      [--feature_noise_warmup FEATURE_NOISE_WARMUP]
                      [--use_gated_uncertainty] [--no_gated_uncertainty]
                      [--fusion_residual_scale FUSION_RESIDUAL_SCALE]
                      [--reliability_temperature RELIABILITY_TEMPERATURE]
                      [--modality_agreement_weight MODALITY_AGREEMENT_WEIGHT]
                      [--weight_consistency_weight WEIGHT_CONSISTENCY_WEIGHT]
                      [--quality_weight QUALITY_WEIGHT]
                      [--impute_loss_weight IMPUTE_LOSS_WEIGHT]
                      [--consistency_emo_weight CONSISTENCY_EMO_WEIGHT]
                      [--consistency_val_weight CONSISTENCY_VAL_WEIGHT]
                      [--corruption_max_rate CORRUPTION_MAX_RATE]
                      [--corruption_warmup_epochs CORRUPTION_WARMUP_EPOCHS]
                      [--double_mask_ratio DOUBLE_MASK_RATIO]
                      [--latent_noise_std LATENT_NOISE_STD]
main-robust.py: error: unrecognized arguments: --metric_name=emo
[WARN] run failed: run_tag=d02_hd256_multi_focus seed=5407 rc=2, continue.

===================================================================
run_tag=d01_hd256_balanced seed=5408 gpu=0 batch_size=24
save_root=/root/autodl-tmp/MERTools-master/MERBench/attention_robust_v11/outputs/results/d01_hd256_balanced/seed5408
===================================================================
usage: main-robust.py [-h] [--dataset DATASET] [--train_dataset TRAIN_DATASET]
                      [--test_dataset TEST_DATASET] [--save_root SAVE_ROOT]
                      [--debug] [--savemodel] [--save_iters SAVE_ITERS]
                      [--audio_feature AUDIO_FEATURE]
                      [--text_feature TEXT_FEATURE]
                      [--video_feature VIDEO_FEATURE] [--feat_type FEAT_TYPE]
                      [--feat_scale FEAT_SCALE] [--e2e_name E2E_NAME]
                      [--e2e_dim E2E_DIM] [--n_classes N_CLASSES]
                      [--hyper_path HYPER_PATH] [--model MODEL] [--lr lr]
                      [--lr_adjust LR_ADJUST] [--l2 L2] [--batch_size BS]
                      [--num_workers nw] [--epochs E]
                      [--print_iters PRINT_ITERS] [--gpu GPU]
                      [--emo_loss_weight EMO_LOSS_WEIGHT]
                      [--val_loss_weight VAL_LOSS_WEIGHT]
                      [--reg_loss_type {mse,smoothl1}]
                      [--huber_beta HUBER_BETA] [--hidden_dim HIDDEN_DIM]
                      [--dropout DROPOUT] [--grad_clip GRAD_CLIP]
                      [--modality_dropout MODALITY_DROPOUT]
                      [--use_modality_dropout] [--no_modality_dropout]
                      [--modality_dropout_warmup MODALITY_DROPOUT_WARMUP]
                      [--early_stopping_patience EARLY_STOPPING_PATIENCE]
                      [--lr_patience LR_PATIENCE] [--lr_factor LR_FACTOR]
                      [--use_vae] [--no_vae] [--kl_weight KL_WEIGHT]
                      [--recon_weight RECON_WEIGHT]
                      [--cross_kl_weight CROSS_KL_WEIGHT]
                      [--use_proxy_attention] [--no_proxy_attention]
                      [--fusion_temperature FUSION_TEMPERATURE]
                      [--num_attention_heads NUM_ATTENTION_HEADS]
                      [--use_contrastive] [--no_contrastive]
                      [--contrastive_weight CONTRASTIVE_WEIGHT]
                      [--contrastive_temperature CONTRASTIVE_TEMPERATURE]
                      [--use_gated_fusion] [--no_gated_fusion]
                      [--gate_alpha GATE_ALPHA] [--focal_gamma FOCAL_GAMMA]
                      [--label_smoothing LABEL_SMOOTHING] [--use_mixup]
                      [--no_mixup] [--mixup_alpha MIXUP_ALPHA]
                      [--use_dynamic_kl] [--no_dynamic_kl]
                      [--kl_warmup_epochs KL_WARMUP_EPOCHS]
                      [--use_valence_prior] [--no_valence_prior]
                      [--valence_consistency_weight VALENCE_CONSISTENCY_WEIGHT]
                      [--valence_center_reg_weight VALENCE_CENTER_REG_WEIGHT]
                      [--feature_noise_std FEATURE_NOISE_STD]
                      [--feature_noise_prob FEATURE_NOISE_PROB]
                      [--feature_noise_warmup FEATURE_NOISE_WARMUP]
                      [--use_gated_uncertainty] [--no_gated_uncertainty]
                      [--fusion_residual_scale FUSION_RESIDUAL_SCALE]
                      [--reliability_temperature RELIABILITY_TEMPERATURE]
                      [--modality_agreement_weight MODALITY_AGREEMENT_WEIGHT]
                      [--weight_consistency_weight WEIGHT_CONSISTENCY_WEIGHT]
                      [--quality_weight QUALITY_WEIGHT]
                      [--impute_loss_weight IMPUTE_LOSS_WEIGHT]
                      [--consistency_emo_weight CONSISTENCY_EMO_WEIGHT]
                      [--consistency_val_weight CONSISTENCY_VAL_WEIGHT]
                      [--corruption_max_rate CORRUPTION_MAX_RATE]
                      [--corruption_warmup_epochs CORRUPTION_WARMUP_EPOCHS]
                      [--double_mask_ratio DOUBLE_MASK_RATIO]
                      [--latent_noise_std LATENT_NOISE_STD]
main-robust.py: error: unrecognized arguments: --metric_name=emoval
[WARN] run failed: run_tag=d01_hd256_balanced seed=5408 rc=2, continue.

===================================================================
run_tag=d02_hd256_multi_focus seed=5408 gpu=0 batch_size=24
save_root=/root/autodl-tmp/MERTools-master/MERBench/attention_robust_v11/outputs/results/d02_hd256_multi_focus/seed5408
===================================================================
usage: main-robust.py [-h] [--dataset DATASET] [--train_dataset TRAIN_DATASET]
                      [--test_dataset TEST_DATASET] [--save_root SAVE_ROOT]
                      [--debug] [--savemodel] [--save_iters SAVE_ITERS]
                      [--audio_feature AUDIO_FEATURE]
                      [--text_feature TEXT_FEATURE]
                      [--video_feature VIDEO_FEATURE] [--feat_type FEAT_TYPE]
                      [--feat_scale FEAT_SCALE] [--e2e_name E2E_NAME]
                      [--e2e_dim E2E_DIM] [--n_classes N_CLASSES]
                      [--hyper_path HYPER_PATH] [--model MODEL] [--lr lr]
                      [--lr_adjust LR_ADJUST] [--l2 L2] [--batch_size BS]
                      [--num_workers nw] [--epochs E]
                      [--print_iters PRINT_ITERS] [--gpu GPU]
                      [--emo_loss_weight EMO_LOSS_WEIGHT]
                      [--val_loss_weight VAL_LOSS_WEIGHT]
                      [--reg_loss_type {mse,smoothl1}]
                      [--huber_beta HUBER_BETA] [--hidden_dim HIDDEN_DIM]
                      [--dropout DROPOUT] [--grad_clip GRAD_CLIP]
                      [--modality_dropout MODALITY_DROPOUT]
                      [--use_modality_dropout] [--no_modality_dropout]
                      [--modality_dropout_warmup MODALITY_DROPOUT_WARMUP]
                      [--early_stopping_patience EARLY_STOPPING_PATIENCE]
                      [--lr_patience LR_PATIENCE] [--lr_factor LR_FACTOR]
                      [--use_vae] [--no_vae] [--kl_weight KL_WEIGHT]
                      [--recon_weight RECON_WEIGHT]
                      [--cross_kl_weight CROSS_KL_WEIGHT]
                      [--use_proxy_attention] [--no_proxy_attention]
                      [--fusion_temperature FUSION_TEMPERATURE]
                      [--num_attention_heads NUM_ATTENTION_HEADS]
                      [--use_contrastive] [--no_contrastive]
                      [--contrastive_weight CONTRASTIVE_WEIGHT]
                      [--contrastive_temperature CONTRASTIVE_TEMPERATURE]
                      [--use_gated_fusion] [--no_gated_fusion]
                      [--gate_alpha GATE_ALPHA] [--focal_gamma FOCAL_GAMMA]
                      [--label_smoothing LABEL_SMOOTHING] [--use_mixup]
                      [--no_mixup] [--mixup_alpha MIXUP_ALPHA]
                      [--use_dynamic_kl] [--no_dynamic_kl]
                      [--kl_warmup_epochs KL_WARMUP_EPOCHS]
                      [--use_valence_prior] [--no_valence_prior]
                      [--valence_consistency_weight VALENCE_CONSISTENCY_WEIGHT]
                      [--valence_center_reg_weight VALENCE_CENTER_REG_WEIGHT]
                      [--feature_noise_std FEATURE_NOISE_STD]
                      [--feature_noise_prob FEATURE_NOISE_PROB]
                      [--feature_noise_warmup FEATURE_NOISE_WARMUP]
                      [--use_gated_uncertainty] [--no_gated_uncertainty]
                      [--fusion_residual_scale FUSION_RESIDUAL_SCALE]
                      [--reliability_temperature RELIABILITY_TEMPERATURE]
                      [--modality_agreement_weight MODALITY_AGREEMENT_WEIGHT]
                      [--weight_consistency_weight WEIGHT_CONSISTENCY_WEIGHT]
                      [--quality_weight QUALITY_WEIGHT]
                      [--impute_loss_weight IMPUTE_LOSS_WEIGHT]
                      [--consistency_emo_weight CONSISTENCY_EMO_WEIGHT]
                      [--consistency_val_weight CONSISTENCY_VAL_WEIGHT]
                      [--corruption_max_rate CORRUPTION_MAX_RATE]
                      [--corruption_warmup_epochs CORRUPTION_WARMUP_EPOCHS]
                      [--double_mask_ratio DOUBLE_MASK_RATIO]
                      [--latent_noise_std LATENT_NOISE_STD]
main-robust.py: error: unrecognized arguments: --metric_name=emo
[WARN] run failed: run_tag=d02_hd256_multi_focus seed=5408 rc=2, continue.
runs_parsed=0
summary_rows=0
csv=/root/autodl-tmp/MERTools-master/MERBench/attention_robust_v11/outputs/summary/group_d_summary.csv
[WARN] group D finished with failed_runs=4
==== V11 group D done ====
