set global seed to 4408
====== Params Pre-analysis =======
args:  Namespace(audio_feature='chinese-hubert-large-UTT', batch_size=32, dataset='MER2023', debug=False, dropout=0.3, e2e_dim=None, e2e_name=None, epochs=100, feat_scale=1, feat_type='utt', gpu=0, grad_clip=-1.0, hidden_dim=256, hyper_path='/root/autodl-tmp/MERTools-master/MERBench/logs/attention_grid_repeat_b/hparams/cand02_hd256_do0.3_lr0.001.yaml', l2=1e-05, lr=0.001, lr_adjust='case1', model='attention', n_classes=None, num_workers=0, print_iters=100000000.0, save_iters=100000000.0, save_root='./saved_grid_repeat_b/cand02_hd256_do0.3_lr0.001/rep02-trimodal', savemodel=False, seed=4408, test_dataset=None, text_feature='Baichuan-13B-Base-UTT', train_dataset=None, video_feature='clip-vit-large-patch14-UTT')
====== Reading Data =======
train: sample number 3373
audio feature root: /root/autodl-tmp/MERTools-master/MERBench/dataset/mer2023-dataset-process/features/chinese-hubert-large-UTT

  0%|          | 0/3373 [00:00<?, ?it/s]
 19%|█▉        | 635/3373 [00:00<00:00, 6335.97it/s]
 38%|███▊      | 1269/3373 [00:00<00:00, 4381.88it/s]
 52%|█████▏    | 1742/3373 [00:00<00:00, 4252.06it/s]
 65%|██████▍   | 2185/3373 [00:00<00:00, 4152.41it/s]
 77%|███████▋  | 2610/3373 [00:00<00:00, 4066.13it/s]
 90%|████████▉ | 3022/3373 [00:00<00:00, 3471.26it/s]
100%|██████████| 3373/3373 [00:00<00:00, 3856.55it/s]
Input feature chinese-hubert-large-UTT ===> dim is (1, 1024)

  0%|          | 0/3373 [00:00<?, ?it/s]
  5%|▌         | 184/3373 [00:00<00:01, 1836.47it/s]
 13%|█▎        | 422/3373 [00:00<00:01, 2155.43it/s]
 19%|█▉        | 638/3373 [00:00<00:01, 2126.69it/s]
 25%|██▌       | 851/3373 [00:00<00:01, 2092.48it/s]
 32%|███▏      | 1085/3373 [00:00<00:01, 2177.25it/s]
 39%|███▉      | 1310/3373 [00:00<00:01, 1882.81it/s]
 46%|████▌     | 1536/3373 [00:00<00:00, 1991.70it/s]
 52%|█████▏    | 1757/3373 [00:00<00:00, 2050.57it/s]
 60%|██████    | 2024/3373 [00:00<00:00, 2231.46it/s]
 68%|██████▊   | 2280/3373 [00:01<00:00, 2324.79it/s]
 76%|███████▌  | 2548/3373 [00:01<00:00, 2417.44it/s]
 83%|████████▎ | 2793/3373 [00:01<00:00, 2384.33it/s]
 91%|█████████ | 3077/3373 [00:01<00:00, 2517.22it/s]
 99%|█████████▉| 3341/3373 [00:01<00:00, 2552.76it/s]
100%|██████████| 3373/3373 [00:01<00:00, 2287.86it/s]
Input feature Baichuan-13B-Base-UTT ===> dim is (1, 5120)

  0%|          | 0/3373 [00:00<?, ?it/s]
 24%|██▍       | 823/3373 [00:00<00:00, 8220.60it/s]
 49%|████▉     | 1646/3373 [00:00<00:00, 7305.43it/s]
 71%|███████   | 2384/3373 [00:00<00:00, 5380.13it/s]
 88%|████████▊ | 2967/3373 [00:00<00:00, 5320.40it/s]
100%|██████████| 3373/3373 [00:00<00:00, 5618.60it/s]
Input feature clip-vit-large-patch14-UTT ===> dim is (1, 768)
test1: sample number 411
audio feature root: /root/autodl-tmp/MERTools-master/MERBench/dataset/mer2023-dataset-process/features/chinese-hubert-large-UTT

  0%|          | 0/411 [00:00<?, ?it/s]
100%|██████████| 411/411 [00:00<00:00, 5677.55it/s]
Input feature chinese-hubert-large-UTT ===> dim is (1, 1024)

  0%|          | 0/411 [00:00<?, ?it/s]
100%|██████████| 411/411 [00:00<00:00, 10198.48it/s]
Input feature Baichuan-13B-Base-UTT ===> dim is (1, 5120)

  0%|          | 0/411 [00:00<?, ?it/s]
100%|██████████| 411/411 [00:00<00:00, 5728.34it/s]
Input feature clip-vit-large-patch14-UTT ===> dim is (1, 768)
test2: sample number 412
audio feature root: /root/autodl-tmp/MERTools-master/MERBench/dataset/mer2023-dataset-process/features/chinese-hubert-large-UTT

  0%|          | 0/412 [00:00<?, ?it/s]
100%|██████████| 412/412 [00:00<00:00, 15225.27it/s]
Input feature chinese-hubert-large-UTT ===> dim is (1, 1024)

  0%|          | 0/412 [00:00<?, ?it/s]
100%|██████████| 412/412 [00:00<00:00, 4765.82it/s]
Input feature Baichuan-13B-Base-UTT ===> dim is (1, 5120)

  0%|          | 0/412 [00:00<?, ?it/s]
100%|██████████| 412/412 [00:00<00:00, 18894.91it/s]
Input feature clip-vit-large-patch14-UTT ===> dim is (1, 768)
test3: sample number 834
audio feature root: /root/autodl-tmp/MERTools-master/MERBench/dataset/mer2023-dataset-process/features/chinese-hubert-large-UTT

  0%|          | 0/834 [00:00<?, ?it/s]
 56%|█████▌    | 464/834 [00:00<00:00, 3096.59it/s]
100%|██████████| 834/834 [00:00<00:00, 4550.27it/s]
Input feature chinese-hubert-large-UTT ===> dim is (1, 1024)

  0%|          | 0/834 [00:00<?, ?it/s]
 41%|████      | 339/834 [00:00<00:00, 3386.77it/s]
 81%|████████▏ | 678/834 [00:00<00:00, 3238.52it/s]
100%|██████████| 834/834 [00:00<00:00, 2853.94it/s]
Input feature Baichuan-13B-Base-UTT ===> dim is (1, 5120)

  0%|          | 0/834 [00:00<?, ?it/s]
 71%|███████   | 592/834 [00:00<00:00, 5867.32it/s]
100%|██████████| 834/834 [00:00<00:00, 7375.17it/s]
Input feature clip-vit-large-patch14-UTT ===> dim is (1, 768)
train&val folder:5; test sets:3
audio dimension: 1024; text dimension: 5120; video dimension: 768
====== Training and Evaluation =======
>>>>> Cross-validation: training on the 1 folder >>>>>
Step1: build model (each folder has its own model)
Step2: training (multiple epoches)
epoch:1; metric:emoval; train results:-0.3090; eval results:0.2844
epoch:2; metric:emoval; train results:0.3681; eval results:0.4826
epoch:3; metric:emoval; train results:0.4786; eval results:0.5012
epoch:4; metric:emoval; train results:0.5663; eval results:0.5549
epoch:5; metric:emoval; train results:0.6124; eval results:0.5718
epoch:6; metric:emoval; train results:0.6634; eval results:0.6048
epoch:7; metric:emoval; train results:0.6956; eval results:0.5473
epoch:8; metric:emoval; train results:0.7117; eval results:0.5762
epoch:9; metric:emoval; train results:0.7765; eval results:0.5588
epoch:10; metric:emoval; train results:0.7818; eval results:0.5565
epoch:11; metric:emoval; train results:0.8038; eval results:0.5782
epoch:12; metric:emoval; train results:0.8093; eval results:0.5750
epoch:13; metric:emoval; train results:0.7636; eval results:0.5063
epoch:14; metric:emoval; train results:0.8149; eval results:0.5792
epoch:15; metric:emoval; train results:0.8463; eval results:0.5884
epoch:16; metric:emoval; train results:0.8354; eval results:0.5599
epoch:17; metric:emoval; train results:0.8598; eval results:0.5637
epoch:18; metric:emoval; train results:0.8802; eval results:0.5423
epoch:19; metric:emoval; train results:0.8784; eval results:0.5571
epoch:20; metric:emoval; train results:0.8995; eval results:0.5985
epoch:21; metric:emoval; train results:0.9128; eval results:0.6026
epoch:22; metric:emoval; train results:0.9205; eval results:0.5106
epoch:23; metric:emoval; train results:0.9021; eval results:0.5736
epoch:24; metric:emoval; train results:0.9189; eval results:0.5519
epoch:25; metric:emoval; train results:0.9209; eval results:0.5266
epoch:26; metric:emoval; train results:0.9156; eval results:0.5696
epoch:27; metric:emoval; train results:0.9282; eval results:0.5607
epoch:28; metric:emoval; train results:0.9364; eval results:0.5411
epoch:29; metric:emoval; train results:0.9325; eval results:0.5728
epoch:30; metric:emoval; train results:0.9157; eval results:0.5813
epoch:31; metric:emoval; train results:0.9313; eval results:0.6066
epoch:32; metric:emoval; train results:0.9346; eval results:0.5499
epoch:33; metric:emoval; train results:0.9453; eval results:0.5192
epoch:34; metric:emoval; train results:0.9404; eval results:0.5606
epoch:35; metric:emoval; train results:0.9467; eval results:0.5729
epoch:36; metric:emoval; train results:0.9407; eval results:0.5796
epoch:37; metric:emoval; train results:0.9384; eval results:0.5588
epoch:38; metric:emoval; train results:0.9385; eval results:0.5533
epoch:39; metric:emoval; train results:0.9421; eval results:0.5997
epoch:40; metric:emoval; train results:0.9348; eval results:0.5697
epoch:41; metric:emoval; train results:0.9449; eval results:0.5640
epoch:42; metric:emoval; train results:0.9447; eval results:0.5774
epoch:43; metric:emoval; train results:0.9467; eval results:0.5786
epoch:44; metric:emoval; train results:0.9469; eval results:0.5711
epoch:45; metric:emoval; train results:0.9464; eval results:0.6022
epoch:46; metric:emoval; train results:0.9595; eval results:0.5717
epoch:47; metric:emoval; train results:0.9495; eval results:0.5435
epoch:48; metric:emoval; train results:0.9553; eval results:0.5866
epoch:49; metric:emoval; train results:0.9509; eval results:0.5811
epoch:50; metric:emoval; train results:0.9465; eval results:0.5709
epoch:51; metric:emoval; train results:0.9527; eval results:0.5715
epoch:52; metric:emoval; train results:0.9242; eval results:0.5662
epoch:53; metric:emoval; train results:0.9558; eval results:0.5866
epoch:54; metric:emoval; train results:0.9648; eval results:0.5794
epoch:55; metric:emoval; train results:0.9585; eval results:0.5417
epoch:56; metric:emoval; train results:0.9621; eval results:0.5594
epoch:57; metric:emoval; train results:0.9692; eval results:0.5960
epoch:58; metric:emoval; train results:0.9698; eval results:0.5967
epoch:59; metric:emoval; train results:0.9544; eval results:0.5906
epoch:60; metric:emoval; train results:0.9556; eval results:0.5379
epoch:61; metric:emoval; train results:0.9497; eval results:0.5563
epoch:62; metric:emoval; train results:0.9669; eval results:0.5567
epoch:63; metric:emoval; train results:0.9522; eval results:0.5787
epoch:64; metric:emoval; train results:0.9700; eval results:0.5854
epoch:65; metric:emoval; train results:0.9552; eval results:0.5601
epoch:66; metric:emoval; train results:0.9523; eval results:0.5358
epoch:67; metric:emoval; train results:0.9684; eval results:0.5954
epoch:68; metric:emoval; train results:0.9717; eval results:0.5862
epoch:69; metric:emoval; train results:0.9675; eval results:0.5382
epoch:70; metric:emoval; train results:0.9623; eval results:0.5603
epoch:71; metric:emoval; train results:0.9676; eval results:0.5982
epoch:72; metric:emoval; train results:0.9657; eval results:0.5580
epoch:73; metric:emoval; train results:0.9514; eval results:0.5751
epoch:74; metric:emoval; train results:0.9618; eval results:0.5271
epoch:75; metric:emoval; train results:0.9645; eval results:0.4835
epoch:76; metric:emoval; train results:0.7920; eval results:0.5626
epoch:77; metric:emoval; train results:0.9296; eval results:0.5484
epoch:78; metric:emoval; train results:0.9561; eval results:0.5624
epoch:79; metric:emoval; train results:0.9654; eval results:0.5519
epoch:80; metric:emoval; train results:0.9678; eval results:0.5598
epoch:81; metric:emoval; train results:0.9678; eval results:0.5313
epoch:82; metric:emoval; train results:0.9675; eval results:0.5622
epoch:83; metric:emoval; train results:0.9659; eval results:0.5690
epoch:84; metric:emoval; train results:0.9633; eval results:0.5602
epoch:85; metric:emoval; train results:0.9605; eval results:0.5691
epoch:86; metric:emoval; train results:0.9623; eval results:0.5804
epoch:87; metric:emoval; train results:0.9476; eval results:0.5382
epoch:88; metric:emoval; train results:0.9679; eval results:0.5832
epoch:89; metric:emoval; train results:0.9631; eval results:0.5501
epoch:90; metric:emoval; train results:0.9698; eval results:0.5608
epoch:91; metric:emoval; train results:0.9638; eval results:0.5649
epoch:92; metric:emoval; train results:0.9687; eval results:0.5713
epoch:93; metric:emoval; train results:0.9629; eval results:0.5484
epoch:94; metric:emoval; train results:0.9706; eval results:0.5872
epoch:95; metric:emoval; train results:0.9772; eval results:0.5389
epoch:96; metric:emoval; train results:0.9802; eval results:0.5542
epoch:97; metric:emoval; train results:0.9808; eval results:0.5743
epoch:98; metric:emoval; train results:0.9741; eval results:0.5948
epoch:99; metric:emoval; train results:0.9683; eval results:0.5667
epoch:100; metric:emoval; train results:0.9668; eval results:0.5400
Step3: saving and testing on the 1 folder
>>>>> Finish: training on the 1-th folder, best_index: 30, duration: 319.4786012172699 >>>>>
>>>>> Cross-validation: training on the 2 folder >>>>>
Step1: build model (each folder has its own model)
Step2: training (multiple epoches)
epoch:1; metric:emoval; train results:-1.4454; eval results:0.2226
epoch:2; metric:emoval; train results:0.2971; eval results:0.4052
epoch:3; metric:emoval; train results:0.4522; eval results:0.4162
epoch:4; metric:emoval; train results:0.5406; eval results:0.5360
epoch:5; metric:emoval; train results:0.6060; eval results:0.5135
epoch:6; metric:emoval; train results:0.6222; eval results:0.5607
epoch:7; metric:emoval; train results:0.6727; eval results:0.5654
epoch:8; metric:emoval; train results:0.7095; eval results:0.5432
epoch:9; metric:emoval; train results:0.7108; eval results:0.5345
epoch:10; metric:emoval; train results:0.7300; eval results:0.5673
epoch:11; metric:emoval; train results:0.7653; eval results:0.5279
epoch:12; metric:emoval; train results:0.8037; eval results:0.5657
epoch:13; metric:emoval; train results:0.7885; eval results:0.5768
epoch:14; metric:emoval; train results:0.8195; eval results:0.5064
epoch:15; metric:emoval; train results:0.8478; eval results:0.5749
epoch:16; metric:emoval; train results:0.8278; eval results:0.5708
epoch:17; metric:emoval; train results:0.8730; eval results:0.5755
epoch:18; metric:emoval; train results:0.8777; eval results:0.5336
epoch:19; metric:emoval; train results:0.8773; eval results:0.5108
epoch:20; metric:emoval; train results:0.8765; eval results:0.5583
epoch:21; metric:emoval; train results:0.8895; eval results:0.5695
epoch:22; metric:emoval; train results:0.8953; eval results:0.5335
epoch:23; metric:emoval; train results:0.8859; eval results:0.5832
epoch:24; metric:emoval; train results:0.8983; eval results:0.5517
epoch:25; metric:emoval; train results:0.9060; eval results:0.5886
epoch:26; metric:emoval; train results:0.9153; eval results:0.5686
epoch:27; metric:emoval; train results:0.9263; eval results:0.5609
epoch:28; metric:emoval; train results:0.9081; eval results:0.5916
epoch:29; metric:emoval; train results:0.9255; eval results:0.5877
epoch:30; metric:emoval; train results:0.9388; eval results:0.5317
epoch:31; metric:emoval; train results:0.9290; eval results:0.4018
epoch:32; metric:emoval; train results:0.8288; eval results:0.5527
epoch:33; metric:emoval; train results:0.9114; eval results:0.5613
epoch:34; metric:emoval; train results:0.9254; eval results:0.5388
epoch:35; metric:emoval; train results:0.9353; eval results:0.5437
epoch:36; metric:emoval; train results:0.9299; eval results:0.5662
epoch:37; metric:emoval; train results:0.9469; eval results:0.5927
epoch:38; metric:emoval; train results:0.9367; eval results:0.5659
epoch:39; metric:emoval; train results:0.9326; eval results:0.5353
epoch:40; metric:emoval; train results:0.9462; eval results:0.5622
epoch:41; metric:emoval; train results:0.9342; eval results:0.5869
epoch:42; metric:emoval; train results:0.9501; eval results:0.5440
epoch:43; metric:emoval; train results:0.9473; eval results:0.5245
epoch:44; metric:emoval; train results:0.9452; eval results:0.5244
epoch:45; metric:emoval; train results:0.9519; eval results:0.5481
epoch:46; metric:emoval; train results:0.9528; eval results:0.5690
epoch:47; metric:emoval; train results:0.9516; eval results:0.5579
epoch:48; metric:emoval; train results:0.9440; eval results:0.5707
epoch:49; metric:emoval; train results:0.9484; eval results:0.5461
epoch:50; metric:emoval; train results:0.9498; eval results:0.5861
epoch:51; metric:emoval; train results:0.9448; eval results:0.5536
epoch:52; metric:emoval; train results:0.9460; eval results:0.5748
epoch:53; metric:emoval; train results:0.9448; eval results:0.5418
epoch:54; metric:emoval; train results:0.9457; eval results:0.5823
epoch:55; metric:emoval; train results:0.9410; eval results:0.5638
epoch:56; metric:emoval; train results:0.9562; eval results:0.5534
epoch:57; metric:emoval; train results:0.9570; eval results:0.5643
epoch:58; metric:emoval; train results:0.9539; eval results:0.5416
epoch:59; metric:emoval; train results:0.9657; eval results:0.5708
epoch:60; metric:emoval; train results:0.9659; eval results:0.5432
epoch:61; metric:emoval; train results:0.9654; eval results:0.5499
epoch:62; metric:emoval; train results:0.9555; eval results:0.5531
epoch:63; metric:emoval; train results:0.9599; eval results:0.5584
epoch:64; metric:emoval; train results:0.9513; eval results:0.5487
epoch:65; metric:emoval; train results:0.9577; eval results:0.5249
epoch:66; metric:emoval; train results:0.9636; eval results:0.5494
epoch:67; metric:emoval; train results:0.9600; eval results:0.5388
epoch:68; metric:emoval; train results:0.9561; eval results:0.5430
epoch:69; metric:emoval; train results:0.9548; eval results:0.5579
epoch:70; metric:emoval; train results:0.9592; eval results:0.5360
epoch:71; metric:emoval; train results:0.9574; eval results:0.5535
epoch:72; metric:emoval; train results:0.9522; eval results:0.5762
epoch:73; metric:emoval; train results:0.9551; eval results:0.5338
epoch:74; metric:emoval; train results:0.9652; eval results:0.5452
epoch:75; metric:emoval; train results:0.9635; eval results:0.5229
epoch:76; metric:emoval; train results:0.9492; eval results:0.5127
epoch:77; metric:emoval; train results:0.9595; eval results:0.5389
epoch:78; metric:emoval; train results:0.9663; eval results:0.5350
epoch:79; metric:emoval; train results:0.9628; eval results:0.5339
epoch:80; metric:emoval; train results:0.9599; eval results:0.5407
epoch:81; metric:emoval; train results:0.9559; eval results:0.5525
epoch:82; metric:emoval; train results:0.9658; eval results:0.5788
epoch:83; metric:emoval; train results:0.9550; eval results:0.5544
epoch:84; metric:emoval; train results:0.9678; eval results:0.5380
epoch:85; metric:emoval; train results:0.9703; eval results:0.5293
epoch:86; metric:emoval; train results:0.9731; eval results:0.5591
epoch:87; metric:emoval; train results:0.9709; eval results:0.5453
epoch:88; metric:emoval; train results:0.9691; eval results:0.5711
epoch:89; metric:emoval; train results:0.9750; eval results:0.5515
epoch:90; metric:emoval; train results:0.9692; eval results:0.5523
epoch:91; metric:emoval; train results:0.9567; eval results:0.5554
epoch:92; metric:emoval; train results:0.9615; eval results:0.5538
epoch:93; metric:emoval; train results:0.9716; eval results:0.5530
epoch:94; metric:emoval; train results:0.9674; eval results:0.5202
epoch:95; metric:emoval; train results:0.9673; eval results:0.5356
epoch:96; metric:emoval; train results:0.9718; eval results:0.5440
epoch:97; metric:emoval; train results:0.9665; eval results:0.5223
epoch:98; metric:emoval; train results:0.9671; eval results:0.5514
epoch:99; metric:emoval; train results:0.9600; eval results:0.5101
epoch:100; metric:emoval; train results:0.9603; eval results:0.5366
Step3: saving and testing on the 2 folder
>>>>> Finish: training on the 2-th folder, best_index: 36, duration: 317.49060463905334 >>>>>
>>>>> Cross-validation: training on the 3 folder >>>>>
Step1: build model (each folder has its own model)
Step2: training (multiple epoches)
epoch:1; metric:emoval; train results:-0.4795; eval results:0.3081
epoch:2; metric:emoval; train results:0.3858; eval results:0.2801
epoch:3; metric:emoval; train results:0.4971; eval results:0.5113
epoch:4; metric:emoval; train results:0.5809; eval results:0.5056
epoch:5; metric:emoval; train results:0.6443; eval results:0.5504
epoch:6; metric:emoval; train results:0.6908; eval results:0.5165
epoch:7; metric:emoval; train results:0.7295; eval results:0.5363
epoch:8; metric:emoval; train results:0.7577; eval results:0.5259
epoch:9; metric:emoval; train results:0.7685; eval results:0.5745
epoch:10; metric:emoval; train results:0.7786; eval results:0.4768
epoch:11; metric:emoval; train results:0.8016; eval results:0.5815
epoch:12; metric:emoval; train results:0.8241; eval results:0.5229
epoch:13; metric:emoval; train results:0.8282; eval results:0.4506
epoch:14; metric:emoval; train results:0.8312; eval results:0.5610
epoch:15; metric:emoval; train results:0.8654; eval results:0.5147
epoch:16; metric:emoval; train results:0.8561; eval results:0.5317
epoch:17; metric:emoval; train results:0.8716; eval results:0.5254
epoch:18; metric:emoval; train results:0.8800; eval results:0.5608
epoch:19; metric:emoval; train results:0.8621; eval results:0.5139
epoch:20; metric:emoval; train results:0.8887; eval results:0.5667
epoch:21; metric:emoval; train results:0.9010; eval results:0.5490
epoch:22; metric:emoval; train results:0.9133; eval results:0.5120
epoch:23; metric:emoval; train results:0.9027; eval results:0.5168
epoch:24; metric:emoval; train results:0.9052; eval results:0.5394
epoch:25; metric:emoval; train results:0.9248; eval results:0.4997
epoch:26; metric:emoval; train results:0.9139; eval results:0.5058
epoch:27; metric:emoval; train results:0.9274; eval results:0.5332
epoch:28; metric:emoval; train results:0.9149; eval results:0.5217
epoch:29; metric:emoval; train results:0.9164; eval results:0.5055
epoch:30; metric:emoval; train results:0.9251; eval results:0.5298
epoch:31; metric:emoval; train results:0.9361; eval results:0.4916
epoch:32; metric:emoval; train results:0.9304; eval results:0.5526
epoch:33; metric:emoval; train results:0.9405; eval results:0.5249
epoch:34; metric:emoval; train results:0.9356; eval results:0.5400
epoch:35; metric:emoval; train results:0.9422; eval results:0.5470
epoch:36; metric:emoval; train results:0.9474; eval results:0.5127
epoch:37; metric:emoval; train results:0.9376; eval results:0.5370
epoch:38; metric:emoval; train results:0.9279; eval results:0.5282
epoch:39; metric:emoval; train results:0.9301; eval results:0.4962
epoch:40; metric:emoval; train results:0.9379; eval results:0.5171
epoch:41; metric:emoval; train results:0.9523; eval results:0.5084
epoch:42; metric:emoval; train results:0.9490; eval results:0.4908
epoch:43; metric:emoval; train results:0.9416; eval results:0.5429
epoch:44; metric:emoval; train results:0.9328; eval results:0.5054
epoch:45; metric:emoval; train results:0.9370; eval results:0.5084
epoch:46; metric:emoval; train results:0.9514; eval results:0.5282
epoch:47; metric:emoval; train results:0.9490; eval results:0.5309
epoch:48; metric:emoval; train results:0.9560; eval results:0.5276
epoch:49; metric:emoval; train results:0.9497; eval results:0.5599
epoch:50; metric:emoval; train results:0.9472; eval results:0.4514
epoch:51; metric:emoval; train results:0.9440; eval results:0.5545
epoch:52; metric:emoval; train results:0.9550; eval results:0.5496
epoch:53; metric:emoval; train results:0.9592; eval results:0.4609
epoch:54; metric:emoval; train results:0.9500; eval results:0.5313
epoch:55; metric:emoval; train results:0.9498; eval results:0.5120
epoch:56; metric:emoval; train results:0.9571; eval results:0.5194
epoch:57; metric:emoval; train results:0.9475; eval results:0.5341
epoch:58; metric:emoval; train results:0.9536; eval results:0.5282
epoch:59; metric:emoval; train results:0.9369; eval results:0.5290
epoch:60; metric:emoval; train results:0.9501; eval results:0.4898
epoch:61; metric:emoval; train results:0.9521; eval results:0.5245
epoch:62; metric:emoval; train results:0.9565; eval results:0.5183
epoch:63; metric:emoval; train results:0.9620; eval results:0.4967
epoch:64; metric:emoval; train results:0.9542; eval results:0.5226
epoch:65; metric:emoval; train results:0.9541; eval results:0.5270
epoch:66; metric:emoval; train results:0.9578; eval results:0.5367
epoch:67; metric:emoval; train results:0.9574; eval results:0.5534
epoch:68; metric:emoval; train results:0.9614; eval results:0.5073
epoch:69; metric:emoval; train results:0.9597; eval results:0.5255
epoch:70; metric:emoval; train results:0.9700; eval results:0.5414
epoch:71; metric:emoval; train results:0.9608; eval results:0.5248
epoch:72; metric:emoval; train results:0.9593; eval results:0.5330
epoch:73; metric:emoval; train results:0.9623; eval results:0.5239
epoch:74; metric:emoval; train results:0.9623; eval results:0.5092
epoch:75; metric:emoval; train results:0.9656; eval results:0.5317
epoch:76; metric:emoval; train results:0.9653; eval results:0.5148
epoch:77; metric:emoval; train results:0.9353; eval results:0.4844
epoch:78; metric:emoval; train results:0.9523; eval results:0.4932
epoch:79; metric:emoval; train results:0.9561; eval results:0.5221
epoch:80; metric:emoval; train results:0.9529; eval results:0.5349
epoch:81; metric:emoval; train results:0.9615; eval results:0.5284
epoch:82; metric:emoval; train results:0.9709; eval results:0.5445
epoch:83; metric:emoval; train results:0.9663; eval results:0.5201
epoch:84; metric:emoval; train results:0.9631; eval results:0.5143
epoch:85; metric:emoval; train results:0.9666; eval results:0.5302
epoch:86; metric:emoval; train results:0.9749; eval results:0.5278
epoch:87; metric:emoval; train results:0.9689; eval results:0.5116
epoch:88; metric:emoval; train results:0.9673; eval results:0.5021
epoch:89; metric:emoval; train results:0.9604; eval results:0.5332
epoch:90; metric:emoval; train results:0.9534; eval results:0.5445
epoch:91; metric:emoval; train results:0.9633; eval results:0.5151
epoch:92; metric:emoval; train results:0.9558; eval results:0.5278
epoch:93; metric:emoval; train results:0.9688; eval results:0.5238
epoch:94; metric:emoval; train results:0.9642; eval results:0.4832
epoch:95; metric:emoval; train results:0.9715; eval results:0.5266
epoch:96; metric:emoval; train results:0.9731; eval results:0.5218
epoch:97; metric:emoval; train results:0.9765; eval results:0.5422
epoch:98; metric:emoval; train results:0.9744; eval results:0.4940
epoch:99; metric:emoval; train results:0.9761; eval results:0.4984
epoch:100; metric:emoval; train results:0.9648; eval results:0.4971
Step3: saving and testing on the 3 folder
>>>>> Finish: training on the 3-th folder, best_index: 10, duration: 321.61965799331665 >>>>>
>>>>> Cross-validation: training on the 4 folder >>>>>
Step1: build model (each folder has its own model)
Step2: training (multiple epoches)
epoch:1; metric:emoval; train results:-4.0676; eval results:-0.0690
epoch:2; metric:emoval; train results:0.1625; eval results:0.3942
epoch:3; metric:emoval; train results:0.3917; eval results:0.4790
epoch:4; metric:emoval; train results:0.4622; eval results:0.5266
epoch:5; metric:emoval; train results:0.5337; eval results:0.4529
epoch:6; metric:emoval; train results:0.5857; eval results:0.5090
epoch:7; metric:emoval; train results:0.6209; eval results:0.5584
epoch:8; metric:emoval; train results:0.6657; eval results:0.5829
epoch:9; metric:emoval; train results:0.7089; eval results:0.5754
epoch:10; metric:emoval; train results:0.7253; eval results:0.5428
epoch:11; metric:emoval; train results:0.7481; eval results:0.5986
epoch:12; metric:emoval; train results:0.7692; eval results:0.5601
epoch:13; metric:emoval; train results:0.7837; eval results:0.5885
epoch:14; metric:emoval; train results:0.7961; eval results:0.5813
epoch:15; metric:emoval; train results:0.8205; eval results:0.5815
epoch:16; metric:emoval; train results:0.8298; eval results:0.5905
epoch:17; metric:emoval; train results:0.8419; eval results:0.4723
epoch:18; metric:emoval; train results:0.8335; eval results:0.5488
epoch:19; metric:emoval; train results:0.8672; eval results:0.5654
epoch:20; metric:emoval; train results:0.8705; eval results:0.5599
epoch:21; metric:emoval; train results:0.8790; eval results:0.5939
epoch:22; metric:emoval; train results:0.8912; eval results:0.5798
epoch:23; metric:emoval; train results:0.8912; eval results:0.5895
epoch:24; metric:emoval; train results:0.8993; eval results:0.5716
epoch:25; metric:emoval; train results:0.8958; eval results:0.5760
epoch:26; metric:emoval; train results:0.9057; eval results:0.5664
epoch:27; metric:emoval; train results:0.9089; eval results:0.5703
epoch:28; metric:emoval; train results:0.9155; eval results:0.5593
epoch:29; metric:emoval; train results:0.9097; eval results:0.5927
epoch:30; metric:emoval; train results:0.8993; eval results:0.5677
epoch:31; metric:emoval; train results:0.9195; eval results:0.5840
epoch:32; metric:emoval; train results:0.9215; eval results:0.4455
epoch:33; metric:emoval; train results:0.8991; eval results:0.5760
epoch:34; metric:emoval; train results:0.9272; eval results:0.5876
epoch:35; metric:emoval; train results:0.9285; eval results:0.5858
epoch:36; metric:emoval; train results:0.9356; eval results:0.5853
epoch:37; metric:emoval; train results:0.9400; eval results:0.5898
epoch:38; metric:emoval; train results:0.9309; eval results:0.5730
epoch:39; metric:emoval; train results:0.9362; eval results:0.5472
epoch:40; metric:emoval; train results:0.9356; eval results:0.5986
epoch:41; metric:emoval; train results:0.9348; eval results:0.5805
epoch:42; metric:emoval; train results:0.9384; eval results:0.5848
epoch:43; metric:emoval; train results:0.9408; eval results:0.5509
epoch:44; metric:emoval; train results:0.9396; eval results:0.5828
epoch:45; metric:emoval; train results:0.9458; eval results:0.5147
epoch:46; metric:emoval; train results:0.9342; eval results:0.5606
epoch:47; metric:emoval; train results:0.9376; eval results:0.5682
epoch:48; metric:emoval; train results:0.9380; eval results:0.5588
epoch:49; metric:emoval; train results:0.9488; eval results:0.5704
epoch:50; metric:emoval; train results:0.9541; eval results:0.6028
epoch:51; metric:emoval; train results:0.9450; eval results:0.5783
epoch:52; metric:emoval; train results:0.9493; eval results:0.5747
epoch:53; metric:emoval; train results:0.9519; eval results:0.5787
epoch:54; metric:emoval; train results:0.9525; eval results:0.5631
epoch:55; metric:emoval; train results:0.9593; eval results:0.5898
epoch:56; metric:emoval; train results:0.9582; eval results:0.5736
epoch:57; metric:emoval; train results:0.9546; eval results:0.5677
epoch:58; metric:emoval; train results:0.9442; eval results:0.5259
epoch:59; metric:emoval; train results:0.9447; eval results:0.5685
epoch:60; metric:emoval; train results:0.9437; eval results:0.5612
epoch:61; metric:emoval; train results:0.9483; eval results:0.5786
epoch:62; metric:emoval; train results:0.9470; eval results:0.5613
epoch:63; metric:emoval; train results:0.9542; eval results:0.5810
epoch:64; metric:emoval; train results:0.9620; eval results:0.5668
epoch:65; metric:emoval; train results:0.9609; eval results:0.5620
epoch:66; metric:emoval; train results:0.9560; eval results:0.5721
epoch:67; metric:emoval; train results:0.9468; eval results:0.5964
epoch:68; metric:emoval; train results:0.9561; eval results:0.5788
epoch:69; metric:emoval; train results:0.9628; eval results:0.5863
epoch:70; metric:emoval; train results:0.9655; eval results:0.6018
epoch:71; metric:emoval; train results:0.9675; eval results:0.5522
epoch:72; metric:emoval; train results:0.9662; eval results:0.5813
epoch:73; metric:emoval; train results:0.9611; eval results:0.5465
epoch:74; metric:emoval; train results:0.9521; eval results:0.5413
epoch:75; metric:emoval; train results:0.9420; eval results:0.5668
epoch:76; metric:emoval; train results:0.9518; eval results:0.5547
epoch:77; metric:emoval; train results:0.9635; eval results:0.5327
epoch:78; metric:emoval; train results:0.9714; eval results:0.5770
epoch:79; metric:emoval; train results:0.9671; eval results:0.5641
epoch:80; metric:emoval; train results:0.9626; eval results:0.5486
epoch:81; metric:emoval; train results:0.9598; eval results:0.5918
epoch:82; metric:emoval; train results:0.9589; eval results:0.5800
epoch:83; metric:emoval; train results:0.9670; eval results:0.5646
epoch:84; metric:emoval; train results:0.9636; eval results:0.5800
epoch:85; metric:emoval; train results:0.9591; eval results:0.5749
epoch:86; metric:emoval; train results:0.9646; eval results:0.5501
epoch:87; metric:emoval; train results:0.9604; eval results:0.5947
epoch:88; metric:emoval; train results:0.9620; eval results:0.5786
epoch:89; metric:emoval; train results:0.9673; eval results:0.5880
epoch:90; metric:emoval; train results:0.9676; eval results:0.6014
epoch:91; metric:emoval; train results:0.9657; eval results:0.5655
epoch:92; metric:emoval; train results:0.9660; eval results:0.5761
epoch:93; metric:emoval; train results:0.9693; eval results:0.5865
epoch:94; metric:emoval; train results:0.9632; eval results:0.5465
epoch:95; metric:emoval; train results:0.9700; eval results:0.5886
epoch:96; metric:emoval; train results:0.9641; eval results:0.5531
epoch:97; metric:emoval; train results:0.9671; eval results:0.5708
epoch:98; metric:emoval; train results:0.9481; eval results:0.5331
epoch:99; metric:emoval; train results:0.9657; eval results:0.5567
epoch:100; metric:emoval; train results:0.9688; eval results:0.5699
Step3: saving and testing on the 4 folder
>>>>> Finish: training on the 4-th folder, best_index: 49, duration: 333.07645869255066 >>>>>
>>>>> Cross-validation: training on the 5 folder >>>>>
Step1: build model (each folder has its own model)
Step2: training (multiple epoches)
epoch:1; metric:emoval; train results:-0.1762; eval results:0.2533
epoch:2; metric:emoval; train results:0.4238; eval results:0.4969
epoch:3; metric:emoval; train results:0.5317; eval results:0.5116
epoch:4; metric:emoval; train results:0.5611; eval results:0.4997
epoch:5; metric:emoval; train results:0.6358; eval results:0.5375
epoch:6; metric:emoval; train results:0.6889; eval results:0.5644
epoch:7; metric:emoval; train results:0.7242; eval results:0.5588
epoch:8; metric:emoval; train results:0.7637; eval results:0.4888
epoch:9; metric:emoval; train results:0.7866; eval results:0.5302
epoch:10; metric:emoval; train results:0.8010; eval results:0.5538
epoch:11; metric:emoval; train results:0.8157; eval results:0.5500
epoch:12; metric:emoval; train results:0.8437; eval results:0.5437
epoch:13; metric:emoval; train results:0.8603; eval results:0.5527
epoch:14; metric:emoval; train results:0.8626; eval results:0.5648
epoch:15; metric:emoval; train results:0.8765; eval results:0.5479
epoch:16; metric:emoval; train results:0.8713; eval results:0.5163
epoch:17; metric:emoval; train results:0.8902; eval results:0.5685
epoch:18; metric:emoval; train results:0.8911; eval results:0.5541
epoch:19; metric:emoval; train results:0.9051; eval results:0.5523
epoch:20; metric:emoval; train results:0.9127; eval results:0.5462
epoch:21; metric:emoval; train results:0.9071; eval results:0.5303
epoch:22; metric:emoval; train results:0.8940; eval results:0.5246
epoch:23; metric:emoval; train results:0.9185; eval results:0.5586
epoch:24; metric:emoval; train results:0.9244; eval results:0.5466
epoch:25; metric:emoval; train results:0.9260; eval results:0.5481
epoch:26; metric:emoval; train results:0.9142; eval results:0.5302
epoch:27; metric:emoval; train results:0.9340; eval results:0.5604
epoch:28; metric:emoval; train results:0.9337; eval results:0.5142
epoch:29; metric:emoval; train results:0.9394; eval results:0.5400
epoch:30; metric:emoval; train results:0.9352; eval results:0.5159
epoch:31; metric:emoval; train results:0.9368; eval results:0.5401
epoch:32; metric:emoval; train results:0.9274; eval results:0.5450
epoch:33; metric:emoval; train results:0.9375; eval results:0.5396
epoch:34; metric:emoval; train results:0.9468; eval results:0.5417
epoch:35; metric:emoval; train results:0.9558; eval results:0.5451
epoch:36; metric:emoval; train results:0.9480; eval results:0.5586
epoch:37; metric:emoval; train results:0.9440; eval results:0.5546
epoch:38; metric:emoval; train results:0.9541; eval results:0.5206
epoch:39; metric:emoval; train results:0.9505; eval results:0.5145
epoch:40; metric:emoval; train results:0.9500; eval results:0.5298
epoch:41; metric:emoval; train results:0.9541; eval results:0.5390
epoch:42; metric:emoval; train results:0.9437; eval results:0.5384
epoch:43; metric:emoval; train results:0.9462; eval results:0.5052
epoch:44; metric:emoval; train results:0.9402; eval results:0.5510
epoch:45; metric:emoval; train results:0.9502; eval results:0.5676
epoch:46; metric:emoval; train results:0.9565; eval results:0.4894
epoch:47; metric:emoval; train results:0.9513; eval results:0.5212
epoch:48; metric:emoval; train results:0.9472; eval results:0.5329
epoch:49; metric:emoval; train results:0.9474; eval results:0.5100
epoch:50; metric:emoval; train results:0.9462; eval results:0.5351
epoch:51; metric:emoval; train results:0.9561; eval results:0.5224
epoch:52; metric:emoval; train results:0.9527; eval results:0.5169
epoch:53; metric:emoval; train results:0.9564; eval results:0.5500
epoch:54; metric:emoval; train results:0.9531; eval results:0.5005
epoch:55; metric:emoval; train results:0.9448; eval results:0.5024
epoch:56; metric:emoval; train results:0.9494; eval results:0.5063
epoch:57; metric:emoval; train results:0.9598; eval results:0.4758
epoch:58; metric:emoval; train results:0.9462; eval results:0.5084
epoch:59; metric:emoval; train results:0.9520; eval results:0.5144
epoch:60; metric:emoval; train results:0.9542; eval results:0.5428
epoch:61; metric:emoval; train results:0.9631; eval results:0.5396
epoch:62; metric:emoval; train results:0.9648; eval results:0.5448
epoch:63; metric:emoval; train results:0.9697; eval results:0.5146
epoch:64; metric:emoval; train results:0.9691; eval results:0.4987
epoch:65; metric:emoval; train results:0.9623; eval results:0.5433
epoch:66; metric:emoval; train results:0.9706; eval results:0.5395
epoch:67; metric:emoval; train results:0.9743; eval results:0.5234
epoch:68; metric:emoval; train results:0.9652; eval results:0.5349
epoch:69; metric:emoval; train results:0.9459; eval results:0.5424
epoch:70; metric:emoval; train results:0.9564; eval results:0.5085
epoch:71; metric:emoval; train results:0.9501; eval results:0.4573
epoch:72; metric:emoval; train results:0.9633; eval results:0.5248
epoch:73; metric:emoval; train results:0.9670; eval results:0.5280
epoch:74; metric:emoval; train results:0.9681; eval results:0.5562
epoch:75; metric:emoval; train results:0.9704; eval results:0.5168
epoch:76; metric:emoval; train results:0.9759; eval results:0.5390
epoch:77; metric:emoval; train results:0.9767; eval results:0.5258
epoch:78; metric:emoval; train results:0.9741; eval results:0.5223
epoch:79; metric:emoval; train results:0.9689; eval results:0.5229
epoch:80; metric:emoval; train results:0.9543; eval results:0.5400
epoch:81; metric:emoval; train results:0.9659; eval results:0.4875
epoch:82; metric:emoval; train results:0.9724; eval results:0.5129
epoch:83; metric:emoval; train results:0.9700; eval results:0.5306
epoch:84; metric:emoval; train results:0.9698; eval results:0.5217
epoch:85; metric:emoval; train results:0.9718; eval results:0.5300
epoch:86; metric:emoval; train results:0.9718; eval results:0.5167
epoch:87; metric:emoval; train results:0.9776; eval results:0.5343
epoch:88; metric:emoval; train results:0.9767; eval results:0.5243
epoch:89; metric:emoval; train results:0.9760; eval results:0.5315
epoch:90; metric:emoval; train results:0.9731; eval results:0.5297
epoch:91; metric:emoval; train results:0.9762; eval results:0.5171
epoch:92; metric:emoval; train results:0.9748; eval results:0.5121
epoch:93; metric:emoval; train results:0.9644; eval results:0.5244
epoch:94; metric:emoval; train results:0.9535; eval results:0.5267
epoch:95; metric:emoval; train results:0.9699; eval results:0.5141
epoch:96; metric:emoval; train results:0.9749; eval results:0.5346
epoch:97; metric:emoval; train results:0.9716; eval results:0.5402
epoch:98; metric:emoval; train results:0.9695; eval results:0.5481
epoch:99; metric:emoval; train results:0.9726; eval results:0.5283
epoch:100; metric:emoval; train results:0.9705; eval results:0.5307
Step3: saving and testing on the 5 folder
>>>>> Finish: training on the 5-th folder, best_index: 16, duration: 252.44604778289795 >>>>>
====== Prediction and Saving =======
save results in ./saved_grid_repeat_b/cand02_hd256_do0.3_lr0.001/rep02-trimodal/result/cv_features:Baichuan-13B-Base-UTT+chinese-hubert-large-UTT+clip-vit-large-patch14-UTT_dataset:MER2023_model:attention+utt+None_f1:0.7581_acc:0.7614_val:0.6708_1771816300.4646845.npz
save results in ./saved_grid_repeat_b/cand02_hd256_do0.3_lr0.001/rep02-trimodal/result/test1_features:Baichuan-13B-Base-UTT+chinese-hubert-large-UTT+clip-vit-large-patch14-UTT_dataset:MER2023_model:attention+utt+None_f1:0.8187_acc:0.8200_val:0.6328_1771816300.4646845.npz
save results in ./saved_grid_repeat_b/cand02_hd256_do0.3_lr0.001/rep02-trimodal/result/test2_features:Baichuan-13B-Base-UTT+chinese-hubert-large-UTT+clip-vit-large-patch14-UTT_dataset:MER2023_model:attention+utt+None_f1:0.7650_acc:0.7694_val:0.6368_1771816300.4646845.npz
save results in ./saved_grid_repeat_b/cand02_hd256_do0.3_lr0.001/rep02-trimodal/result/test3_features:Baichuan-13B-Base-UTT+chinese-hubert-large-UTT+clip-vit-large-patch14-UTT_dataset:MER2023_model:attention+utt+None_f1:0.8926_acc:0.8933_val:80.0340_1771816300.4646845.npz
