set global seed to 3408
====== Params Pre-analysis =======
args:  Namespace(audio_feature='chinese-hubert-large-UTT', batch_size=32, dataset='MER2023', debug=False, dropout=0.4, e2e_dim=None, e2e_name=None, epochs=100, feat_scale=1, feat_type='utt', gpu=0, grad_clip=-1.0, hidden_dim=128, hyper_path='/root/autodl-tmp/MERTools-master/MERBench/logs/attention_grid_repeat/hparams/cand02_hd128_do0.4_lr0.0001.yaml', l2=1e-05, lr=0.0001, lr_adjust='case1', model='attention', n_classes=None, num_workers=0, print_iters=100000000.0, save_iters=100000000.0, save_root='./saved_grid_repeat/cand02_hd128_do0.4_lr0.0001/rep02-trimodal', savemodel=False, seed=3408, test_dataset=None, text_feature='Baichuan-13B-Base-UTT', train_dataset=None, video_feature='clip-vit-large-patch14-UTT')
====== Reading Data =======
train: sample number 3373
audio feature root: /root/autodl-tmp/MERTools-master/MERBench/dataset/mer2023-dataset-process/features/chinese-hubert-large-UTT

  0%|          | 0/3373 [00:00<?, ?it/s]
 17%|█▋        | 569/3373 [00:00<00:00, 5657.50it/s]
 35%|███▍      | 1164/3373 [00:00<00:00, 5800.01it/s]
 52%|█████▏    | 1744/3373 [00:00<00:00, 5112.53it/s]
 67%|██████▋   | 2264/3373 [00:00<00:00, 5063.49it/s]
 82%|████████▏ | 2776/3373 [00:00<00:00, 4017.43it/s]
 95%|█████████▌| 3207/3373 [00:00<00:00, 3956.59it/s]
100%|██████████| 3373/3373 [00:00<00:00, 4562.02it/s]
Input feature chinese-hubert-large-UTT ===> dim is (1, 1024)

  0%|          | 0/3373 [00:00<?, ?it/s]
  8%|▊         | 277/3373 [00:00<00:01, 2767.72it/s]
 16%|█▋        | 554/3373 [00:00<00:01, 1932.32it/s]
 23%|██▎       | 764/3373 [00:00<00:01, 1993.55it/s]
 29%|██▉       | 973/3373 [00:00<00:01, 2002.80it/s]
 35%|███▌      | 1184/3373 [00:00<00:01, 2029.31it/s]
 42%|████▏     | 1417/3373 [00:00<00:00, 2123.44it/s]
 48%|████▊     | 1633/3373 [00:00<00:00, 2103.03it/s]
 55%|█████▌    | 1868/3373 [00:00<00:00, 2177.18it/s]
 62%|██████▏   | 2094/3373 [00:00<00:00, 2194.08it/s]
 69%|██████▊   | 2315/3373 [00:01<00:00, 2189.40it/s]
 75%|███████▌  | 2535/3373 [00:01<00:00, 2121.91it/s]
 82%|████████▏ | 2753/3373 [00:01<00:00, 2137.39it/s]
 88%|████████▊ | 2968/3373 [00:01<00:00, 2070.13it/s]
 94%|█████████▍| 3176/3373 [00:01<00:00, 2066.05it/s]
100%|██████████| 3373/3373 [00:01<00:00, 2093.14it/s]
Input feature Baichuan-13B-Base-UTT ===> dim is (1, 5120)

  0%|          | 0/3373 [00:00<?, ?it/s]
 16%|█▌        | 527/3373 [00:00<00:00, 3513.04it/s]
 30%|███       | 1023/3373 [00:00<00:00, 4215.49it/s]
 43%|████▎     | 1459/3373 [00:00<00:00, 4239.39it/s]
 56%|█████▌    | 1891/3373 [00:00<00:00, 4244.29it/s]
 69%|██████▉   | 2321/3373 [00:00<00:00, 3924.10it/s]
 81%|████████  | 2720/3373 [00:00<00:00, 3188.56it/s]
 91%|█████████ | 3060/3373 [00:00<00:00, 3121.31it/s]
100%|██████████| 3373/3373 [00:00<00:00, 3519.82it/s]
Input feature clip-vit-large-patch14-UTT ===> dim is (1, 768)
test1: sample number 411
audio feature root: /root/autodl-tmp/MERTools-master/MERBench/dataset/mer2023-dataset-process/features/chinese-hubert-large-UTT

  0%|          | 0/411 [00:00<?, ?it/s]
100%|██████████| 411/411 [00:00<00:00, 4680.05it/s]
Input feature chinese-hubert-large-UTT ===> dim is (1, 1024)

  0%|          | 0/411 [00:00<?, ?it/s]
100%|██████████| 411/411 [00:00<00:00, 4459.57it/s]
Input feature Baichuan-13B-Base-UTT ===> dim is (1, 5120)

  0%|          | 0/411 [00:00<?, ?it/s]
100%|██████████| 411/411 [00:00<00:00, 4755.46it/s]
Input feature clip-vit-large-patch14-UTT ===> dim is (1, 768)
test2: sample number 412
audio feature root: /root/autodl-tmp/MERTools-master/MERBench/dataset/mer2023-dataset-process/features/chinese-hubert-large-UTT

  0%|          | 0/412 [00:00<?, ?it/s]
100%|██████████| 412/412 [00:00<00:00, 4474.52it/s]
Input feature chinese-hubert-large-UTT ===> dim is (1, 1024)

  0%|          | 0/412 [00:00<?, ?it/s]
 86%|████████▌ | 353/412 [00:00<00:00, 3529.32it/s]
100%|██████████| 412/412 [00:00<00:00, 3860.49it/s]
Input feature Baichuan-13B-Base-UTT ===> dim is (1, 5120)

  0%|          | 0/412 [00:00<?, ?it/s]
100%|██████████| 412/412 [00:00<00:00, 5597.04it/s]
Input feature clip-vit-large-patch14-UTT ===> dim is (1, 768)
test3: sample number 834
audio feature root: /root/autodl-tmp/MERTools-master/MERBench/dataset/mer2023-dataset-process/features/chinese-hubert-large-UTT

  0%|          | 0/834 [00:00<?, ?it/s]
 39%|███▉      | 324/834 [00:00<00:00, 3203.88it/s]
 80%|███████▉  | 665/834 [00:00<00:00, 2659.14it/s]
100%|██████████| 834/834 [00:00<00:00, 3182.95it/s]
Input feature chinese-hubert-large-UTT ===> dim is (1, 1024)

  0%|          | 0/834 [00:00<?, ?it/s]
 53%|█████▎    | 441/834 [00:00<00:00, 4344.66it/s]
100%|██████████| 834/834 [00:00<00:00, 3869.56it/s]
Input feature Baichuan-13B-Base-UTT ===> dim is (1, 5120)

  0%|          | 0/834 [00:00<?, ?it/s]
 83%|████████▎ | 694/834 [00:00<00:00, 6939.15it/s]
100%|██████████| 834/834 [00:00<00:00, 7674.56it/s]
Input feature clip-vit-large-patch14-UTT ===> dim is (1, 768)
train&val folder:5; test sets:3
audio dimension: 1024; text dimension: 5120; video dimension: 768
====== Training and Evaluation =======
>>>>> Cross-validation: training on the 1 folder >>>>>
Step1: build model (each folder has its own model)
Step2: training (multiple epoches)
epoch:1; metric:emoval; train results:-0.3659; eval results:-0.0104
epoch:2; metric:emoval; train results:0.0055; eval results:0.1469
epoch:3; metric:emoval; train results:0.1835; eval results:0.2160
epoch:4; metric:emoval; train results:0.2831; eval results:0.2003
epoch:5; metric:emoval; train results:0.3749; eval results:0.3957
epoch:6; metric:emoval; train results:0.4747; eval results:0.4781
epoch:7; metric:emoval; train results:0.5246; eval results:0.4933
epoch:8; metric:emoval; train results:0.5625; eval results:0.4975
epoch:9; metric:emoval; train results:0.6163; eval results:0.5196
epoch:10; metric:emoval; train results:0.6408; eval results:0.5383
epoch:11; metric:emoval; train results:0.6556; eval results:0.5172
epoch:12; metric:emoval; train results:0.6842; eval results:0.5597
epoch:13; metric:emoval; train results:0.7107; eval results:0.5026
epoch:14; metric:emoval; train results:0.7173; eval results:0.5282
epoch:15; metric:emoval; train results:0.7313; eval results:0.5366
epoch:16; metric:emoval; train results:0.7630; eval results:0.5363
epoch:17; metric:emoval; train results:0.7638; eval results:0.5387
epoch:18; metric:emoval; train results:0.7820; eval results:0.5306
epoch:19; metric:emoval; train results:0.7958; eval results:0.5390
epoch:20; metric:emoval; train results:0.7978; eval results:0.5035
epoch:21; metric:emoval; train results:0.8156; eval results:0.5267
epoch:22; metric:emoval; train results:0.8288; eval results:0.5216
epoch:23; metric:emoval; train results:0.8454; eval results:0.5380
epoch:24; metric:emoval; train results:0.8349; eval results:0.5524
epoch:25; metric:emoval; train results:0.8578; eval results:0.5525
epoch:26; metric:emoval; train results:0.8527; eval results:0.5337
epoch:27; metric:emoval; train results:0.8620; eval results:0.5386
epoch:28; metric:emoval; train results:0.8685; eval results:0.5661
epoch:29; metric:emoval; train results:0.8710; eval results:0.5327
epoch:30; metric:emoval; train results:0.8813; eval results:0.5366
epoch:31; metric:emoval; train results:0.8820; eval results:0.5341
epoch:32; metric:emoval; train results:0.8886; eval results:0.5642
epoch:33; metric:emoval; train results:0.8913; eval results:0.5605
epoch:34; metric:emoval; train results:0.8990; eval results:0.5265
epoch:35; metric:emoval; train results:0.9043; eval results:0.5512
epoch:36; metric:emoval; train results:0.8951; eval results:0.5252
epoch:37; metric:emoval; train results:0.9000; eval results:0.5556
epoch:38; metric:emoval; train results:0.9100; eval results:0.5310
epoch:39; metric:emoval; train results:0.9102; eval results:0.5456
epoch:40; metric:emoval; train results:0.9052; eval results:0.5357
epoch:41; metric:emoval; train results:0.9097; eval results:0.5065
epoch:42; metric:emoval; train results:0.9175; eval results:0.5347
epoch:43; metric:emoval; train results:0.9165; eval results:0.5182
epoch:44; metric:emoval; train results:0.9178; eval results:0.5306
epoch:45; metric:emoval; train results:0.9214; eval results:0.5024
epoch:46; metric:emoval; train results:0.9164; eval results:0.5439
epoch:47; metric:emoval; train results:0.9221; eval results:0.5127
epoch:48; metric:emoval; train results:0.9242; eval results:0.5448
epoch:49; metric:emoval; train results:0.9297; eval results:0.5633
epoch:50; metric:emoval; train results:0.9322; eval results:0.5328
epoch:51; metric:emoval; train results:0.9342; eval results:0.5405
epoch:52; metric:emoval; train results:0.9295; eval results:0.5552
epoch:53; metric:emoval; train results:0.9349; eval results:0.5575
epoch:54; metric:emoval; train results:0.9304; eval results:0.5349
epoch:55; metric:emoval; train results:0.9336; eval results:0.5143
epoch:56; metric:emoval; train results:0.9385; eval results:0.5287
epoch:57; metric:emoval; train results:0.9351; eval results:0.5063
epoch:58; metric:emoval; train results:0.9395; eval results:0.5464
epoch:59; metric:emoval; train results:0.9422; eval results:0.5196
epoch:60; metric:emoval; train results:0.9390; eval results:0.5511
epoch:61; metric:emoval; train results:0.9426; eval results:0.5406
epoch:62; metric:emoval; train results:0.9379; eval results:0.5385
epoch:63; metric:emoval; train results:0.9303; eval results:0.5345
epoch:64; metric:emoval; train results:0.9418; eval results:0.5378
epoch:65; metric:emoval; train results:0.9512; eval results:0.5489
epoch:66; metric:emoval; train results:0.9474; eval results:0.5249
epoch:67; metric:emoval; train results:0.9411; eval results:0.5323
epoch:68; metric:emoval; train results:0.9509; eval results:0.5440
epoch:69; metric:emoval; train results:0.9516; eval results:0.5673
epoch:70; metric:emoval; train results:0.9533; eval results:0.5381
epoch:71; metric:emoval; train results:0.9511; eval results:0.5442
epoch:72; metric:emoval; train results:0.9433; eval results:0.5146
epoch:73; metric:emoval; train results:0.9525; eval results:0.5225
epoch:74; metric:emoval; train results:0.9555; eval results:0.5285
epoch:75; metric:emoval; train results:0.9513; eval results:0.5441
epoch:76; metric:emoval; train results:0.9487; eval results:0.5549
epoch:77; metric:emoval; train results:0.9529; eval results:0.5508
epoch:78; metric:emoval; train results:0.9557; eval results:0.5315
epoch:79; metric:emoval; train results:0.9555; eval results:0.5443
epoch:80; metric:emoval; train results:0.9566; eval results:0.5349
epoch:81; metric:emoval; train results:0.9533; eval results:0.5284
epoch:82; metric:emoval; train results:0.9514; eval results:0.5430
epoch:83; metric:emoval; train results:0.9567; eval results:0.5599
epoch:84; metric:emoval; train results:0.9576; eval results:0.5547
epoch:85; metric:emoval; train results:0.9566; eval results:0.5382
epoch:86; metric:emoval; train results:0.9626; eval results:0.5427
epoch:87; metric:emoval; train results:0.9622; eval results:0.5172
epoch:88; metric:emoval; train results:0.9620; eval results:0.5420
epoch:89; metric:emoval; train results:0.9572; eval results:0.5456
epoch:90; metric:emoval; train results:0.9608; eval results:0.5229
epoch:91; metric:emoval; train results:0.9600; eval results:0.5476
epoch:92; metric:emoval; train results:0.9625; eval results:0.5439
epoch:93; metric:emoval; train results:0.9578; eval results:0.5433
epoch:94; metric:emoval; train results:0.9620; eval results:0.5341
epoch:95; metric:emoval; train results:0.9621; eval results:0.5408
epoch:96; metric:emoval; train results:0.9670; eval results:0.5459
epoch:97; metric:emoval; train results:0.9626; eval results:0.5392
epoch:98; metric:emoval; train results:0.9654; eval results:0.5536
epoch:99; metric:emoval; train results:0.9618; eval results:0.5368
epoch:100; metric:emoval; train results:0.9683; eval results:0.5231
Step3: saving and testing on the 1 folder
>>>>> Finish: training on the 1-th folder, best_index: 68, duration: 332.1356346607208 >>>>>
>>>>> Cross-validation: training on the 2 folder >>>>>
Step1: build model (each folder has its own model)
Step2: training (multiple epoches)
epoch:1; metric:emoval; train results:-0.3344; eval results:-0.1122
epoch:2; metric:emoval; train results:0.0036; eval results:0.1456
epoch:3; metric:emoval; train results:0.2311; eval results:0.3671
epoch:4; metric:emoval; train results:0.3877; eval results:0.4179
epoch:5; metric:emoval; train results:0.4732; eval results:0.5173
epoch:6; metric:emoval; train results:0.5323; eval results:0.5231
epoch:7; metric:emoval; train results:0.5713; eval results:0.4859
epoch:8; metric:emoval; train results:0.5947; eval results:0.5071
epoch:9; metric:emoval; train results:0.6279; eval results:0.4988
epoch:10; metric:emoval; train results:0.6558; eval results:0.5250
epoch:11; metric:emoval; train results:0.6895; eval results:0.5236
epoch:12; metric:emoval; train results:0.7030; eval results:0.5310
epoch:13; metric:emoval; train results:0.7267; eval results:0.5591
epoch:14; metric:emoval; train results:0.7338; eval results:0.5547
epoch:15; metric:emoval; train results:0.7642; eval results:0.5399
epoch:16; metric:emoval; train results:0.7790; eval results:0.5260
epoch:17; metric:emoval; train results:0.7933; eval results:0.5384
epoch:18; metric:emoval; train results:0.8081; eval results:0.5155
epoch:19; metric:emoval; train results:0.8095; eval results:0.5602
epoch:20; metric:emoval; train results:0.8146; eval results:0.5176
epoch:21; metric:emoval; train results:0.8244; eval results:0.4947
epoch:22; metric:emoval; train results:0.8342; eval results:0.5342
epoch:23; metric:emoval; train results:0.8527; eval results:0.5569
epoch:24; metric:emoval; train results:0.8597; eval results:0.4979
epoch:25; metric:emoval; train results:0.8575; eval results:0.5333
epoch:26; metric:emoval; train results:0.8537; eval results:0.5751
epoch:27; metric:emoval; train results:0.8667; eval results:0.5435
epoch:28; metric:emoval; train results:0.8714; eval results:0.5478
epoch:29; metric:emoval; train results:0.8813; eval results:0.5308
epoch:30; metric:emoval; train results:0.8820; eval results:0.5546
epoch:31; metric:emoval; train results:0.8812; eval results:0.5466
epoch:32; metric:emoval; train results:0.8988; eval results:0.5408
epoch:33; metric:emoval; train results:0.8907; eval results:0.5377
epoch:34; metric:emoval; train results:0.8947; eval results:0.5392
epoch:35; metric:emoval; train results:0.8912; eval results:0.5263
epoch:36; metric:emoval; train results:0.8986; eval results:0.5392
epoch:37; metric:emoval; train results:0.9065; eval results:0.5407
epoch:38; metric:emoval; train results:0.9077; eval results:0.5434
epoch:39; metric:emoval; train results:0.9063; eval results:0.5490
epoch:40; metric:emoval; train results:0.9123; eval results:0.5562
epoch:41; metric:emoval; train results:0.9214; eval results:0.5119
epoch:42; metric:emoval; train results:0.9164; eval results:0.5503
epoch:43; metric:emoval; train results:0.9255; eval results:0.5401
epoch:44; metric:emoval; train results:0.9222; eval results:0.5366
epoch:45; metric:emoval; train results:0.9282; eval results:0.5584
epoch:46; metric:emoval; train results:0.9255; eval results:0.5516
epoch:47; metric:emoval; train results:0.9222; eval results:0.5474
epoch:48; metric:emoval; train results:0.9328; eval results:0.5353
epoch:49; metric:emoval; train results:0.9287; eval results:0.5559
epoch:50; metric:emoval; train results:0.9300; eval results:0.5136
epoch:51; metric:emoval; train results:0.9338; eval results:0.5588
epoch:52; metric:emoval; train results:0.9278; eval results:0.5226
epoch:53; metric:emoval; train results:0.9302; eval results:0.5571
epoch:54; metric:emoval; train results:0.9355; eval results:0.5228
epoch:55; metric:emoval; train results:0.9439; eval results:0.5442
epoch:56; metric:emoval; train results:0.9356; eval results:0.5305
epoch:57; metric:emoval; train results:0.9471; eval results:0.5502
epoch:58; metric:emoval; train results:0.9357; eval results:0.5267
epoch:59; metric:emoval; train results:0.9430; eval results:0.5396
epoch:60; metric:emoval; train results:0.9439; eval results:0.5367
epoch:61; metric:emoval; train results:0.9461; eval results:0.5033
epoch:62; metric:emoval; train results:0.9442; eval results:0.5531
epoch:63; metric:emoval; train results:0.9516; eval results:0.5445
epoch:64; metric:emoval; train results:0.9496; eval results:0.5554
epoch:65; metric:emoval; train results:0.9498; eval results:0.5309
epoch:66; metric:emoval; train results:0.9490; eval results:0.5318
epoch:67; metric:emoval; train results:0.9478; eval results:0.5436
epoch:68; metric:emoval; train results:0.9492; eval results:0.5484
epoch:69; metric:emoval; train results:0.9509; eval results:0.5249
epoch:70; metric:emoval; train results:0.9508; eval results:0.5188
epoch:71; metric:emoval; train results:0.9505; eval results:0.5333
epoch:72; metric:emoval; train results:0.9588; eval results:0.5349
epoch:73; metric:emoval; train results:0.9485; eval results:0.5381
epoch:74; metric:emoval; train results:0.9545; eval results:0.5398
epoch:75; metric:emoval; train results:0.9571; eval results:0.5479
epoch:76; metric:emoval; train results:0.9556; eval results:0.5189
epoch:77; metric:emoval; train results:0.9565; eval results:0.5257
epoch:78; metric:emoval; train results:0.9573; eval results:0.5206
epoch:79; metric:emoval; train results:0.9530; eval results:0.5419
epoch:80; metric:emoval; train results:0.9580; eval results:0.5467
epoch:81; metric:emoval; train results:0.9573; eval results:0.4962
epoch:82; metric:emoval; train results:0.9552; eval results:0.5470
epoch:83; metric:emoval; train results:0.9554; eval results:0.5183
epoch:84; metric:emoval; train results:0.9603; eval results:0.5171
epoch:85; metric:emoval; train results:0.9628; eval results:0.5515
epoch:86; metric:emoval; train results:0.9583; eval results:0.5376
epoch:87; metric:emoval; train results:0.9645; eval results:0.5385
epoch:88; metric:emoval; train results:0.9655; eval results:0.5392
epoch:89; metric:emoval; train results:0.9602; eval results:0.5357
epoch:90; metric:emoval; train results:0.9631; eval results:0.5200
epoch:91; metric:emoval; train results:0.9593; eval results:0.5018
epoch:92; metric:emoval; train results:0.9643; eval results:0.5189
epoch:93; metric:emoval; train results:0.9649; eval results:0.5496
epoch:94; metric:emoval; train results:0.9619; eval results:0.5224
epoch:95; metric:emoval; train results:0.9669; eval results:0.5313
epoch:96; metric:emoval; train results:0.9666; eval results:0.5586
epoch:97; metric:emoval; train results:0.9643; eval results:0.5438
epoch:98; metric:emoval; train results:0.9698; eval results:0.5133
epoch:99; metric:emoval; train results:0.9666; eval results:0.5209
epoch:100; metric:emoval; train results:0.9656; eval results:0.5391
Step3: saving and testing on the 2 folder
>>>>> Finish: training on the 2-th folder, best_index: 25, duration: 305.92190623283386 >>>>>
>>>>> Cross-validation: training on the 3 folder >>>>>
Step1: build model (each folder has its own model)
Step2: training (multiple epoches)
epoch:1; metric:emoval; train results:-0.4263; eval results:-0.2100
epoch:2; metric:emoval; train results:-0.0608; eval results:0.2242
epoch:3; metric:emoval; train results:0.2555; eval results:0.3231
epoch:4; metric:emoval; train results:0.3844; eval results:0.3962
epoch:5; metric:emoval; train results:0.4745; eval results:0.4366
epoch:6; metric:emoval; train results:0.5356; eval results:0.4468
epoch:7; metric:emoval; train results:0.5850; eval results:0.4687
epoch:8; metric:emoval; train results:0.5963; eval results:0.4989
epoch:9; metric:emoval; train results:0.6540; eval results:0.4620
epoch:10; metric:emoval; train results:0.6508; eval results:0.4977
epoch:11; metric:emoval; train results:0.6920; eval results:0.5173
epoch:12; metric:emoval; train results:0.7028; eval results:0.4890
epoch:13; metric:emoval; train results:0.7297; eval results:0.4960
epoch:14; metric:emoval; train results:0.7450; eval results:0.4606
epoch:15; metric:emoval; train results:0.7562; eval results:0.4836
epoch:16; metric:emoval; train results:0.7817; eval results:0.5090
epoch:17; metric:emoval; train results:0.7927; eval results:0.4714
epoch:18; metric:emoval; train results:0.7988; eval results:0.5076
epoch:19; metric:emoval; train results:0.8144; eval results:0.4828
epoch:20; metric:emoval; train results:0.8252; eval results:0.4817
epoch:21; metric:emoval; train results:0.8279; eval results:0.4914
epoch:22; metric:emoval; train results:0.8441; eval results:0.4291
epoch:23; metric:emoval; train results:0.8305; eval results:0.4675
epoch:24; metric:emoval; train results:0.8470; eval results:0.4863
epoch:25; metric:emoval; train results:0.8571; eval results:0.4711
epoch:26; metric:emoval; train results:0.8670; eval results:0.4811
epoch:27; metric:emoval; train results:0.8684; eval results:0.4995
epoch:28; metric:emoval; train results:0.8711; eval results:0.4311
epoch:29; metric:emoval; train results:0.8809; eval results:0.4730
epoch:30; metric:emoval; train results:0.8858; eval results:0.4882
epoch:31; metric:emoval; train results:0.8835; eval results:0.4834
epoch:32; metric:emoval; train results:0.8963; eval results:0.5022
epoch:33; metric:emoval; train results:0.8900; eval results:0.4737
epoch:34; metric:emoval; train results:0.8972; eval results:0.4828
epoch:35; metric:emoval; train results:0.9061; eval results:0.4920
epoch:36; metric:emoval; train results:0.9041; eval results:0.4989
epoch:37; metric:emoval; train results:0.9091; eval results:0.4691
epoch:38; metric:emoval; train results:0.9165; eval results:0.4916
epoch:39; metric:emoval; train results:0.9111; eval results:0.5044
epoch:40; metric:emoval; train results:0.9091; eval results:0.4766
epoch:41; metric:emoval; train results:0.9173; eval results:0.4733
epoch:42; metric:emoval; train results:0.9187; eval results:0.4984
epoch:43; metric:emoval; train results:0.9158; eval results:0.5170
epoch:44; metric:emoval; train results:0.9197; eval results:0.4717
epoch:45; metric:emoval; train results:0.9251; eval results:0.5037
epoch:46; metric:emoval; train results:0.9255; eval results:0.5006
epoch:47; metric:emoval; train results:0.9260; eval results:0.4621
epoch:48; metric:emoval; train results:0.9238; eval results:0.4821
epoch:49; metric:emoval; train results:0.9339; eval results:0.4835
epoch:50; metric:emoval; train results:0.9303; eval results:0.4772
epoch:51; metric:emoval; train results:0.9336; eval results:0.4668
epoch:52; metric:emoval; train results:0.9340; eval results:0.4975
epoch:53; metric:emoval; train results:0.9366; eval results:0.4812
epoch:54; metric:emoval; train results:0.9331; eval results:0.4841
epoch:55; metric:emoval; train results:0.9389; eval results:0.4778
epoch:56; metric:emoval; train results:0.9400; eval results:0.4967
epoch:57; metric:emoval; train results:0.9393; eval results:0.4973
epoch:58; metric:emoval; train results:0.9465; eval results:0.4829
epoch:59; metric:emoval; train results:0.9409; eval results:0.4961
epoch:60; metric:emoval; train results:0.9429; eval results:0.4906
epoch:61; metric:emoval; train results:0.9440; eval results:0.4682
epoch:62; metric:emoval; train results:0.9472; eval results:0.5204
epoch:63; metric:emoval; train results:0.9502; eval results:0.4659
epoch:64; metric:emoval; train results:0.9466; eval results:0.4856
epoch:65; metric:emoval; train results:0.9418; eval results:0.4641
epoch:66; metric:emoval; train results:0.9502; eval results:0.4844
epoch:67; metric:emoval; train results:0.9555; eval results:0.4568
epoch:68; metric:emoval; train results:0.9495; eval results:0.4877
epoch:69; metric:emoval; train results:0.9559; eval results:0.4972
epoch:70; metric:emoval; train results:0.9539; eval results:0.4872
epoch:71; metric:emoval; train results:0.9527; eval results:0.5006
epoch:72; metric:emoval; train results:0.9527; eval results:0.4842
epoch:73; metric:emoval; train results:0.9492; eval results:0.4653
epoch:74; metric:emoval; train results:0.9485; eval results:0.4929
epoch:75; metric:emoval; train results:0.9472; eval results:0.4900
epoch:76; metric:emoval; train results:0.9628; eval results:0.5040
epoch:77; metric:emoval; train results:0.9552; eval results:0.4906
epoch:78; metric:emoval; train results:0.9549; eval results:0.4837
epoch:79; metric:emoval; train results:0.9590; eval results:0.4878
epoch:80; metric:emoval; train results:0.9581; eval results:0.4647
epoch:81; metric:emoval; train results:0.9622; eval results:0.4895
epoch:82; metric:emoval; train results:0.9581; eval results:0.4703
epoch:83; metric:emoval; train results:0.9599; eval results:0.4852
epoch:84; metric:emoval; train results:0.9601; eval results:0.4770
epoch:85; metric:emoval; train results:0.9576; eval results:0.4888
epoch:86; metric:emoval; train results:0.9581; eval results:0.4843
epoch:87; metric:emoval; train results:0.9614; eval results:0.4848
epoch:88; metric:emoval; train results:0.9600; eval results:0.4912
epoch:89; metric:emoval; train results:0.9606; eval results:0.4832
epoch:90; metric:emoval; train results:0.9614; eval results:0.4846
epoch:91; metric:emoval; train results:0.9607; eval results:0.4686
epoch:92; metric:emoval; train results:0.9631; eval results:0.4532
epoch:93; metric:emoval; train results:0.9580; eval results:0.4706
epoch:94; metric:emoval; train results:0.9621; eval results:0.4761
epoch:95; metric:emoval; train results:0.9642; eval results:0.4847
epoch:96; metric:emoval; train results:0.9584; eval results:0.4743
epoch:97; metric:emoval; train results:0.9651; eval results:0.4810
epoch:98; metric:emoval; train results:0.9663; eval results:0.4970
epoch:99; metric:emoval; train results:0.9650; eval results:0.4850
epoch:100; metric:emoval; train results:0.9671; eval results:0.4589
Step3: saving and testing on the 3 folder
>>>>> Finish: training on the 3-th folder, best_index: 61, duration: 322.79028725624084 >>>>>
>>>>> Cross-validation: training on the 4 folder >>>>>
Step1: build model (each folder has its own model)
Step2: training (multiple epoches)
epoch:1; metric:emoval; train results:-0.4092; eval results:-0.1996
epoch:2; metric:emoval; train results:0.0047; eval results:0.1333
epoch:3; metric:emoval; train results:0.2531; eval results:0.3008
epoch:4; metric:emoval; train results:0.3923; eval results:0.4004
epoch:5; metric:emoval; train results:0.4813; eval results:0.4395
epoch:6; metric:emoval; train results:0.5358; eval results:0.4367
epoch:7; metric:emoval; train results:0.5613; eval results:0.4469
epoch:8; metric:emoval; train results:0.6027; eval results:0.4966
epoch:9; metric:emoval; train results:0.6133; eval results:0.4638
epoch:10; metric:emoval; train results:0.6557; eval results:0.4800
epoch:11; metric:emoval; train results:0.6903; eval results:0.4829
epoch:12; metric:emoval; train results:0.7027; eval results:0.5025
epoch:13; metric:emoval; train results:0.7373; eval results:0.5096
epoch:14; metric:emoval; train results:0.7452; eval results:0.4634
epoch:15; metric:emoval; train results:0.7644; eval results:0.4804
epoch:16; metric:emoval; train results:0.7810; eval results:0.4876
epoch:17; metric:emoval; train results:0.7912; eval results:0.4915
epoch:18; metric:emoval; train results:0.7986; eval results:0.4774
epoch:19; metric:emoval; train results:0.8230; eval results:0.5108
epoch:20; metric:emoval; train results:0.8180; eval results:0.5126
epoch:21; metric:emoval; train results:0.8392; eval results:0.4999
epoch:22; metric:emoval; train results:0.8479; eval results:0.5070
epoch:23; metric:emoval; train results:0.8524; eval results:0.5118
epoch:24; metric:emoval; train results:0.8443; eval results:0.4779
epoch:25; metric:emoval; train results:0.8627; eval results:0.4771
epoch:26; metric:emoval; train results:0.8725; eval results:0.4783
epoch:27; metric:emoval; train results:0.8690; eval results:0.4866
epoch:28; metric:emoval; train results:0.8864; eval results:0.4989
epoch:29; metric:emoval; train results:0.8810; eval results:0.4581
epoch:30; metric:emoval; train results:0.8943; eval results:0.4865
epoch:31; metric:emoval; train results:0.8891; eval results:0.4787
epoch:32; metric:emoval; train results:0.8994; eval results:0.4884
epoch:33; metric:emoval; train results:0.8942; eval results:0.4825
epoch:34; metric:emoval; train results:0.9098; eval results:0.4695
epoch:35; metric:emoval; train results:0.9063; eval results:0.4658
epoch:36; metric:emoval; train results:0.9038; eval results:0.4869
epoch:37; metric:emoval; train results:0.9141; eval results:0.4773
epoch:38; metric:emoval; train results:0.9173; eval results:0.5002
epoch:39; metric:emoval; train results:0.9217; eval results:0.4979
epoch:40; metric:emoval; train results:0.9214; eval results:0.4587
epoch:41; metric:emoval; train results:0.9178; eval results:0.4757
epoch:42; metric:emoval; train results:0.9201; eval results:0.4758
epoch:43; metric:emoval; train results:0.9259; eval results:0.4736
epoch:44; metric:emoval; train results:0.9255; eval results:0.4807
epoch:45; metric:emoval; train results:0.9266; eval results:0.4733
epoch:46; metric:emoval; train results:0.9343; eval results:0.4705
epoch:47; metric:emoval; train results:0.9250; eval results:0.4801
epoch:48; metric:emoval; train results:0.9386; eval results:0.4822
epoch:49; metric:emoval; train results:0.9328; eval results:0.4753
epoch:50; metric:emoval; train results:0.9304; eval results:0.5010
epoch:51; metric:emoval; train results:0.9373; eval results:0.4562
epoch:52; metric:emoval; train results:0.9351; eval results:0.4987
epoch:53; metric:emoval; train results:0.9382; eval results:0.4743
epoch:54; metric:emoval; train results:0.9432; eval results:0.4717
epoch:55; metric:emoval; train results:0.9382; eval results:0.4810
epoch:56; metric:emoval; train results:0.9423; eval results:0.4938
epoch:57; metric:emoval; train results:0.9408; eval results:0.4872
epoch:58; metric:emoval; train results:0.9451; eval results:0.4822
epoch:59; metric:emoval; train results:0.9436; eval results:0.4906
epoch:60; metric:emoval; train results:0.9459; eval results:0.4732
epoch:61; metric:emoval; train results:0.9456; eval results:0.4743
epoch:62; metric:emoval; train results:0.9468; eval results:0.4860
epoch:63; metric:emoval; train results:0.9502; eval results:0.4975
epoch:64; metric:emoval; train results:0.9536; eval results:0.4814
epoch:65; metric:emoval; train results:0.9530; eval results:0.4597
epoch:66; metric:emoval; train results:0.9516; eval results:0.5082
epoch:67; metric:emoval; train results:0.9543; eval results:0.4782
epoch:68; metric:emoval; train results:0.9494; eval results:0.4612
epoch:69; metric:emoval; train results:0.9437; eval results:0.4930
epoch:70; metric:emoval; train results:0.9541; eval results:0.4743
epoch:71; metric:emoval; train results:0.9603; eval results:0.4754
epoch:72; metric:emoval; train results:0.9571; eval results:0.4729
epoch:73; metric:emoval; train results:0.9577; eval results:0.4867
epoch:74; metric:emoval; train results:0.9568; eval results:0.4841
epoch:75; metric:emoval; train results:0.9619; eval results:0.4761
epoch:76; metric:emoval; train results:0.9567; eval results:0.4985
epoch:77; metric:emoval; train results:0.9566; eval results:0.4833
epoch:78; metric:emoval; train results:0.9599; eval results:0.5056
epoch:79; metric:emoval; train results:0.9571; eval results:0.5100
epoch:80; metric:emoval; train results:0.9596; eval results:0.4786
epoch:81; metric:emoval; train results:0.9592; eval results:0.4728
epoch:82; metric:emoval; train results:0.9627; eval results:0.4921
epoch:83; metric:emoval; train results:0.9630; eval results:0.4679
epoch:84; metric:emoval; train results:0.9620; eval results:0.4647
epoch:85; metric:emoval; train results:0.9637; eval results:0.4696
epoch:86; metric:emoval; train results:0.9643; eval results:0.4992
epoch:87; metric:emoval; train results:0.9663; eval results:0.4754
epoch:88; metric:emoval; train results:0.9664; eval results:0.4928
epoch:89; metric:emoval; train results:0.9589; eval results:0.4809
epoch:90; metric:emoval; train results:0.9673; eval results:0.4683
epoch:91; metric:emoval; train results:0.9628; eval results:0.4621
epoch:92; metric:emoval; train results:0.9670; eval results:0.4953
epoch:93; metric:emoval; train results:0.9610; eval results:0.4707
epoch:94; metric:emoval; train results:0.9658; eval results:0.4639
epoch:95; metric:emoval; train results:0.9615; eval results:0.4717
epoch:96; metric:emoval; train results:0.9664; eval results:0.4741
epoch:97; metric:emoval; train results:0.9599; eval results:0.4622
epoch:98; metric:emoval; train results:0.9656; eval results:0.4498
epoch:99; metric:emoval; train results:0.9692; eval results:0.4736
epoch:100; metric:emoval; train results:0.9673; eval results:0.4673
Step3: saving and testing on the 4 folder
>>>>> Finish: training on the 4-th folder, best_index: 19, duration: 323.67974519729614 >>>>>
>>>>> Cross-validation: training on the 5 folder >>>>>
Step1: build model (each folder has its own model)
Step2: training (multiple epoches)
epoch:1; metric:emoval; train results:-0.3628; eval results:-0.2355
epoch:2; metric:emoval; train results:0.0023; eval results:0.2207
epoch:3; metric:emoval; train results:0.2784; eval results:0.3261
epoch:4; metric:emoval; train results:0.3837; eval results:0.4303
epoch:5; metric:emoval; train results:0.4723; eval results:0.4666
epoch:6; metric:emoval; train results:0.5393; eval results:0.5083
epoch:7; metric:emoval; train results:0.5608; eval results:0.5041
epoch:8; metric:emoval; train results:0.5927; eval results:0.4678
epoch:9; metric:emoval; train results:0.6286; eval results:0.5025
epoch:10; metric:emoval; train results:0.6593; eval results:0.5554
epoch:11; metric:emoval; train results:0.6720; eval results:0.5561
epoch:12; metric:emoval; train results:0.7056; eval results:0.4856
epoch:13; metric:emoval; train results:0.7087; eval results:0.5101
epoch:14; metric:emoval; train results:0.7466; eval results:0.5411
epoch:15; metric:emoval; train results:0.7610; eval results:0.5180
epoch:16; metric:emoval; train results:0.7558; eval results:0.5530
epoch:17; metric:emoval; train results:0.7850; eval results:0.5534
epoch:18; metric:emoval; train results:0.7816; eval results:0.5560
epoch:19; metric:emoval; train results:0.7988; eval results:0.5228
epoch:20; metric:emoval; train results:0.8173; eval results:0.5319
epoch:21; metric:emoval; train results:0.8279; eval results:0.5403
epoch:22; metric:emoval; train results:0.8386; eval results:0.5295
epoch:23; metric:emoval; train results:0.8406; eval results:0.5453
epoch:24; metric:emoval; train results:0.8562; eval results:0.5424
epoch:25; metric:emoval; train results:0.8514; eval results:0.5436
epoch:26; metric:emoval; train results:0.8595; eval results:0.5409
epoch:27; metric:emoval; train results:0.8612; eval results:0.5382
epoch:28; metric:emoval; train results:0.8655; eval results:0.5602
epoch:29; metric:emoval; train results:0.8707; eval results:0.4549
epoch:30; metric:emoval; train results:0.8712; eval results:0.5607
epoch:31; metric:emoval; train results:0.8793; eval results:0.5319
epoch:32; metric:emoval; train results:0.8839; eval results:0.5306
epoch:33; metric:emoval; train results:0.8965; eval results:0.5375
epoch:34; metric:emoval; train results:0.8937; eval results:0.5362
epoch:35; metric:emoval; train results:0.8949; eval results:0.5384
epoch:36; metric:emoval; train results:0.9062; eval results:0.5395
epoch:37; metric:emoval; train results:0.9015; eval results:0.5302
epoch:38; metric:emoval; train results:0.9134; eval results:0.5347
epoch:39; metric:emoval; train results:0.9066; eval results:0.5489
epoch:40; metric:emoval; train results:0.9172; eval results:0.5348
epoch:41; metric:emoval; train results:0.9120; eval results:0.5340
epoch:42; metric:emoval; train results:0.9134; eval results:0.5346
epoch:43; metric:emoval; train results:0.9166; eval results:0.5191
epoch:44; metric:emoval; train results:0.9140; eval results:0.5321
epoch:45; metric:emoval; train results:0.9283; eval results:0.5380
epoch:46; metric:emoval; train results:0.9262; eval results:0.5612
epoch:47; metric:emoval; train results:0.9277; eval results:0.5265
epoch:48; metric:emoval; train results:0.9280; eval results:0.5399
epoch:49; metric:emoval; train results:0.9292; eval results:0.5092
epoch:50; metric:emoval; train results:0.9304; eval results:0.5372
epoch:51; metric:emoval; train results:0.9350; eval results:0.5537
epoch:52; metric:emoval; train results:0.9305; eval results:0.5455
epoch:53; metric:emoval; train results:0.9391; eval results:0.5500
epoch:54; metric:emoval; train results:0.9299; eval results:0.5463
epoch:55; metric:emoval; train results:0.9363; eval results:0.5520
epoch:56; metric:emoval; train results:0.9333; eval results:0.5251
epoch:57; metric:emoval; train results:0.9409; eval results:0.5360
epoch:58; metric:emoval; train results:0.9387; eval results:0.5419
epoch:59; metric:emoval; train results:0.9355; eval results:0.5696
epoch:60; metric:emoval; train results:0.9425; eval results:0.5495
epoch:61; metric:emoval; train results:0.9378; eval results:0.5410
epoch:62; metric:emoval; train results:0.9481; eval results:0.5406
epoch:63; metric:emoval; train results:0.9412; eval results:0.5337
epoch:64; metric:emoval; train results:0.9479; eval results:0.5646
epoch:65; metric:emoval; train results:0.9478; eval results:0.5175
epoch:66; metric:emoval; train results:0.9526; eval results:0.5177
epoch:67; metric:emoval; train results:0.9495; eval results:0.5501
epoch:68; metric:emoval; train results:0.9510; eval results:0.5249
epoch:69; metric:emoval; train results:0.9505; eval results:0.5218
epoch:70; metric:emoval; train results:0.9474; eval results:0.5294
epoch:71; metric:emoval; train results:0.9492; eval results:0.5282
epoch:72; metric:emoval; train results:0.9536; eval results:0.5347
epoch:73; metric:emoval; train results:0.9485; eval results:0.5364
epoch:74; metric:emoval; train results:0.9503; eval results:0.5483
epoch:75; metric:emoval; train results:0.9536; eval results:0.5533
epoch:76; metric:emoval; train results:0.9552; eval results:0.5419
epoch:77; metric:emoval; train results:0.9547; eval results:0.5108
epoch:78; metric:emoval; train results:0.9505; eval results:0.5127
epoch:79; metric:emoval; train results:0.9566; eval results:0.5197
epoch:80; metric:emoval; train results:0.9560; eval results:0.5479
epoch:81; metric:emoval; train results:0.9611; eval results:0.5360
epoch:82; metric:emoval; train results:0.9566; eval results:0.5408
epoch:83; metric:emoval; train results:0.9572; eval results:0.5185
epoch:84; metric:emoval; train results:0.9600; eval results:0.5162
epoch:85; metric:emoval; train results:0.9577; eval results:0.5358
epoch:86; metric:emoval; train results:0.9590; eval results:0.5116
epoch:87; metric:emoval; train results:0.9613; eval results:0.5362
epoch:88; metric:emoval; train results:0.9615; eval results:0.5439
epoch:89; metric:emoval; train results:0.9600; eval results:0.5433
epoch:90; metric:emoval; train results:0.9623; eval results:0.5382
epoch:91; metric:emoval; train results:0.9594; eval results:0.5702
epoch:92; metric:emoval; train results:0.9580; eval results:0.5399
epoch:93; metric:emoval; train results:0.9600; eval results:0.5542
epoch:94; metric:emoval; train results:0.9659; eval results:0.5402
epoch:95; metric:emoval; train results:0.9681; eval results:0.5423
epoch:96; metric:emoval; train results:0.9612; eval results:0.5465
epoch:97; metric:emoval; train results:0.9670; eval results:0.5281
epoch:98; metric:emoval; train results:0.9631; eval results:0.5566
epoch:99; metric:emoval; train results:0.9659; eval results:0.5499
epoch:100; metric:emoval; train results:0.9637; eval results:0.5399
Step3: saving and testing on the 5 folder
>>>>> Finish: training on the 5-th folder, best_index: 90, duration: 317.42941427230835 >>>>>
====== Prediction and Saving =======
save results in ./saved_grid_repeat/cand02_hd128_do0.4_lr0.0001/rep02-trimodal/result/cv_features:Baichuan-13B-Base-UTT+chinese-hubert-large-UTT+clip-vit-large-patch14-UTT_dataset:MER2023_model:attention+utt+None_f1:0.7482_acc:0.7483_val:0.7962_1771815657.8573325.npz
save results in ./saved_grid_repeat/cand02_hd128_do0.4_lr0.0001/rep02-trimodal/result/test1_features:Baichuan-13B-Base-UTT+chinese-hubert-large-UTT+clip-vit-large-patch14-UTT_dataset:MER2023_model:attention+utt+None_f1:0.8073_acc:0.8078_val:0.6838_1771815657.8573325.npz
save results in ./saved_grid_repeat/cand02_hd128_do0.4_lr0.0001/rep02-trimodal/result/test2_features:Baichuan-13B-Base-UTT+chinese-hubert-large-UTT+clip-vit-large-patch14-UTT_dataset:MER2023_model:attention+utt+None_f1:0.7574_acc:0.7597_val:0.7271_1771815657.8573325.npz
save results in ./saved_grid_repeat/cand02_hd128_do0.4_lr0.0001/rep02-trimodal/result/test3_features:Baichuan-13B-Base-UTT+chinese-hubert-large-UTT+clip-vit-large-patch14-UTT_dataset:MER2023_model:attention+utt+None_f1:0.8657_acc:0.8669_val:81.2693_1771815657.8573325.npz
