set global seed to 3407
====== Params Pre-analysis =======
args:  Namespace(audio_feature='chinese-hubert-large-UTT', batch_size=32, dataset='MER2023', debug=False, dropout=0.4, e2e_dim=None, e2e_name=None, epochs=100, feat_scale=1, feat_type='utt', gpu=0, grad_clip=-1.0, hidden_dim=128, hyper_path='/root/autodl-tmp/MERTools-master/MERBench/logs/attention_grid_repeat/hparams/cand02_hd128_do0.4_lr0.0001.yaml', l2=1e-05, lr=0.0001, lr_adjust='case1', model='attention', n_classes=None, num_workers=0, print_iters=100000000.0, save_iters=100000000.0, save_root='./saved_grid_repeat/cand02_hd128_do0.4_lr0.0001/rep01-trimodal', savemodel=False, seed=3407, test_dataset=None, text_feature='Baichuan-13B-Base-UTT', train_dataset=None, video_feature='clip-vit-large-patch14-UTT')
====== Reading Data =======
train: sample number 3373
audio feature root: /root/autodl-tmp/MERTools-master/MERBench/dataset/mer2023-dataset-process/features/chinese-hubert-large-UTT

  0%|          | 0/3373 [00:00<?, ?it/s]
 12%|█▏        | 407/3373 [00:00<00:00, 4066.40it/s]
 24%|██▍       | 814/3373 [00:00<00:00, 4060.18it/s]
 36%|███▌      | 1221/3373 [00:00<00:00, 2892.19it/s]
 46%|████▌     | 1541/3373 [00:00<00:00, 2860.23it/s]
 55%|█████▍    | 1845/3373 [00:00<00:00, 2245.46it/s]
 62%|██████▏   | 2095/3373 [00:00<00:00, 2276.29it/s]
 69%|██████▉   | 2340/3373 [00:00<00:00, 2304.72it/s]
 77%|███████▋  | 2583/3373 [00:01<00:00, 1896.52it/s]
 85%|████████▍ | 2855/3373 [00:01<00:00, 2089.20it/s]
 95%|█████████▍| 3196/3373 [00:01<00:00, 2420.16it/s]
100%|██████████| 3373/3373 [00:01<00:00, 2572.09it/s]
Input feature chinese-hubert-large-UTT ===> dim is (1, 1024)

  0%|          | 0/3373 [00:00<?, ?it/s]
  9%|▉         | 300/3373 [00:00<00:01, 1768.61it/s]
 16%|█▌        | 533/3373 [00:00<00:01, 2007.15it/s]
 22%|██▏       | 743/3373 [00:00<00:01, 2028.20it/s]
 28%|██▊       | 950/3373 [00:00<00:01, 2025.15it/s]
 34%|███▍      | 1155/3373 [00:00<00:01, 1971.73it/s]
 40%|████      | 1354/3373 [00:00<00:01, 1915.73it/s]
 46%|████▌     | 1547/3373 [00:00<00:00, 1893.04it/s]
 51%|█████▏    | 1737/3373 [00:00<00:01, 1537.16it/s]
 56%|█████▋    | 1901/3373 [00:01<00:00, 1558.33it/s]
 61%|██████    | 2064/3373 [00:01<00:00, 1556.01it/s]
 66%|██████▌   | 2225/3373 [00:01<00:00, 1554.97it/s]
 71%|███████   | 2384/3373 [00:01<00:00, 1560.07it/s]
 76%|███████▌  | 2551/3373 [00:01<00:00, 1590.22it/s]
 80%|████████  | 2712/3373 [00:01<00:00, 1567.59it/s]
 85%|████████▌ | 2871/3373 [00:01<00:00, 1294.73it/s]
 90%|████████▉ | 3028/3373 [00:01<00:00, 1361.94it/s]
 96%|█████████▋| 3254/3373 [00:01<00:00, 1597.37it/s]
100%|██████████| 3373/3373 [00:01<00:00, 1696.39it/s]
Input feature Baichuan-13B-Base-UTT ===> dim is (1, 5120)

  0%|          | 0/3373 [00:00<?, ?it/s]
 14%|█▎        | 457/3373 [00:00<00:00, 4543.62it/s]
 27%|██▋       | 912/3373 [00:00<00:00, 2996.46it/s]
 37%|███▋      | 1242/3373 [00:00<00:00, 3067.09it/s]
 46%|████▋     | 1567/3373 [00:00<00:00, 2441.71it/s]
 57%|█████▋    | 1919/3373 [00:00<00:00, 2733.40it/s]
 66%|██████▌   | 2233/3373 [00:00<00:00, 2837.90it/s]
 75%|███████▌  | 2544/3373 [00:00<00:00, 2913.41it/s]
 85%|████████▌ | 2871/3373 [00:00<00:00, 3009.18it/s]
 97%|█████████▋| 3262/3373 [00:01<00:00, 3265.23it/s]
100%|██████████| 3373/3373 [00:01<00:00, 3103.56it/s]
Input feature clip-vit-large-patch14-UTT ===> dim is (1, 768)
test1: sample number 411
audio feature root: /root/autodl-tmp/MERTools-master/MERBench/dataset/mer2023-dataset-process/features/chinese-hubert-large-UTT

  0%|          | 0/411 [00:00<?, ?it/s]
 37%|███▋      | 153/411 [00:00<00:00, 1526.43it/s]
100%|██████████| 411/411 [00:00<00:00, 2164.60it/s]
Input feature chinese-hubert-large-UTT ===> dim is (1, 1024)

  0%|          | 0/411 [00:00<?, ?it/s]
 62%|██████▏   | 256/411 [00:00<00:00, 2541.01it/s]
100%|██████████| 411/411 [00:00<00:00, 3584.99it/s]
Input feature Baichuan-13B-Base-UTT ===> dim is (1, 5120)

  0%|          | 0/411 [00:00<?, ?it/s]
 89%|████████▊ | 364/411 [00:00<00:00, 3638.84it/s]
100%|██████████| 411/411 [00:00<00:00, 3939.44it/s]
Input feature clip-vit-large-patch14-UTT ===> dim is (1, 768)
test2: sample number 412
audio feature root: /root/autodl-tmp/MERTools-master/MERBench/dataset/mer2023-dataset-process/features/chinese-hubert-large-UTT

  0%|          | 0/412 [00:00<?, ?it/s]
 44%|████▍     | 183/412 [00:00<00:00, 1827.78it/s]
100%|██████████| 412/412 [00:00<00:00, 3457.50it/s]
Input feature chinese-hubert-large-UTT ===> dim is (1, 1024)

  0%|          | 0/412 [00:00<?, ?it/s]
 49%|████▉     | 202/412 [00:00<00:00, 2008.96it/s]
100%|██████████| 412/412 [00:00<00:00, 2148.04it/s]
Input feature Baichuan-13B-Base-UTT ===> dim is (1, 5120)

  0%|          | 0/412 [00:00<?, ?it/s]
 56%|█████▌    | 230/412 [00:00<00:00, 2296.50it/s]
100%|██████████| 412/412 [00:00<00:00, 2042.96it/s]
Input feature clip-vit-large-patch14-UTT ===> dim is (1, 768)
test3: sample number 834
audio feature root: /root/autodl-tmp/MERTools-master/MERBench/dataset/mer2023-dataset-process/features/chinese-hubert-large-UTT

  0%|          | 0/834 [00:00<?, ?it/s]
 36%|███▌      | 298/834 [00:00<00:00, 1837.18it/s]
 59%|█████▊    | 489/834 [00:00<00:00, 1828.41it/s]
 86%|████████▌ | 719/834 [00:00<00:00, 2012.96it/s]
100%|██████████| 834/834 [00:00<00:00, 2172.30it/s]
Input feature chinese-hubert-large-UTT ===> dim is (1, 1024)

  0%|          | 0/834 [00:00<?, ?it/s]
 26%|██▌       | 214/834 [00:00<00:00, 2104.48it/s]
 51%|█████     | 425/834 [00:00<00:00, 2028.41it/s]
 75%|███████▌  | 628/834 [00:00<00:00, 1972.47it/s]
100%|██████████| 834/834 [00:00<00:00, 2034.35it/s]
Input feature Baichuan-13B-Base-UTT ===> dim is (1, 5120)

  0%|          | 0/834 [00:00<?, ?it/s]
 46%|████▌     | 381/834 [00:00<00:00, 3785.78it/s]
 99%|█████████▉| 827/834 [00:00<00:00, 4169.02it/s]
100%|██████████| 834/834 [00:00<00:00, 4131.70it/s]
Input feature clip-vit-large-patch14-UTT ===> dim is (1, 768)
train&val folder:5; test sets:3
audio dimension: 1024; text dimension: 5120; video dimension: 768
====== Training and Evaluation =======
>>>>> Cross-validation: training on the 1 folder >>>>>
Step1: build model (each folder has its own model)
Step2: training (multiple epoches)
epoch:1; metric:emoval; train results:-0.3812; eval results:-0.0195
epoch:2; metric:emoval; train results:0.0683; eval results:0.2445
epoch:3; metric:emoval; train results:0.3322; eval results:0.4085
epoch:4; metric:emoval; train results:0.4315; eval results:0.4510
epoch:5; metric:emoval; train results:0.5011; eval results:0.5072
epoch:6; metric:emoval; train results:0.5429; eval results:0.5009
epoch:7; metric:emoval; train results:0.5664; eval results:0.5095
epoch:8; metric:emoval; train results:0.6002; eval results:0.5283
epoch:9; metric:emoval; train results:0.6342; eval results:0.5223
epoch:10; metric:emoval; train results:0.6562; eval results:0.5436
epoch:11; metric:emoval; train results:0.6789; eval results:0.5150
epoch:12; metric:emoval; train results:0.7097; eval results:0.5444
epoch:13; metric:emoval; train results:0.7294; eval results:0.5199
epoch:14; metric:emoval; train results:0.7448; eval results:0.5466
epoch:15; metric:emoval; train results:0.7496; eval results:0.5353
epoch:16; metric:emoval; train results:0.7752; eval results:0.5526
epoch:17; metric:emoval; train results:0.7876; eval results:0.5441
epoch:18; metric:emoval; train results:0.8105; eval results:0.5145
epoch:19; metric:emoval; train results:0.8094; eval results:0.5199
epoch:20; metric:emoval; train results:0.8235; eval results:0.4945
epoch:21; metric:emoval; train results:0.8284; eval results:0.5258
epoch:22; metric:emoval; train results:0.8428; eval results:0.5262
epoch:23; metric:emoval; train results:0.8600; eval results:0.5647
epoch:24; metric:emoval; train results:0.8534; eval results:0.5282
epoch:25; metric:emoval; train results:0.8569; eval results:0.5271
epoch:26; metric:emoval; train results:0.8616; eval results:0.5146
epoch:27; metric:emoval; train results:0.8738; eval results:0.5301
epoch:28; metric:emoval; train results:0.8692; eval results:0.5175
epoch:29; metric:emoval; train results:0.8751; eval results:0.5232
epoch:30; metric:emoval; train results:0.8827; eval results:0.5111
epoch:31; metric:emoval; train results:0.8883; eval results:0.5382
epoch:32; metric:emoval; train results:0.8952; eval results:0.5374
epoch:33; metric:emoval; train results:0.8983; eval results:0.5565
epoch:34; metric:emoval; train results:0.9056; eval results:0.5527
epoch:35; metric:emoval; train results:0.8977; eval results:0.5042
epoch:36; metric:emoval; train results:0.9121; eval results:0.5411
epoch:37; metric:emoval; train results:0.9063; eval results:0.5106
epoch:38; metric:emoval; train results:0.9092; eval results:0.5398
epoch:39; metric:emoval; train results:0.9157; eval results:0.5478
epoch:40; metric:emoval; train results:0.9071; eval results:0.5306
epoch:41; metric:emoval; train results:0.9119; eval results:0.5457
epoch:42; metric:emoval; train results:0.9094; eval results:0.5496
epoch:43; metric:emoval; train results:0.9206; eval results:0.5243
epoch:44; metric:emoval; train results:0.9183; eval results:0.5315
epoch:45; metric:emoval; train results:0.9270; eval results:0.5399
epoch:46; metric:emoval; train results:0.9292; eval results:0.5537
epoch:47; metric:emoval; train results:0.9348; eval results:0.5582
epoch:48; metric:emoval; train results:0.9290; eval results:0.5267
epoch:49; metric:emoval; train results:0.9340; eval results:0.5490
epoch:50; metric:emoval; train results:0.9334; eval results:0.5351
epoch:51; metric:emoval; train results:0.9278; eval results:0.5435
epoch:52; metric:emoval; train results:0.9323; eval results:0.5421
epoch:53; metric:emoval; train results:0.9344; eval results:0.5348
epoch:54; metric:emoval; train results:0.9325; eval results:0.5221
epoch:55; metric:emoval; train results:0.9392; eval results:0.5593
epoch:56; metric:emoval; train results:0.9393; eval results:0.5508
epoch:57; metric:emoval; train results:0.9418; eval results:0.5209
epoch:58; metric:emoval; train results:0.9385; eval results:0.5362
epoch:59; metric:emoval; train results:0.9445; eval results:0.5411
epoch:60; metric:emoval; train results:0.9495; eval results:0.5388
epoch:61; metric:emoval; train results:0.9430; eval results:0.5314
epoch:62; metric:emoval; train results:0.9448; eval results:0.5592
epoch:63; metric:emoval; train results:0.9468; eval results:0.5193
epoch:64; metric:emoval; train results:0.9416; eval results:0.5304
epoch:65; metric:emoval; train results:0.9479; eval results:0.5483
epoch:66; metric:emoval; train results:0.9516; eval results:0.5403
epoch:67; metric:emoval; train results:0.9489; eval results:0.5164
epoch:68; metric:emoval; train results:0.9447; eval results:0.5382
epoch:69; metric:emoval; train results:0.9556; eval results:0.5271
epoch:70; metric:emoval; train results:0.9486; eval results:0.5375
epoch:71; metric:emoval; train results:0.9461; eval results:0.5344
epoch:72; metric:emoval; train results:0.9536; eval results:0.5542
epoch:73; metric:emoval; train results:0.9540; eval results:0.5282
epoch:74; metric:emoval; train results:0.9550; eval results:0.5498
epoch:75; metric:emoval; train results:0.9535; eval results:0.5430
epoch:76; metric:emoval; train results:0.9559; eval results:0.5490
epoch:77; metric:emoval; train results:0.9570; eval results:0.5401
epoch:78; metric:emoval; train results:0.9545; eval results:0.5239
epoch:79; metric:emoval; train results:0.9565; eval results:0.5225
epoch:80; metric:emoval; train results:0.9609; eval results:0.5367
epoch:81; metric:emoval; train results:0.9550; eval results:0.5290
epoch:82; metric:emoval; train results:0.9600; eval results:0.5324
epoch:83; metric:emoval; train results:0.9527; eval results:0.5072
epoch:84; metric:emoval; train results:0.9580; eval results:0.5313
epoch:85; metric:emoval; train results:0.9635; eval results:0.5459
epoch:86; metric:emoval; train results:0.9589; eval results:0.5306
epoch:87; metric:emoval; train results:0.9545; eval results:0.5291
epoch:88; metric:emoval; train results:0.9604; eval results:0.5111
epoch:89; metric:emoval; train results:0.9641; eval results:0.5283
epoch:90; metric:emoval; train results:0.9639; eval results:0.5301
epoch:91; metric:emoval; train results:0.9563; eval results:0.5139
epoch:92; metric:emoval; train results:0.9575; eval results:0.5272
epoch:93; metric:emoval; train results:0.9638; eval results:0.5392
epoch:94; metric:emoval; train results:0.9630; eval results:0.5358
epoch:95; metric:emoval; train results:0.9576; eval results:0.5361
epoch:96; metric:emoval; train results:0.9638; eval results:0.5358
epoch:97; metric:emoval; train results:0.9634; eval results:0.5360
epoch:98; metric:emoval; train results:0.9662; eval results:0.5342
epoch:99; metric:emoval; train results:0.9640; eval results:0.5533
epoch:100; metric:emoval; train results:0.9691; eval results:0.5452
Step3: saving and testing on the 1 folder
>>>>> Finish: training on the 1-th folder, best_index: 22, duration: 412.8065679073334 >>>>>
>>>>> Cross-validation: training on the 2 folder >>>>>
Step1: build model (each folder has its own model)
Step2: training (multiple epoches)
epoch:1; metric:emoval; train results:-0.4183; eval results:-0.1261
epoch:2; metric:emoval; train results:-0.0096; eval results:0.2304
epoch:3; metric:emoval; train results:0.2784; eval results:0.3683
epoch:4; metric:emoval; train results:0.4153; eval results:0.4370
epoch:5; metric:emoval; train results:0.4764; eval results:0.4752
epoch:6; metric:emoval; train results:0.5322; eval results:0.4924
epoch:7; metric:emoval; train results:0.5629; eval results:0.4486
epoch:8; metric:emoval; train results:0.5923; eval results:0.5137
epoch:9; metric:emoval; train results:0.6315; eval results:0.5291
epoch:10; metric:emoval; train results:0.6586; eval results:0.5075
epoch:11; metric:emoval; train results:0.6986; eval results:0.5286
epoch:12; metric:emoval; train results:0.7126; eval results:0.5226
epoch:13; metric:emoval; train results:0.7241; eval results:0.5372
epoch:14; metric:emoval; train results:0.7425; eval results:0.5350
epoch:15; metric:emoval; train results:0.7606; eval results:0.5598
epoch:16; metric:emoval; train results:0.7690; eval results:0.5547
epoch:17; metric:emoval; train results:0.7891; eval results:0.5093
epoch:18; metric:emoval; train results:0.8022; eval results:0.5196
epoch:19; metric:emoval; train results:0.8043; eval results:0.5313
epoch:20; metric:emoval; train results:0.8264; eval results:0.5336
epoch:21; metric:emoval; train results:0.8310; eval results:0.4953
epoch:22; metric:emoval; train results:0.8355; eval results:0.5347
epoch:23; metric:emoval; train results:0.8453; eval results:0.5231
epoch:24; metric:emoval; train results:0.8548; eval results:0.4802
epoch:25; metric:emoval; train results:0.8536; eval results:0.5144
epoch:26; metric:emoval; train results:0.8686; eval results:0.5432
epoch:27; metric:emoval; train results:0.8683; eval results:0.5405
epoch:28; metric:emoval; train results:0.8703; eval results:0.4949
epoch:29; metric:emoval; train results:0.8827; eval results:0.4848
epoch:30; metric:emoval; train results:0.8847; eval results:0.5286
epoch:31; metric:emoval; train results:0.8872; eval results:0.5219
epoch:32; metric:emoval; train results:0.8930; eval results:0.5373
epoch:33; metric:emoval; train results:0.9013; eval results:0.5482
epoch:34; metric:emoval; train results:0.8968; eval results:0.5053
epoch:35; metric:emoval; train results:0.9032; eval results:0.5259
epoch:36; metric:emoval; train results:0.9018; eval results:0.5280
epoch:37; metric:emoval; train results:0.8975; eval results:0.5006
epoch:38; metric:emoval; train results:0.9054; eval results:0.5228
epoch:39; metric:emoval; train results:0.9158; eval results:0.5292
epoch:40; metric:emoval; train results:0.9212; eval results:0.5155
epoch:41; metric:emoval; train results:0.9234; eval results:0.5365
epoch:42; metric:emoval; train results:0.9208; eval results:0.5165
epoch:43; metric:emoval; train results:0.9225; eval results:0.5247
epoch:44; metric:emoval; train results:0.9230; eval results:0.5195
epoch:45; metric:emoval; train results:0.9348; eval results:0.5224
epoch:46; metric:emoval; train results:0.9246; eval results:0.4884
epoch:47; metric:emoval; train results:0.9200; eval results:0.5113
epoch:48; metric:emoval; train results:0.9262; eval results:0.5036
epoch:49; metric:emoval; train results:0.9322; eval results:0.5157
epoch:50; metric:emoval; train results:0.9344; eval results:0.5323
epoch:51; metric:emoval; train results:0.9349; eval results:0.5008
epoch:52; metric:emoval; train results:0.9392; eval results:0.5187
epoch:53; metric:emoval; train results:0.9368; eval results:0.5260
epoch:54; metric:emoval; train results:0.9301; eval results:0.5250
epoch:55; metric:emoval; train results:0.9369; eval results:0.5435
epoch:56; metric:emoval; train results:0.9416; eval results:0.5126
epoch:57; metric:emoval; train results:0.9406; eval results:0.5293
epoch:58; metric:emoval; train results:0.9444; eval results:0.5063
epoch:59; metric:emoval; train results:0.9470; eval results:0.5233
epoch:60; metric:emoval; train results:0.9433; eval results:0.5457
epoch:61; metric:emoval; train results:0.9393; eval results:0.5452
epoch:62; metric:emoval; train results:0.9428; eval results:0.5242
epoch:63; metric:emoval; train results:0.9459; eval results:0.5367
epoch:64; metric:emoval; train results:0.9481; eval results:0.5098
epoch:65; metric:emoval; train results:0.9483; eval results:0.5049
epoch:66; metric:emoval; train results:0.9458; eval results:0.5328
epoch:67; metric:emoval; train results:0.9510; eval results:0.5169
epoch:68; metric:emoval; train results:0.9536; eval results:0.5304
epoch:69; metric:emoval; train results:0.9474; eval results:0.5192
epoch:70; metric:emoval; train results:0.9513; eval results:0.5212
epoch:71; metric:emoval; train results:0.9518; eval results:0.5093
epoch:72; metric:emoval; train results:0.9496; eval results:0.4965
epoch:73; metric:emoval; train results:0.9464; eval results:0.4653
epoch:74; metric:emoval; train results:0.9526; eval results:0.4955
epoch:75; metric:emoval; train results:0.9523; eval results:0.5300
epoch:76; metric:emoval; train results:0.9491; eval results:0.5240
epoch:77; metric:emoval; train results:0.9570; eval results:0.5192
epoch:78; metric:emoval; train results:0.9580; eval results:0.5255
epoch:79; metric:emoval; train results:0.9571; eval results:0.5242
epoch:80; metric:emoval; train results:0.9540; eval results:0.5144
epoch:81; metric:emoval; train results:0.9649; eval results:0.5353
epoch:82; metric:emoval; train results:0.9553; eval results:0.5058
epoch:83; metric:emoval; train results:0.9564; eval results:0.5162
epoch:84; metric:emoval; train results:0.9607; eval results:0.5256
epoch:85; metric:emoval; train results:0.9583; eval results:0.4939
epoch:86; metric:emoval; train results:0.9585; eval results:0.5111
epoch:87; metric:emoval; train results:0.9609; eval results:0.5213
epoch:88; metric:emoval; train results:0.9563; eval results:0.5210
epoch:89; metric:emoval; train results:0.9615; eval results:0.4913
epoch:90; metric:emoval; train results:0.9584; eval results:0.5128
epoch:91; metric:emoval; train results:0.9649; eval results:0.5239
epoch:92; metric:emoval; train results:0.9636; eval results:0.5234
epoch:93; metric:emoval; train results:0.9633; eval results:0.5040
epoch:94; metric:emoval; train results:0.9647; eval results:0.5325
epoch:95; metric:emoval; train results:0.9662; eval results:0.4985
epoch:96; metric:emoval; train results:0.9645; eval results:0.5279
epoch:97; metric:emoval; train results:0.9619; eval results:0.5185
epoch:98; metric:emoval; train results:0.9610; eval results:0.5007
epoch:99; metric:emoval; train results:0.9650; eval results:0.5211
epoch:100; metric:emoval; train results:0.9652; eval results:0.4794
Step3: saving and testing on the 2 folder
>>>>> Finish: training on the 2-th folder, best_index: 14, duration: 303.9807505607605 >>>>>
>>>>> Cross-validation: training on the 3 folder >>>>>
Step1: build model (each folder has its own model)
Step2: training (multiple epoches)
epoch:1; metric:emoval; train results:-0.3753; eval results:-0.1124
epoch:2; metric:emoval; train results:0.0075; eval results:0.1297
epoch:3; metric:emoval; train results:0.2830; eval results:0.3149
epoch:4; metric:emoval; train results:0.4285; eval results:0.4159
epoch:5; metric:emoval; train results:0.4978; eval results:0.4505
epoch:6; metric:emoval; train results:0.5473; eval results:0.4257
epoch:7; metric:emoval; train results:0.5769; eval results:0.4858
epoch:8; metric:emoval; train results:0.6129; eval results:0.4448
epoch:9; metric:emoval; train results:0.6384; eval results:0.4463
epoch:10; metric:emoval; train results:0.6681; eval results:0.5085
epoch:11; metric:emoval; train results:0.6900; eval results:0.5175
epoch:12; metric:emoval; train results:0.7105; eval results:0.4877
epoch:13; metric:emoval; train results:0.7261; eval results:0.5061
epoch:14; metric:emoval; train results:0.7637; eval results:0.5206
epoch:15; metric:emoval; train results:0.7748; eval results:0.5051
epoch:16; metric:emoval; train results:0.7687; eval results:0.5037
epoch:17; metric:emoval; train results:0.7993; eval results:0.4884
epoch:18; metric:emoval; train results:0.7910; eval results:0.5161
epoch:19; metric:emoval; train results:0.8137; eval results:0.4880
epoch:20; metric:emoval; train results:0.8274; eval results:0.5170
epoch:21; metric:emoval; train results:0.8229; eval results:0.5215
epoch:22; metric:emoval; train results:0.8340; eval results:0.4861
epoch:23; metric:emoval; train results:0.8524; eval results:0.5357
epoch:24; metric:emoval; train results:0.8487; eval results:0.5089
epoch:25; metric:emoval; train results:0.8631; eval results:0.4884
epoch:26; metric:emoval; train results:0.8759; eval results:0.5212
epoch:27; metric:emoval; train results:0.8884; eval results:0.5159
epoch:28; metric:emoval; train results:0.8772; eval results:0.5286
epoch:29; metric:emoval; train results:0.8844; eval results:0.5116
epoch:30; metric:emoval; train results:0.8849; eval results:0.5296
epoch:31; metric:emoval; train results:0.8992; eval results:0.4999
epoch:32; metric:emoval; train results:0.8999; eval results:0.4848
epoch:33; metric:emoval; train results:0.8988; eval results:0.4582
epoch:34; metric:emoval; train results:0.8906; eval results:0.5283
epoch:35; metric:emoval; train results:0.9074; eval results:0.5350
epoch:36; metric:emoval; train results:0.9114; eval results:0.5366
epoch:37; metric:emoval; train results:0.9106; eval results:0.5257
epoch:38; metric:emoval; train results:0.9094; eval results:0.5083
epoch:39; metric:emoval; train results:0.9126; eval results:0.5075
epoch:40; metric:emoval; train results:0.9198; eval results:0.5260
epoch:41; metric:emoval; train results:0.9255; eval results:0.5086
epoch:42; metric:emoval; train results:0.9227; eval results:0.5328
epoch:43; metric:emoval; train results:0.9211; eval results:0.5120
epoch:44; metric:emoval; train results:0.9240; eval results:0.5142
epoch:45; metric:emoval; train results:0.9312; eval results:0.4745
epoch:46; metric:emoval; train results:0.9354; eval results:0.5071
epoch:47; metric:emoval; train results:0.9279; eval results:0.4922
epoch:48; metric:emoval; train results:0.9307; eval results:0.5378
epoch:49; metric:emoval; train results:0.9335; eval results:0.4956
epoch:50; metric:emoval; train results:0.9418; eval results:0.4897
epoch:51; metric:emoval; train results:0.9356; eval results:0.5125
epoch:52; metric:emoval; train results:0.9382; eval results:0.4604
epoch:53; metric:emoval; train results:0.9396; eval results:0.5441
epoch:54; metric:emoval; train results:0.9363; eval results:0.5274
epoch:55; metric:emoval; train results:0.9405; eval results:0.5344
epoch:56; metric:emoval; train results:0.9386; eval results:0.5175
epoch:57; metric:emoval; train results:0.9398; eval results:0.4999
epoch:58; metric:emoval; train results:0.9406; eval results:0.4876
epoch:59; metric:emoval; train results:0.9503; eval results:0.5174
epoch:60; metric:emoval; train results:0.9486; eval results:0.4888
epoch:61; metric:emoval; train results:0.9467; eval results:0.4672
epoch:62; metric:emoval; train results:0.9418; eval results:0.5387
epoch:63; metric:emoval; train results:0.9504; eval results:0.5159
epoch:64; metric:emoval; train results:0.9507; eval results:0.5114
epoch:65; metric:emoval; train results:0.9470; eval results:0.5170
epoch:66; metric:emoval; train results:0.9483; eval results:0.5152
epoch:67; metric:emoval; train results:0.9534; eval results:0.5096
epoch:68; metric:emoval; train results:0.9492; eval results:0.5164
epoch:69; metric:emoval; train results:0.9544; eval results:0.5239
epoch:70; metric:emoval; train results:0.9533; eval results:0.5164
epoch:71; metric:emoval; train results:0.9557; eval results:0.5102
epoch:72; metric:emoval; train results:0.9557; eval results:0.5187
epoch:73; metric:emoval; train results:0.9493; eval results:0.5081
epoch:74; metric:emoval; train results:0.9541; eval results:0.4887
epoch:75; metric:emoval; train results:0.9562; eval results:0.5068
epoch:76; metric:emoval; train results:0.9545; eval results:0.4911
epoch:77; metric:emoval; train results:0.9614; eval results:0.5110
epoch:78; metric:emoval; train results:0.9576; eval results:0.5198
epoch:79; metric:emoval; train results:0.9548; eval results:0.4994
epoch:80; metric:emoval; train results:0.9568; eval results:0.5127
epoch:81; metric:emoval; train results:0.9600; eval results:0.5118
epoch:82; metric:emoval; train results:0.9540; eval results:0.5130
epoch:83; metric:emoval; train results:0.9584; eval results:0.5139
epoch:84; metric:emoval; train results:0.9601; eval results:0.5045
epoch:85; metric:emoval; train results:0.9607; eval results:0.5103
epoch:86; metric:emoval; train results:0.9586; eval results:0.5071
epoch:87; metric:emoval; train results:0.9602; eval results:0.5108
epoch:88; metric:emoval; train results:0.9621; eval results:0.5147
epoch:89; metric:emoval; train results:0.9619; eval results:0.5104
epoch:90; metric:emoval; train results:0.9642; eval results:0.4943
epoch:91; metric:emoval; train results:0.9632; eval results:0.4922
epoch:92; metric:emoval; train results:0.9651; eval results:0.4880
epoch:93; metric:emoval; train results:0.9657; eval results:0.5080
epoch:94; metric:emoval; train results:0.9665; eval results:0.5008
epoch:95; metric:emoval; train results:0.9610; eval results:0.4794
epoch:96; metric:emoval; train results:0.9644; eval results:0.5032
epoch:97; metric:emoval; train results:0.9680; eval results:0.4983
epoch:98; metric:emoval; train results:0.9660; eval results:0.5156
epoch:99; metric:emoval; train results:0.9658; eval results:0.5210
epoch:100; metric:emoval; train results:0.9681; eval results:0.5278
Step3: saving and testing on the 3 folder
>>>>> Finish: training on the 3-th folder, best_index: 52, duration: 320.11475920677185 >>>>>
>>>>> Cross-validation: training on the 4 folder >>>>>
Step1: build model (each folder has its own model)
Step2: training (multiple epoches)
epoch:1; metric:emoval; train results:-0.4501; eval results:-0.2735
epoch:2; metric:emoval; train results:-0.0372; eval results:0.2717
epoch:3; metric:emoval; train results:0.2749; eval results:0.4269
epoch:4; metric:emoval; train results:0.4188; eval results:0.4900
epoch:5; metric:emoval; train results:0.4767; eval results:0.5100
epoch:6; metric:emoval; train results:0.5347; eval results:0.5333
epoch:7; metric:emoval; train results:0.5655; eval results:0.5426
epoch:8; metric:emoval; train results:0.6077; eval results:0.5513
epoch:9; metric:emoval; train results:0.6491; eval results:0.5339
epoch:10; metric:emoval; train results:0.6638; eval results:0.5466
epoch:11; metric:emoval; train results:0.6964; eval results:0.5590
epoch:12; metric:emoval; train results:0.7079; eval results:0.5558
epoch:13; metric:emoval; train results:0.7278; eval results:0.5515
epoch:14; metric:emoval; train results:0.7481; eval results:0.5244
epoch:15; metric:emoval; train results:0.7668; eval results:0.5483
epoch:16; metric:emoval; train results:0.7829; eval results:0.5634
epoch:17; metric:emoval; train results:0.7722; eval results:0.5719
epoch:18; metric:emoval; train results:0.8045; eval results:0.5691
epoch:19; metric:emoval; train results:0.8127; eval results:0.5755
epoch:20; metric:emoval; train results:0.8313; eval results:0.5500
epoch:21; metric:emoval; train results:0.8321; eval results:0.5302
epoch:22; metric:emoval; train results:0.8380; eval results:0.5755
epoch:23; metric:emoval; train results:0.8512; eval results:0.5768
epoch:24; metric:emoval; train results:0.8463; eval results:0.5107
epoch:25; metric:emoval; train results:0.8555; eval results:0.5503
epoch:26; metric:emoval; train results:0.8697; eval results:0.5535
epoch:27; metric:emoval; train results:0.8735; eval results:0.5132
epoch:28; metric:emoval; train results:0.8783; eval results:0.5270
epoch:29; metric:emoval; train results:0.8828; eval results:0.5444
epoch:30; metric:emoval; train results:0.8936; eval results:0.5430
epoch:31; metric:emoval; train results:0.8902; eval results:0.5636
epoch:32; metric:emoval; train results:0.8998; eval results:0.5307
epoch:33; metric:emoval; train results:0.8963; eval results:0.5510
epoch:34; metric:emoval; train results:0.8945; eval results:0.5422
epoch:35; metric:emoval; train results:0.8972; eval results:0.5662
epoch:36; metric:emoval; train results:0.9037; eval results:0.5224
epoch:37; metric:emoval; train results:0.9112; eval results:0.5421
epoch:38; metric:emoval; train results:0.9122; eval results:0.5610
epoch:39; metric:emoval; train results:0.9088; eval results:0.5329
epoch:40; metric:emoval; train results:0.9101; eval results:0.5413
epoch:41; metric:emoval; train results:0.9157; eval results:0.5482
epoch:42; metric:emoval; train results:0.9168; eval results:0.5306
epoch:43; metric:emoval; train results:0.9208; eval results:0.5438
epoch:44; metric:emoval; train results:0.9209; eval results:0.5449
epoch:45; metric:emoval; train results:0.9271; eval results:0.5562
epoch:46; metric:emoval; train results:0.9284; eval results:0.5275
epoch:47; metric:emoval; train results:0.9253; eval results:0.5544
epoch:48; metric:emoval; train results:0.9241; eval results:0.5281
epoch:49; metric:emoval; train results:0.9287; eval results:0.5341
epoch:50; metric:emoval; train results:0.9383; eval results:0.5249
epoch:51; metric:emoval; train results:0.9345; eval results:0.5580
epoch:52; metric:emoval; train results:0.9346; eval results:0.5523
epoch:53; metric:emoval; train results:0.9381; eval results:0.5498
epoch:54; metric:emoval; train results:0.9357; eval results:0.5444
epoch:55; metric:emoval; train results:0.9368; eval results:0.5404
epoch:56; metric:emoval; train results:0.9378; eval results:0.5500
epoch:57; metric:emoval; train results:0.9406; eval results:0.5536
epoch:58; metric:emoval; train results:0.9394; eval results:0.5534
epoch:59; metric:emoval; train results:0.9482; eval results:0.5458
epoch:60; metric:emoval; train results:0.9429; eval results:0.5313
epoch:61; metric:emoval; train results:0.9440; eval results:0.5223
epoch:62; metric:emoval; train results:0.9479; eval results:0.5474
epoch:63; metric:emoval; train results:0.9448; eval results:0.5382
epoch:64; metric:emoval; train results:0.9445; eval results:0.5474
epoch:65; metric:emoval; train results:0.9439; eval results:0.5299
epoch:66; metric:emoval; train results:0.9467; eval results:0.5264
epoch:67; metric:emoval; train results:0.9475; eval results:0.5231
epoch:68; metric:emoval; train results:0.9477; eval results:0.5479
epoch:69; metric:emoval; train results:0.9466; eval results:0.5084
epoch:70; metric:emoval; train results:0.9512; eval results:0.5191
epoch:71; metric:emoval; train results:0.9536; eval results:0.5461
epoch:72; metric:emoval; train results:0.9530; eval results:0.5394
epoch:73; metric:emoval; train results:0.9486; eval results:0.5458
epoch:74; metric:emoval; train results:0.9565; eval results:0.5134
epoch:75; metric:emoval; train results:0.9514; eval results:0.5465
epoch:76; metric:emoval; train results:0.9538; eval results:0.5485
epoch:77; metric:emoval; train results:0.9523; eval results:0.5437
epoch:78; metric:emoval; train results:0.9577; eval results:0.5443
epoch:79; metric:emoval; train results:0.9581; eval results:0.5479
epoch:80; metric:emoval; train results:0.9567; eval results:0.5549
epoch:81; metric:emoval; train results:0.9575; eval results:0.5436
epoch:82; metric:emoval; train results:0.9606; eval results:0.5411
epoch:83; metric:emoval; train results:0.9602; eval results:0.5261
epoch:84; metric:emoval; train results:0.9569; eval results:0.5272
epoch:85; metric:emoval; train results:0.9612; eval results:0.5402
epoch:86; metric:emoval; train results:0.9598; eval results:0.5512
epoch:87; metric:emoval; train results:0.9611; eval results:0.5364
epoch:88; metric:emoval; train results:0.9611; eval results:0.5573
epoch:89; metric:emoval; train results:0.9582; eval results:0.5520
epoch:90; metric:emoval; train results:0.9596; eval results:0.5419
epoch:91; metric:emoval; train results:0.9621; eval results:0.5534
epoch:92; metric:emoval; train results:0.9615; eval results:0.5452
epoch:93; metric:emoval; train results:0.9605; eval results:0.5283
epoch:94; metric:emoval; train results:0.9633; eval results:0.5612
epoch:95; metric:emoval; train results:0.9624; eval results:0.5489
epoch:96; metric:emoval; train results:0.9650; eval results:0.5582
epoch:97; metric:emoval; train results:0.9664; eval results:0.5450
epoch:98; metric:emoval; train results:0.9646; eval results:0.5333
epoch:99; metric:emoval; train results:0.9627; eval results:0.5532
epoch:100; metric:emoval; train results:0.9649; eval results:0.5663
Step3: saving and testing on the 4 folder
>>>>> Finish: training on the 4-th folder, best_index: 22, duration: 302.51403284072876 >>>>>
>>>>> Cross-validation: training on the 5 folder >>>>>
Step1: build model (each folder has its own model)
Step2: training (multiple epoches)
epoch:1; metric:emoval; train results:-0.3909; eval results:-0.0660
epoch:2; metric:emoval; train results:0.0594; eval results:0.1862
epoch:3; metric:emoval; train results:0.2972; eval results:0.3198
epoch:4; metric:emoval; train results:0.4029; eval results:0.3951
epoch:5; metric:emoval; train results:0.4721; eval results:0.4462
epoch:6; metric:emoval; train results:0.5263; eval results:0.4340
epoch:7; metric:emoval; train results:0.5649; eval results:0.4713
epoch:8; metric:emoval; train results:0.6105; eval results:0.5136
epoch:9; metric:emoval; train results:0.6413; eval results:0.5152
epoch:10; metric:emoval; train results:0.6689; eval results:0.4965
epoch:11; metric:emoval; train results:0.6742; eval results:0.4768
epoch:12; metric:emoval; train results:0.7012; eval results:0.4702
epoch:13; metric:emoval; train results:0.7291; eval results:0.5196
epoch:14; metric:emoval; train results:0.7307; eval results:0.4860
epoch:15; metric:emoval; train results:0.7586; eval results:0.5185
epoch:16; metric:emoval; train results:0.7802; eval results:0.5229
epoch:17; metric:emoval; train results:0.7834; eval results:0.5248
epoch:18; metric:emoval; train results:0.7926; eval results:0.4928
epoch:19; metric:emoval; train results:0.8097; eval results:0.4948
epoch:20; metric:emoval; train results:0.8097; eval results:0.4871
epoch:21; metric:emoval; train results:0.8342; eval results:0.5091
epoch:22; metric:emoval; train results:0.8287; eval results:0.5173
epoch:23; metric:emoval; train results:0.8372; eval results:0.5233
epoch:24; metric:emoval; train results:0.8495; eval results:0.5112
epoch:25; metric:emoval; train results:0.8572; eval results:0.5166
epoch:26; metric:emoval; train results:0.8684; eval results:0.4892
epoch:27; metric:emoval; train results:0.8578; eval results:0.4612
epoch:28; metric:emoval; train results:0.8745; eval results:0.4810
epoch:29; metric:emoval; train results:0.8785; eval results:0.5099
epoch:30; metric:emoval; train results:0.8737; eval results:0.4748
epoch:31; metric:emoval; train results:0.8912; eval results:0.5156
epoch:32; metric:emoval; train results:0.8901; eval results:0.5133
epoch:33; metric:emoval; train results:0.9015; eval results:0.4884
epoch:34; metric:emoval; train results:0.8928; eval results:0.4937
epoch:35; metric:emoval; train results:0.8981; eval results:0.5150
epoch:36; metric:emoval; train results:0.8990; eval results:0.5163
epoch:37; metric:emoval; train results:0.9010; eval results:0.4987
epoch:38; metric:emoval; train results:0.9097; eval results:0.4768
epoch:39; metric:emoval; train results:0.9061; eval results:0.5038
epoch:40; metric:emoval; train results:0.9121; eval results:0.5358
epoch:41; metric:emoval; train results:0.9138; eval results:0.5362
epoch:42; metric:emoval; train results:0.9117; eval results:0.5209
epoch:43; metric:emoval; train results:0.9187; eval results:0.5237
epoch:44; metric:emoval; train results:0.9183; eval results:0.5367
epoch:45; metric:emoval; train results:0.9214; eval results:0.4673
epoch:46; metric:emoval; train results:0.9223; eval results:0.5007
epoch:47; metric:emoval; train results:0.9329; eval results:0.4938
epoch:48; metric:emoval; train results:0.9267; eval results:0.4935
epoch:49; metric:emoval; train results:0.9334; eval results:0.5201
epoch:50; metric:emoval; train results:0.9286; eval results:0.5390
epoch:51; metric:emoval; train results:0.9234; eval results:0.5085
epoch:52; metric:emoval; train results:0.9348; eval results:0.5112
epoch:53; metric:emoval; train results:0.9368; eval results:0.5159
epoch:54; metric:emoval; train results:0.9361; eval results:0.5314
epoch:55; metric:emoval; train results:0.9381; eval results:0.4898
epoch:56; metric:emoval; train results:0.9376; eval results:0.5072
epoch:57; metric:emoval; train results:0.9374; eval results:0.4829
epoch:58; metric:emoval; train results:0.9431; eval results:0.5272
epoch:59; metric:emoval; train results:0.9423; eval results:0.5116
epoch:60; metric:emoval; train results:0.9504; eval results:0.5065
epoch:61; metric:emoval; train results:0.9413; eval results:0.5250
epoch:62; metric:emoval; train results:0.9450; eval results:0.5114
epoch:63; metric:emoval; train results:0.9472; eval results:0.4930
epoch:64; metric:emoval; train results:0.9428; eval results:0.5028
epoch:65; metric:emoval; train results:0.9485; eval results:0.5024
epoch:66; metric:emoval; train results:0.9516; eval results:0.5274
epoch:67; metric:emoval; train results:0.9485; eval results:0.5034
epoch:68; metric:emoval; train results:0.9503; eval results:0.5116
epoch:69; metric:emoval; train results:0.9511; eval results:0.4998
epoch:70; metric:emoval; train results:0.9510; eval results:0.5096
epoch:71; metric:emoval; train results:0.9517; eval results:0.5136
epoch:72; metric:emoval; train results:0.9551; eval results:0.5056
epoch:73; metric:emoval; train results:0.9559; eval results:0.5077
epoch:74; metric:emoval; train results:0.9560; eval results:0.5188
epoch:75; metric:emoval; train results:0.9500; eval results:0.5038
epoch:76; metric:emoval; train results:0.9487; eval results:0.5155
epoch:77; metric:emoval; train results:0.9589; eval results:0.5324
epoch:78; metric:emoval; train results:0.9514; eval results:0.4900
epoch:79; metric:emoval; train results:0.9561; eval results:0.4921
epoch:80; metric:emoval; train results:0.9592; eval results:0.5030
epoch:81; metric:emoval; train results:0.9630; eval results:0.4839
epoch:82; metric:emoval; train results:0.9598; eval results:0.5052
epoch:83; metric:emoval; train results:0.9607; eval results:0.5120
epoch:84; metric:emoval; train results:0.9634; eval results:0.5092
epoch:85; metric:emoval; train results:0.9575; eval results:0.5143
epoch:86; metric:emoval; train results:0.9620; eval results:0.5213
epoch:87; metric:emoval; train results:0.9620; eval results:0.4999
epoch:88; metric:emoval; train results:0.9590; eval results:0.5047
epoch:89; metric:emoval; train results:0.9653; eval results:0.5059
epoch:90; metric:emoval; train results:0.9602; eval results:0.5228
epoch:91; metric:emoval; train results:0.9652; eval results:0.5088
epoch:92; metric:emoval; train results:0.9609; eval results:0.4744
epoch:93; metric:emoval; train results:0.9669; eval results:0.5009
epoch:94; metric:emoval; train results:0.9682; eval results:0.4986
epoch:95; metric:emoval; train results:0.9660; eval results:0.5218
epoch:96; metric:emoval; train results:0.9673; eval results:0.5331
epoch:97; metric:emoval; train results:0.9633; eval results:0.5089
epoch:98; metric:emoval; train results:0.9636; eval results:0.4906
epoch:99; metric:emoval; train results:0.9623; eval results:0.5072
epoch:100; metric:emoval; train results:0.9651; eval results:0.4884
Step3: saving and testing on the 5 folder
>>>>> Finish: training on the 5-th folder, best_index: 49, duration: 305.3038332462311 >>>>>
====== Prediction and Saving =======
save results in ./saved_grid_repeat/cand02_hd128_do0.4_lr0.0001/rep01-trimodal/result/cv_features:Baichuan-13B-Base-UTT+chinese-hubert-large-UTT+clip-vit-large-patch14-UTT_dataset:MER2023_model:attention+utt+None_f1:0.7521_acc:0.7513_val:0.7810_1771814050.7561011.npz
save results in ./saved_grid_repeat/cand02_hd128_do0.4_lr0.0001/rep01-trimodal/result/test1_features:Baichuan-13B-Base-UTT+chinese-hubert-large-UTT+clip-vit-large-patch14-UTT_dataset:MER2023_model:attention+utt+None_f1:0.8281_acc:0.8273_val:0.7162_1771814050.7561011.npz
save results in ./saved_grid_repeat/cand02_hd128_do0.4_lr0.0001/rep01-trimodal/result/test2_features:Baichuan-13B-Base-UTT+chinese-hubert-large-UTT+clip-vit-large-patch14-UTT_dataset:MER2023_model:attention+utt+None_f1:0.7534_acc:0.7524_val:0.7256_1771814050.7561011.npz
save results in ./saved_grid_repeat/cand02_hd128_do0.4_lr0.0001/rep01-trimodal/result/test3_features:Baichuan-13B-Base-UTT+chinese-hubert-large-UTT+clip-vit-large-patch14-UTT_dataset:MER2023_model:attention+utt+None_f1:0.8609_acc:0.8597_val:81.4778_1771814050.7561011.npz
